{"ts":"2026-03-17 11:53:30","event":"mod","file":"/home/aa/work/mumps.io/MIO/templates/pages/mioui_auth_forms.html"}
{"ts":"2026-03-17 11:53:37","event":"add","file":"/home/aa/work/mumps.io/MIO/templates/partials/mioui_auth_workspace_invitation.html"}
{"ts":"2026-03-17 11:53:37","event":"add","file":"/home/aa/work/mumps.io/MIO/templates/partials/mioui_consent_approval_form.html"}
{"ts":"2026-03-17 11:53:37","event":"add","file":"/home/aa/work/mumps.io/MIO/templates/partials/mioui_progressive_disclosure_form.html"}
{"ts":"2026-03-17 11:53:40","event":"mod","file":"/home/aa/work/mumps.io/MIO/templates/partials/mioui_auth_mfa_challenge.html"}
{"ts":"2026-03-17 11:53:40","event":"mod","file":"/home/aa/work/mumps.io/MIO/templates/partials/mioui_auth_reset_password.html"}
{"ts":"2026-03-17 11:53:40","event":"mod","file":"/home/aa/work/mumps.io/MIO/templates/partials/mioui_auth_signup_card.html"}
{"ts":"2026-03-17 11:53:40","event":"mod","file":"/home/aa/work/mumps.io/MIO/templates/partials/mioui_auth_split_shell.html"}
{"ts":"2026-03-17 11:53:41","event":"mod","file":"/home/aa/work/mumps.io/MIO/templates/partials/mioui_inline_validation_summary.html"}
{"ts":"2026-03-17 11:53:41","event":"mod","file":"/home/aa/work/mumps.io/MIO/templates/partials/mioui_multi_step_onboarding_form.html"}
{"ts":"2026-03-17 11:53:42","event":"mod","file":"/home/aa/work/mumps.io/MIO/templates/partials/mioui_advanced_filter_form_panel.html"}
{"ts":"2026-03-17 11:53:42","event":"mod","file":"/home/aa/work/mumps.io/MIO/templates/partials/mioui_auth_forgot_password.html"}
{"ts":"2026-03-17 11:53:42","event":"mod","file":"/home/aa/work/mumps.io/MIO/templates/partials/mioui_profile_registration_form.html"}
{"ts":"2026-03-17 11:53:43","event":"mod","file":"/home/aa/work/mumps.io/MIO/templates/partials/mioui_auth_login_card.html"}
{"ts":"2026-03-17 12:17:15","event":"mod","file":"/home/aa/work/mumps.io/MIO/templates/pages/mioui_auth_forms.html"}
{"ts":"2026-03-17 12:17:30","event":"add","file":"/home/aa/work/mumps.io/MIO/templates/partials/mioui_auth_expired_invite_recovery.html"}
{"ts":"2026-03-17 12:17:30","event":"add","file":"/home/aa/work/mumps.io/MIO/templates/partials/mioui_auth_invitation_state_stack.html"}
{"ts":"2026-03-17 12:20:07","event":"add","file":"/home/aa/work/mumps.io/MIO/templates/app_index.html"}
{"ts":"2026-03-17 12:20:07","event":"add","file":"/home/aa/work/mumps.io/MIO/templates/app_layout.html"}
{"ts":"2026-03-17 12:20:07","event":"add","file":"/home/aa/work/mumps.io/MIO/templates/layout.html"}
{"ts":"2026-03-17 12:20:07","event":"add","file":"/home/aa/work/mumps.io/MIO/templates/layouts/mioui_app.html"}
{"ts":"2026-03-17 12:20:07","event":"add","file":"/home/aa/work/mumps.io/MIO/templates/layouts/plgd_layout.html"}
{"ts":"2026-03-17 12:20:07","event":"add","file":"/home/aa/work/mumps.io/MIO/templates/mio_index.html"}
{"ts":"2026-03-17 12:20:07","event":"add","file":"/home/aa/work/mumps.io/MIO/templates/mio_layout.html"}
{"ts":"2026-03-17 12:20:07","event":"add","file":"/home/aa/work/mumps.io/MIO/templates/mio_page.html"}
{"ts":"2026-03-17 12:20:07","event":"add","file":"/home/aa/work/mumps.io/MIO/templates/mio_pkg.html"}
{"ts":"2026-03-17 12:20:07","event":"add","file":"/home/aa/work/mumps.io/MIO/templates/mio_repo.html"}
{"ts":"2026-03-17 12:20:07","event":"add","file":"/home/aa/work/mumps.io/MIO/templates/page.html"}
{"ts":"2026-03-17 12:20:07","event":"add","file":"/home/aa/work/mumps.io/MIO/templates/pages/mioui_adaptive_workspaces.html"}
{"ts":"2026-03-17 12:20:07","event":"add","file":"/home/aa/work/mumps.io/MIO/templates/pages/mioui_advanced_filter_form_panel.html"}
{"ts":"2026-03-17 12:20:07","event":"add","file":"/home/aa/work/mumps.io/MIO/templates/pages/mioui_advanced_table.html"}
{"ts":"2026-03-17 12:20:07","event":"add","file":"/home/aa/work/mumps.io/MIO/templates/pages/mioui_auth_forgot_password.html"}
{"ts":"2026-03-17 12:20:07","event":"add","file":"/home/aa/work/mumps.io/MIO/templates/pages/mioui_auth_forms.html"}
{"ts":"2026-03-17 12:20:07","event":"add","file":"/home/aa/work/mumps.io/MIO/templates/pages/mioui_auth_login_card.html"}
{"ts":"2026-03-17 12:20:07","event":"add","file":"/home/aa/work/mumps.io/MIO/templates/pages/mioui_auth_mfa_challenge.html"}
{"ts":"2026-03-17 12:20:07","event":"add","file":"/home/aa/work/mumps.io/MIO/templates/pages/mioui_auth_reset_password.html"}
{"ts":"2026-03-17 12:20:07","event":"add","file":"/home/aa/work/mumps.io/MIO/templates/pages/mioui_auth_signup_card.html"}
{"ts":"2026-03-17 12:20:07","event":"add","file":"/home/aa/work/mumps.io/MIO/templates/pages/mioui_auth_split_shell.html"}
{"ts":"2026-03-17 12:20:07","event":"add","file":"/home/aa/work/mumps.io/MIO/templates/pages/mioui_billing.html"}
{"ts":"2026-03-17 12:20:07","event":"add","file":"/home/aa/work/mumps.io/MIO/templates/pages/mioui_components.html"}
{"ts":"2026-03-17 12:20:07","event":"add","file":"/home/aa/work/mumps.io/MIO/templates/pages/mioui_control_room_layouts.html"}
{"ts":"2026-03-17 12:20:07","event":"add","file":"/home/aa/work/mumps.io/MIO/templates/pages/mioui_data_layouts.html"}
{"ts":"2026-03-17 12:20:07","event":"add","file":"/home/aa/work/mumps.io/MIO/templates/pages/mioui_datagrid.html"}
{"ts":"2026-03-17 12:20:07","event":"add","file":"/home/aa/work/mumps.io/MIO/templates/pages/mioui_export.html"}
{"ts":"2026-03-17 12:20:07","event":"add","file":"/home/aa/work/mumps.io/MIO/templates/pages/mioui_forms.html"}
{"ts":"2026-03-17 12:20:07","event":"add","file":"/home/aa/work/mumps.io/MIO/templates/pages/mioui_home.html"}
{"ts":"2026-03-17 12:20:07","event":"add","file":"/home/aa/work/mumps.io/MIO/templates/pages/mioui_inline_validation_summary.html"}
{"ts":"2026-03-17 12:20:07","event":"add","file":"/home/aa/work/mumps.io/MIO/templates/pages/mioui_large_table.html"}
{"ts":"2026-03-17 12:20:07","event":"add","file":"/home/aa/work/mumps.io/MIO/templates/pages/mioui_layout_choreography.html"}
{"ts":"2026-03-17 12:20:07","event":"add","file":"/home/aa/work/mumps.io/MIO/templates/pages/mioui_layout_diversity.html"}
{"ts":"2026-03-17 12:20:07","event":"add","file":"/home/aa/work/mumps.io/MIO/templates/pages/mioui_layout_overlays.html"}
{"ts":"2026-03-17 12:20:07","event":"add","file":"/home/aa/work/mumps.io/MIO/templates/pages/mioui_layout_topologies.html"}
{"ts":"2026-03-17 12:20:07","event":"add","file":"/home/aa/work/mumps.io/MIO/templates/pages/mioui_million_table.html"}
{"ts":"2026-03-17 12:20:07","event":"add","file":"/home/aa/work/mumps.io/MIO/templates/pages/mioui_multi_monitor_layouts.html"}
{"ts":"2026-03-17 12:20:07","event":"add","file":"/home/aa/work/mumps.io/MIO/templates/pages/mioui_multi_step_onboarding_form.html"}
{"ts":"2026-03-17 12:20:07","event":"add","file":"/home/aa/work/mumps.io/MIO/templates/pages/mioui_operators.html"}
{"ts":"2026-03-17 12:20:07","event":"add","file":"/home/aa/work/mumps.io/MIO/templates/pages/mioui_premium.html"}
{"ts":"2026-03-17 12:20:07","event":"add","file":"/home/aa/work/mumps.io/MIO/templates/pages/mioui_profile_registration_form.html"}
{"ts":"2026-03-17 12:20:07","event":"add","file":"/home/aa/work/mumps.io/MIO/templates/pages/mioui_table_review_sync.html"}
{"ts":"2026-03-17 12:20:07","event":"add","file":"/home/aa/work/mumps.io/MIO/templates/pages/mioui_table_workbench.html"}
{"ts":"2026-03-17 12:20:07","event":"add","file":"/home/aa/work/mumps.io/MIO/templates/pages/mioui_tables.html"}
{"ts":"2026-03-17 12:20:07","event":"add","file":"/home/aa/work/mumps.io/MIO/templates/pages/mioui_trace.html"}
{"ts":"2026-03-17 12:20:07","event":"add","file":"/home/aa/work/mumps.io/MIO/templates/pages/mioui_workflows.html"}
{"ts":"2026-03-17 12:20:07","event":"add","file":"/home/aa/work/mumps.io/MIO/templates/pages/mioui_workspace_state.html"}
{"ts":"2026-03-17 12:20:07","event":"add","file":"/home/aa/work/mumps.io/MIO/templates/pages/plgd_about.html"}
{"ts":"2026-03-17 12:20:07","event":"add","file":"/home/aa/work/mumps.io/MIO/templates/pages/plgd_home.html"}
{"ts":"2026-03-17 12:20:07","event":"add","file":"/home/aa/work/mumps.io/MIO/templates/pages/plgd_playground.html"}
{"ts":"2026-03-17 12:20:07","event":"add","file":"/home/aa/work/mumps.io/MIO/templates/partials/mio_footer.html"}
{"ts":"2026-03-17 12:20:07","event":"add","file":"/home/aa/work/mumps.io/MIO/templates/partials/mio_nav.html"}
{"ts":"2026-03-17 12:20:07","event":"add","file":"/home/aa/work/mumps.io/MIO/templates/partials/mioui_activity_feed.html"}
{"ts":"2026-03-17 12:20:07","event":"add","file":"/home/aa/work/mumps.io/MIO/templates/partials/mioui_advanced_filter_drawer.html"}
{"ts":"2026-03-17 12:20:07","event":"add","file":"/home/aa/work/mumps.io/MIO/templates/partials/mioui_advanced_filter_form_panel.html"}
{"ts":"2026-03-17 12:20:07","event":"add","file":"/home/aa/work/mumps.io/MIO/templates/partials/mioui_alert.html"}
{"ts":"2026-03-17 12:20:07","event":"add","file":"/home/aa/work/mumps.io/MIO/templates/partials/mioui_analytics_canvas_layout.html"}
{"ts":"2026-03-17 12:20:07","event":"add","file":"/home/aa/work/mumps.io/MIO/templates/partials/mioui_annotation_state_rail.html"}
{"ts":"2026-03-17 12:20:07","event":"add","file":"/home/aa/work/mumps.io/MIO/templates/partials/mioui_artifact_group.html"}
{"ts":"2026-03-17 12:20:07","event":"add","file":"/home/aa/work/mumps.io/MIO/templates/partials/mioui_attention_hotspot_map.html"}
{"ts":"2026-03-17 12:20:07","event":"add","file":"/home/aa/work/mumps.io/MIO/templates/partials/mioui_auth_expired_invite_recovery.html"}
{"ts":"2026-03-17 12:20:07","event":"add","file":"/home/aa/work/mumps.io/MIO/templates/partials/mioui_auth_forgot_password.html"}
{"ts":"2026-03-17 12:20:07","event":"add","file":"/home/aa/work/mumps.io/MIO/templates/partials/mioui_auth_invitation_state_stack.html"}
{"ts":"2026-03-17 12:20:07","event":"add","file":"/home/aa/work/mumps.io/MIO/templates/partials/mioui_auth_login_card.html"}
{"ts":"2026-03-17 12:20:07","event":"add","file":"/home/aa/work/mumps.io/MIO/templates/partials/mioui_auth_mfa_challenge.html"}
{"ts":"2026-03-17 12:20:07","event":"add","file":"/home/aa/work/mumps.io/MIO/templates/partials/mioui_auth_reset_password.html"}
{"ts":"2026-03-17 12:20:07","event":"add","file":"/home/aa/work/mumps.io/MIO/templates/partials/mioui_auth_role_default_layouts.html"}
{"ts":"2026-03-17 12:20:07","event":"add","file":"/home/aa/work/mumps.io/MIO/templates/partials/mioui_auth_signup_card.html"}
{"ts":"2026-03-17 12:20:07","event":"add","file":"/home/aa/work/mumps.io/MIO/templates/partials/mioui_auth_split_shell.html"}
{"ts":"2026-03-17 12:20:07","event":"add","file":"/home/aa/work/mumps.io/MIO/templates/partials/mioui_auth_workspace_invitation.html"}
{"ts":"2026-03-17 12:20:07","event":"add","file":"/home/aa/work/mumps.io/MIO/templates/partials/mioui_badge.html"}
{"ts":"2026-03-17 12:20:07","event":"add","file":"/home/aa/work/mumps.io/MIO/templates/partials/mioui_board_rail_layout.html"}
{"ts":"2026-03-17 12:20:07","event":"add","file":"/home/aa/work/mumps.io/MIO/templates/partials/mioui_button.html"}
{"ts":"2026-03-17 12:20:07","event":"add","file":"/home/aa/work/mumps.io/MIO/templates/partials/mioui_capacity_heat_grid.html"}
{"ts":"2026-03-17 12:20:07","event":"add","file":"/home/aa/work/mumps.io/MIO/templates/partials/mioui_checkbox_group.html"}
{"ts":"2026-03-17 12:20:07","event":"add","file":"/home/aa/work/mumps.io/MIO/templates/partials/mioui_claim_summary_card.html"}
{"ts":"2026-03-17 12:20:07","event":"add","file":"/home/aa/work/mumps.io/MIO/templates/partials/mioui_collaboration_presence_rail.html"}
{"ts":"2026-03-17 12:20:07","event":"add","file":"/home/aa/work/mumps.io/MIO/templates/partials/mioui_collapsed_rail_toggle_strip.html"}
{"ts":"2026-03-17 12:20:07","event":"add","file":"/home/aa/work/mumps.io/MIO/templates/partials/mioui_column_chooser.html"}
{"ts":"2026-03-17 12:20:07","event":"add","file":"/home/aa/work/mumps.io/MIO/templates/partials/mioui_column_order_editor.html"}
{"ts":"2026-03-17 12:20:07","event":"add","file":"/home/aa/work/mumps.io/MIO/templates/partials/mioui_column_resize_ruler.html"}
{"ts":"2026-03-17 12:20:07","event":"add","file":"/home/aa/work/mumps.io/MIO/templates/partials/mioui_command_bar.html"}
{"ts":"2026-03-17 12:20:07","event":"add","file":"/home/aa/work/mumps.io/MIO/templates/partials/mioui_compare_rows_surface.html"}
{"ts":"2026-03-17 12:20:07","event":"add","file":"/home/aa/work/mumps.io/MIO/templates/partials/mioui_confirm_dialog.html"}
{"ts":"2026-03-17 12:20:07","event":"add","file":"/home/aa/work/mumps.io/MIO/templates/partials/mioui_consent_approval_form.html"}
{"ts":"2026-03-17 12:20:07","event":"add","file":"/home/aa/work/mumps.io/MIO/templates/partials/mioui_cross_route_workspace_map.html"}
{"ts":"2026-03-17 12:20:07","event":"add","file":"/home/aa/work/mumps.io/MIO/templates/partials/mioui_data_grid.html"}
{"ts":"2026-03-17 12:20:07","event":"add","file":"/home/aa/work/mumps.io/MIO/templates/partials/mioui_detail_card.html"}
{"ts":"2026-03-17 12:20:07","event":"add","file":"/home/aa/work/mumps.io/MIO/templates/partials/mioui_diagnostic_list.html"}
{"ts":"2026-03-17 12:20:07","event":"add","file":"/home/aa/work/mumps.io/MIO/templates/partials/mioui_diagnostic_summary.html"}
{"ts":"2026-03-17 12:20:07","event":"add","file":"/home/aa/work/mumps.io/MIO/templates/partials/mioui_document_review_theater.html"}
{"ts":"2026-03-17 12:20:07","event":"add","file":"/home/aa/work/mumps.io/MIO/templates/partials/mioui_dossier_strip_wall.html"}
{"ts":"2026-03-17 12:20:07","event":"add","file":"/home/aa/work/mumps.io/MIO/templates/partials/mioui_download_row.html"}
{"ts":"2026-03-17 12:20:07","event":"add","file":"/home/aa/work/mumps.io/MIO/templates/partials/mioui_emergency_focus_layout.html"}
{"ts":"2026-03-17 12:20:07","event":"add","file":"/home/aa/work/mumps.io/MIO/templates/partials/mioui_empty_state.html"}
{"ts":"2026-03-17 12:20:07","event":"add","file":"/home/aa/work/mumps.io/MIO/templates/partials/mioui_escalation_ring_layout.html"}
{"ts":"2026-03-17 12:20:07","event":"add","file":"/home/aa/work/mumps.io/MIO/templates/partials/mioui_evidence_wall_layout.html"}
{"ts":"2026-03-17 12:20:07","event":"add","file":"/home/aa/work/mumps.io/MIO/templates/partials/mioui_export_profile_summary.html"}
{"ts":"2026-03-17 12:20:07","event":"add","file":"/home/aa/work/mumps.io/MIO/templates/partials/mioui_facet_bar.html"}
{"ts":"2026-03-17 12:20:07","event":"add","file":"/home/aa/work/mumps.io/MIO/templates/partials/mioui_field_error.html"}
{"ts":"2026-03-17 12:20:07","event":"add","file":"/home/aa/work/mumps.io/MIO/templates/partials/mioui_field_help.html"}
{"ts":"2026-03-17 12:20:07","event":"add","file":"/home/aa/work/mumps.io/MIO/templates/partials/mioui_file_dropzone.html"}
{"ts":"2026-03-17 12:20:07","event":"add","file":"/home/aa/work/mumps.io/MIO/templates/partials/mioui_filter_bar.html"}
{"ts":"2026-03-17 12:20:07","event":"add","file":"/home/aa/work/mumps.io/MIO/templates/partials/mioui_focus_inspector_layout.html"}
{"ts":"2026-03-17 12:20:07","event":"add","file":"/home/aa/work/mumps.io/MIO/templates/partials/mioui_form.html"}
{"ts":"2026-03-17 12:20:07","event":"add","file":"/home/aa/work/mumps.io/MIO/templates/partials/mioui_grid_header_cell.html"}
{"ts":"2026-03-17 12:20:07","event":"add","file":"/home/aa/work/mumps.io/MIO/templates/partials/mioui_grid_row_meta.html"}
{"ts":"2026-03-17 12:20:07","event":"add","file":"/home/aa/work/mumps.io/MIO/templates/partials/mioui_inline_cell_notes.html"}
{"ts":"2026-03-17 12:20:07","event":"add","file":"/home/aa/work/mumps.io/MIO/templates/partials/mioui_inline_diff_card.html"}
{"ts":"2026-03-17 12:20:07","event":"add","file":"/home/aa/work/mumps.io/MIO/templates/partials/mioui_inline_validation_summary.html"}
{"ts":"2026-03-17 12:20:07","event":"add","file":"/home/aa/work/mumps.io/MIO/templates/partials/mioui_keyboard_pane_focus_map.html"}
{"ts":"2026-03-17 12:20:07","event":"add","file":"/home/aa/work/mumps.io/MIO/templates/partials/mioui_keyboard_shortcut_cheatsheet.html"}
{"ts":"2026-03-17 12:20:07","event":"add","file":"/home/aa/work/mumps.io/MIO/templates/partials/mioui_kv_list.html"}
{"ts":"2026-03-17 12:20:07","event":"add","file":"/home/aa/work/mumps.io/MIO/templates/partials/mioui_large_table.html"}
{"ts":"2026-03-17 12:20:07","event":"add","file":"/home/aa/work/mumps.io/MIO/templates/partials/mioui_large_table_column_order.html"}
{"ts":"2026-03-17 12:20:07","event":"add","file":"/home/aa/work/mumps.io/MIO/templates/partials/mioui_large_table_density_switcher.html"}
{"ts":"2026-03-17 12:20:07","event":"add","file":"/home/aa/work/mumps.io/MIO/templates/partials/mioui_large_table_filters.html"}
{"ts":"2026-03-17 12:20:07","event":"add","file":"/home/aa/work/mumps.io/MIO/templates/partials/mioui_large_table_footer_totals.html"}
{"ts":"2026-03-17 12:20:07","event":"add","file":"/home/aa/work/mumps.io/MIO/templates/partials/mioui_large_table_pagination.html"}
{"ts":"2026-03-17 12:20:07","event":"add","file":"/home/aa/work/mumps.io/MIO/templates/partials/mioui_large_table_toolbar.html"}
{"ts":"2026-03-17 12:20:07","event":"add","file":"/home/aa/work/mumps.io/MIO/templates/partials/mioui_layout_failover_strip.html"}
{"ts":"2026-03-17 12:20:07","event":"add","file":"/home/aa/work/mumps.io/MIO/templates/partials/mioui_layout_mode_switcher.html"}
{"ts":"2026-03-17 12:20:07","event":"add","file":"/home/aa/work/mumps.io/MIO/templates/partials/mioui_layout_policy_banner.html"}
{"ts":"2026-03-17 12:20:07","event":"add","file":"/home/aa/work/mumps.io/MIO/templates/partials/mioui_layout_role_preset_bar.html"}
{"ts":"2026-03-17 12:20:07","event":"add","file":"/home/aa/work/mumps.io/MIO/templates/partials/mioui_layout_transition_bar.html"}
{"ts":"2026-03-17 12:20:07","event":"add","file":"/home/aa/work/mumps.io/MIO/templates/partials/mioui_ledger_tape_layout.html"}
{"ts":"2026-03-17 12:20:07","event":"add","file":"/home/aa/work/mumps.io/MIO/templates/partials/mioui_list_group.html"}
{"ts":"2026-03-17 12:20:07","event":"add","file":"/home/aa/work/mumps.io/MIO/templates/partials/mioui_live_exception_lane.html"}
{"ts":"2026-03-17 12:20:07","event":"add","file":"/home/aa/work/mumps.io/MIO/templates/partials/mioui_map_table_context_fusion.html"}
{"ts":"2026-03-17 12:20:07","event":"add","file":"/home/aa/work/mumps.io/MIO/templates/partials/mioui_master_detail_cockpit.html"}
{"ts":"2026-03-17 12:20:07","event":"add","file":"/home/aa/work/mumps.io/MIO/templates/partials/mioui_million_table_filters.html"}
{"ts":"2026-03-17 12:20:07","event":"add","file":"/home/aa/work/mumps.io/MIO/templates/partials/mioui_million_table_pagination.html"}
{"ts":"2026-03-17 12:20:07","event":"add","file":"/home/aa/work/mumps.io/MIO/templates/partials/mioui_million_table_selected_columns.html"}
{"ts":"2026-03-17 12:20:07","event":"add","file":"/home/aa/work/mumps.io/MIO/templates/partials/mioui_million_table_surface.html"}
{"ts":"2026-03-17 12:20:07","event":"add","file":"/home/aa/work/mumps.io/MIO/templates/partials/mioui_million_table_toolbar.html"}
{"ts":"2026-03-17 12:20:07","event":"add","file":"/home/aa/work/mumps.io/MIO/templates/partials/mioui_mobile_audit_layout_variants.html"}
{"ts":"2026-03-17 12:20:07","event":"add","file":"/home/aa/work/mumps.io/MIO/templates/partials/mioui_monitor_assignment_grid.html"}
{"ts":"2026-03-17 12:20:07","event":"add","file":"/home/aa/work/mumps.io/MIO/templates/partials/mioui_multi_sort_stack.html"}
{"ts":"2026-03-17 12:20:07","event":"add","file":"/home/aa/work/mumps.io/MIO/templates/partials/mioui_multi_step_onboarding_form.html"}
{"ts":"2026-03-17 12:20:07","event":"add","file":"/home/aa/work/mumps.io/MIO/templates/partials/mioui_nested_queue_cascade.html"}
{"ts":"2026-03-17 12:20:07","event":"add","file":"/home/aa/work/mumps.io/MIO/templates/partials/mioui_onboarding_modal.html"}
{"ts":"2026-03-17 12:20:07","event":"add","file":"/home/aa/work/mumps.io/MIO/templates/partials/mioui_operator_command_center_layout.html"}
{"ts":"2026-03-17 12:20:07","event":"add","file":"/home/aa/work/mumps.io/MIO/templates/partials/mioui_operator_handshake_board.html"}
{"ts":"2026-03-17 12:20:07","event":"add","file":"/home/aa/work/mumps.io/MIO/templates/partials/mioui_overlay_density_matrix.html"}
{"ts":"2026-03-17 12:20:07","event":"add","file":"/home/aa/work/mumps.io/MIO/templates/partials/mioui_page_header.html"}
{"ts":"2026-03-17 12:20:07","event":"add","file":"/home/aa/work/mumps.io/MIO/templates/partials/mioui_panorama_comparison_deck.html"}
{"ts":"2026-03-17 12:20:07","event":"add","file":"/home/aa/work/mumps.io/MIO/templates/partials/mioui_persistent_pane_ratios.html"}
{"ts":"2026-03-17 12:20:07","event":"add","file":"/home/aa/work/mumps.io/MIO/templates/partials/mioui_profile_registration_form.html"}
{"ts":"2026-03-17 12:20:07","event":"add","file":"/home/aa/work/mumps.io/MIO/templates/partials/mioui_progressive_disclosure_form.html"}
{"ts":"2026-03-17 12:20:07","event":"add","file":"/home/aa/work/mumps.io/MIO/templates/partials/mioui_queue_board_matrix.html"}
{"ts":"2026-03-17 12:20:07","event":"add","file":"/home/aa/work/mumps.io/MIO/templates/partials/mioui_queue_burst_layout.html"}
{"ts":"2026-03-17 12:20:07","event":"add","file":"/home/aa/work/mumps.io/MIO/templates/partials/mioui_radial_dispatch_hub.html"}
{"ts":"2026-03-17 12:20:07","event":"add","file":"/home/aa/work/mumps.io/MIO/templates/partials/mioui_resolution_sweep_board.html"}
{"ts":"2026-03-17 12:20:07","event":"add","file":"/home/aa/work/mumps.io/MIO/templates/partials/mioui_responsive_dense_stack_layout.html"}
{"ts":"2026-03-17 12:20:07","event":"add","file":"/home/aa/work/mumps.io/MIO/templates/partials/mioui_right_frozen_summary.html"}
{"ts":"2026-03-17 12:20:07","event":"add","file":"/home/aa/work/mumps.io/MIO/templates/partials/mioui_route_command_footer.html"}
{"ts":"2026-03-17 12:20:07","event":"add","file":"/home/aa/work/mumps.io/MIO/templates/partials/mioui_route_pane_persistence.html"}
{"ts":"2026-03-17 12:20:07","event":"add","file":"/home/aa/work/mumps.io/MIO/templates/partials/mioui_route_snapshot_compare.html"}
{"ts":"2026-03-17 12:20:07","event":"add","file":"/home/aa/work/mumps.io/MIO/templates/partials/mioui_row_group_bands.html"}
{"ts":"2026-03-17 12:20:07","event":"add","file":"/home/aa/work/mumps.io/MIO/templates/partials/mioui_row_inspector.html"}
{"ts":"2026-03-17 12:20:07","event":"add","file":"/home/aa/work/mumps.io/MIO/templates/partials/mioui_saved_views_toolbar.html"}
{"ts":"2026-03-17 12:20:07","event":"add","file":"/home/aa/work/mumps.io/MIO/templates/partials/mioui_selection_summary.html"}
{"ts":"2026-03-17 12:20:07","event":"add","file":"/home/aa/work/mumps.io/MIO/templates/partials/mioui_service_line_table.html"}
{"ts":"2026-03-17 12:20:07","event":"add","file":"/home/aa/work/mumps.io/MIO/templates/partials/mioui_session_layout_restore.html"}
{"ts":"2026-03-17 12:20:07","event":"add","file":"/home/aa/work/mumps.io/MIO/templates/partials/mioui_shell_header.html"}
{"ts":"2026-03-17 12:20:07","event":"add","file":"/home/aa/work/mumps.io/MIO/templates/partials/mioui_shell_sidebar.html"}
{"ts":"2026-03-17 12:20:07","event":"add","file":"/home/aa/work/mumps.io/MIO/templates/partials/mioui_shell_subnav.html"}
{"ts":"2026-03-17 12:20:07","event":"add","file":"/home/aa/work/mumps.io/MIO/templates/partials/mioui_shift_briefing_ribbon.html"}
{"ts":"2026-03-17 12:20:07","event":"add","file":"/home/aa/work/mumps.io/MIO/templates/partials/mioui_shift_handoff_layout.html"}
{"ts":"2026-03-17 12:20:07","event":"add","file":"/home/aa/work/mumps.io/MIO/templates/partials/mioui_signal_triage_lattice.html"}
{"ts":"2026-03-17 12:20:07","event":"add","file":"/home/aa/work/mumps.io/MIO/templates/partials/mioui_snapshot_restore_gallery.html"}
{"ts":"2026-03-17 12:20:07","event":"add","file":"/home/aa/work/mumps.io/MIO/templates/partials/mioui_split_detail_panel.html"}
{"ts":"2026-03-17 12:20:07","event":"add","file":"/home/aa/work/mumps.io/MIO/templates/partials/mioui_split_grid_trace_sync.html"}
{"ts":"2026-03-17 12:20:07","event":"add","file":"/home/aa/work/mumps.io/MIO/templates/partials/mioui_stat_strip.html"}
{"ts":"2026-03-17 12:20:07","event":"add","file":"/home/aa/work/mumps.io/MIO/templates/partials/mioui_stepper.html"}
{"ts":"2026-03-17 12:20:07","event":"add","file":"/home/aa/work/mumps.io/MIO/templates/partials/mioui_sticky_action_footer.html"}
{"ts":"2026-03-17 12:20:07","event":"add","file":"/home/aa/work/mumps.io/MIO/templates/partials/mioui_subtotal_band.html"}
{"ts":"2026-03-17 12:20:07","event":"add","file":"/home/aa/work/mumps.io/MIO/templates/partials/mioui_supervisor_escalation_stack.html"}
{"ts":"2026-03-17 12:20:07","event":"add","file":"/home/aa/work/mumps.io/MIO/templates/partials/mioui_supervisor_overwatch_layout.html"}
{"ts":"2026-03-17 12:20:07","event":"add","file":"/home/aa/work/mumps.io/MIO/templates/partials/mioui_table.html"}
{"ts":"2026-03-17 12:20:07","event":"add","file":"/home/aa/work/mumps.io/MIO/templates/partials/mioui_table_bulk_action_drawer.html"}
{"ts":"2026-03-17 12:20:07","event":"add","file":"/home/aa/work/mumps.io/MIO/templates/partials/mioui_table_bulkbar.html"}
{"ts":"2026-03-17 12:20:07","event":"add","file":"/home/aa/work/mumps.io/MIO/templates/partials/mioui_table_export_current_view.html"}
{"ts":"2026-03-17 12:20:07","event":"add","file":"/home/aa/work/mumps.io/MIO/templates/partials/mioui_table_filters.html"}
{"ts":"2026-03-17 12:20:07","event":"add","file":"/home/aa/work/mumps.io/MIO/templates/partials/mioui_table_insights.html"}
{"ts":"2026-03-17 12:20:07","event":"add","file":"/home/aa/work/mumps.io/MIO/templates/partials/mioui_table_metric_bar.html"}
{"ts":"2026-03-17 12:20:07","event":"add","file":"/home/aa/work/mumps.io/MIO/templates/partials/mioui_table_pager.html"}
{"ts":"2026-03-17 12:20:07","event":"add","file":"/home/aa/work/mumps.io/MIO/templates/partials/mioui_table_query_builder.html"}
{"ts":"2026-03-17 12:20:07","event":"add","file":"/home/aa/work/mumps.io/MIO/templates/partials/mioui_table_saved_view_manager.html"}
{"ts":"2026-03-17 12:20:07","event":"add","file":"/home/aa/work/mumps.io/MIO/templates/partials/mioui_table_toolbar.html"}
{"ts":"2026-03-17 12:20:07","event":"add","file":"/home/aa/work/mumps.io/MIO/templates/partials/mioui_tabs.html"}
{"ts":"2026-03-17 12:20:07","event":"add","file":"/home/aa/work/mumps.io/MIO/templates/partials/mioui_timeline.html"}
{"ts":"2026-03-17 12:20:07","event":"add","file":"/home/aa/work/mumps.io/MIO/templates/partials/mioui_timeline_corridor_layout.html"}
{"ts":"2026-03-17 12:20:07","event":"add","file":"/home/aa/work/mumps.io/MIO/templates/partials/mioui_toast_inline.html"}
{"ts":"2026-03-17 12:20:07","event":"add","file":"/home/aa/work/mumps.io/MIO/templates/partials/mioui_trace_summary.html"}
{"ts":"2026-03-17 12:20:07","event":"add","file":"/home/aa/work/mumps.io/MIO/templates/partials/mioui_trace_table.html"}
{"ts":"2026-03-17 12:20:07","event":"add","file":"/home/aa/work/mumps.io/MIO/templates/partials/mioui_transition_sequence_panel.html"}
{"ts":"2026-03-17 12:20:07","event":"add","file":"/home/aa/work/mumps.io/MIO/templates/partials/mioui_tri_split_queue_layout.html"}
{"ts":"2026-03-17 12:20:07","event":"add","file":"/home/aa/work/mumps.io/MIO/templates/partials/mioui_validation_summary.html"}
{"ts":"2026-03-17 12:20:07","event":"add","file":"/home/aa/work/mumps.io/MIO/templates/partials/mioui_virtual_window_navigator.html"}
{"ts":"2026-03-17 12:20:07","event":"add","file":"/home/aa/work/mumps.io/MIO/templates/partials/mioui_width_preset_pack.html"}
{"ts":"2026-03-17 12:20:07","event":"add","file":"/home/aa/work/mumps.io/MIO/templates/partials/mioui_workspace_dock_matrix.html"}
{"ts":"2026-03-17 12:20:07","event":"add","file":"/home/aa/work/mumps.io/MIO/templates/partials/mioui_workspace_state_footer.html"}
{"ts":"2026-03-17 12:20:07","event":"add","file":"/home/aa/work/mumps.io/MIO/templates/partials/ui_badge.html"}
{"ts":"2026-03-17 12:20:07","event":"add","file":"/home/aa/work/mumps.io/MIO/templates/partials/ui_footer.html"}
{"ts":"2026-03-17 12:20:07","event":"add","file":"/home/aa/work/mumps.io/MIO/templates/partials/ui_hero.html"}
{"ts":"2026-03-17 12:20:07","event":"add","file":"/home/aa/work/mumps.io/MIO/templates/partials/ui_nav.html"}
{"ts":"2026-03-17 12:20:07","event":"add","file":"/home/aa/work/mumps.io/MIO/templates/partials/ui_tpl_card_grid.html"}
{"ts":"2026-03-17 12:20:07","event":"add","file":"/home/aa/work/mumps.io/MIO/templates/partials/ui_tpl_card_list.html"}
{"ts":"2026-03-17 12:31:11","event":"mod","file":"/home/aa/work/mumps.io/MIO/templates/pages/mioui_auth_forms.html"}
{"ts":"2026-03-17 12:31:19","event":"add","file":"/home/aa/work/mumps.io/MIO/templates/partials/mioui_account_recovery_variant_stack.html"}
{"ts":"2026-03-17 12:31:19","event":"add","file":"/home/aa/work/mumps.io/MIO/templates/partials/mioui_trusted_device_message_panel.html"}
{"ts":"2026-03-17 12:54:46","event":"mod","file":"/home/aa/work/mumps.io/MIO/templates/pages/mioui_auth_forms.html"}
{"ts":"2026-03-17 12:54:54","event":"add","file":"/home/aa/work/mumps.io/MIO/templates/partials/mioui_access_review_approval_stack.html"}
{"ts":"2026-03-17 12:54:54","event":"add","file":"/home/aa/work/mumps.io/MIO/templates/partials/mioui_admin_preference_matrix_form.html"}
