{"ts":"2026-03-30 09:33:22","event":"mod","file":"/home/aa/work/mumps.io/templates/pages/miomos_desktop.html"}
{"ts":"2026-03-30 11:26:39","event":"add","file":"/home/aa/work/mumps.io/templates/pages/mioos_desktop.html"}
{"ts":"2026-03-30 11:27:10","event":"add","file":"/home/aa/work/mumps.io/templates/layouts/mioos_shell.html"}
{"ts":"2026-03-30 11:28:02","event":"mod","file":"/home/aa/work/mumps.io/templates/layouts/mioos_shell.html"}
{"ts":"2026-03-30 11:28:21","event":"mod","file":"/home/aa/work/mumps.io/templates/layouts/mioos_shell.html"}
{"ts":"2026-03-30 11:28:35","event":"mod","file":"/home/aa/work/mumps.io/templates/layouts/mioos_shell.html"}
{"ts":"2026-03-30 11:28:39","event":"mod","file":"/home/aa/work/mumps.io/templates/layouts/mioos_shell.html"}
{"ts":"2026-03-30 11:28:40","event":"mod","file":"/home/aa/work/mumps.io/templates/layouts/mioos_shell.html"}
{"ts":"2026-03-30 11:28:47","event":"mod","file":"/home/aa/work/mumps.io/templates/layouts/mioos_shell.html"}
{"ts":"2026-03-30 11:29:08","event":"mod","file":"/home/aa/work/mumps.io/templates/layouts/mioos_shell.html"}
{"ts":"2026-03-30 11:33:06","event":"mod","file":"/home/aa/work/mumps.io/templates/layouts/mioos_shell.html"}
{"ts":"2026-03-30 11:33:10","event":"mod","file":"/home/aa/work/mumps.io/templates/layouts/mioos_shell.html"}
{"ts":"2026-03-30 11:33:14","event":"mod","file":"/home/aa/work/mumps.io/templates/layouts/mioos_shell.html"}
{"ts":"2026-03-30 11:33:25","event":"mod","file":"/home/aa/work/mumps.io/templates/layouts/mioos_shell.html"}
{"ts":"2026-03-30 11:33:29","event":"mod","file":"/home/aa/work/mumps.io/templates/layouts/mioos_shell.html"}
{"ts":"2026-03-30 11:33:31","event":"mod","file":"/home/aa/work/mumps.io/templates/layouts/mioos_shell.html"}
{"ts":"2026-03-30 11:33:33","event":"mod","file":"/home/aa/work/mumps.io/templates/layouts/mioos_shell.html"}
{"ts":"2026-03-30 11:33:34","event":"mod","file":"/home/aa/work/mumps.io/templates/layouts/mioos_shell.html"}
{"ts":"2026-03-30 11:33:38","event":"mod","file":"/home/aa/work/mumps.io/templates/layouts/mioos_shell.html"}
{"ts":"2026-03-30 11:33:40","event":"mod","file":"/home/aa/work/mumps.io/templates/layouts/mioos_shell.html"}
{"ts":"2026-03-30 11:35:24","event":"mod","file":"/home/aa/work/mumps.io/templates/layouts/mioos_shell.html"}
{"ts":"2026-03-30 11:35:26","event":"mod","file":"/home/aa/work/mumps.io/templates/layouts/mioos_shell.html"}
{"ts":"2026-03-30 11:35:28","event":"mod","file":"/home/aa/work/mumps.io/templates/layouts/mioos_shell.html"}
{"ts":"2026-03-30 11:35:30","event":"mod","file":"/home/aa/work/mumps.io/templates/layouts/mioos_shell.html"}
{"ts":"2026-03-30 11:36:16","event":"mod","file":"/home/aa/work/mumps.io/templates/layouts/mioos_shell.html"}
{"ts":"2026-03-30 11:36:23","event":"mod","file":"/home/aa/work/mumps.io/templates/layouts/mioos_shell.html"}
{"ts":"2026-03-30 11:36:28","event":"mod","file":"/home/aa/work/mumps.io/templates/layouts/mioos_shell.html"}
{"ts":"2026-03-30 11:36:34","event":"mod","file":"/home/aa/work/mumps.io/templates/layouts/mioos_shell.html"}
{"ts":"2026-03-30 11:40:13","event":"mod","file":"/home/aa/work/mumps.io/templates/layouts/mioos_shell.html"}
{"ts":"2026-03-30 11:40:18","event":"mod","file":"/home/aa/work/mumps.io/templates/layouts/mioos_shell.html"}
{"ts":"2026-03-30 11:40:22","event":"mod","file":"/home/aa/work/mumps.io/templates/layouts/mioos_shell.html"}
{"ts":"2026-03-30 11:40:25","event":"mod","file":"/home/aa/work/mumps.io/templates/layouts/mioos_shell.html"}
{"ts":"2026-03-30 11:40:30","event":"mod","file":"/home/aa/work/mumps.io/templates/layouts/mioos_shell.html"}
{"ts":"2026-03-30 11:40:31","event":"mod","file":"/home/aa/work/mumps.io/templates/layouts/mioos_shell.html"}
{"ts":"2026-03-30 11:41:48","event":"mod","file":"/home/aa/work/mumps.io/templates/pages/mioos_desktop.html"}
{"ts":"2026-03-30 11:42:58","event":"mod","file":"/home/aa/work/mumps.io/templates/pages/mioos_desktop.html"}
{"ts":"2026-03-30 11:43:15","event":"mod","file":"/home/aa/work/mumps.io/templates/pages/mioos_desktop.html"}
{"ts":"2026-03-30 11:43:27","event":"mod","file":"/home/aa/work/mumps.io/templates/pages/mioos_desktop.html"}
{"ts":"2026-03-30 11:43:36","event":"mod","file":"/home/aa/work/mumps.io/templates/pages/mioos_desktop.html"}
{"ts":"2026-03-30 11:43:45","event":"mod","file":"/home/aa/work/mumps.io/templates/pages/mioos_desktop.html"}
{"ts":"2026-03-30 11:44:23","event":"mod","file":"/home/aa/work/mumps.io/templates/pages/mioos_desktop.html"}
{"ts":"2026-03-30 11:44:27","event":"mod","file":"/home/aa/work/mumps.io/templates/pages/mioos_desktop.html"}
{"ts":"2026-03-30 11:44:30","event":"mod","file":"/home/aa/work/mumps.io/templates/pages/mioos_desktop.html"}
{"ts":"2026-03-30 11:44:34","event":"mod","file":"/home/aa/work/mumps.io/templates/pages/mioos_desktop.html"}
{"ts":"2026-03-30 11:44:38","event":"mod","file":"/home/aa/work/mumps.io/templates/pages/mioos_desktop.html"}
{"ts":"2026-03-30 11:47:48","event":"mod","file":"/home/aa/work/mumps.io/templates/pages/mioos_desktop.html"}
{"ts":"2026-03-30 11:47:51","event":"mod","file":"/home/aa/work/mumps.io/templates/pages/mioos_desktop.html"}
{"ts":"2026-03-30 11:47:52","event":"mod","file":"/home/aa/work/mumps.io/templates/pages/mioos_desktop.html"}
{"ts":"2026-03-30 11:49:11","event":"mod","file":"/home/aa/work/mumps.io/templates/layouts/mioos_shell.html"}
{"ts":"2026-03-30 11:52:36","event":"mod","file":"/home/aa/work/mumps.io/templates/pages/mioos_desktop.html"}
{"ts":"2026-03-30 11:52:42","event":"mod","file":"/home/aa/work/mumps.io/templates/pages/mioos_desktop.html"}
{"ts":"2026-03-30 11:52:47","event":"mod","file":"/home/aa/work/mumps.io/templates/pages/mioos_desktop.html"}
{"ts":"2026-03-30 11:53:03","event":"mod","file":"/home/aa/work/mumps.io/templates/pages/mioos_desktop.html"}
{"ts":"2026-03-30 11:59:10","event":"mod","file":"/home/aa/work/mumps.io/templates/pages/mioos_desktop.html"}
{"ts":"2026-03-30 11:59:12","event":"mod","file":"/home/aa/work/mumps.io/templates/pages/mioos_desktop.html"}
{"ts":"2026-03-30 11:59:16","event":"mod","file":"/home/aa/work/mumps.io/templates/pages/mioos_desktop.html"}
{"ts":"2026-03-30 11:59:18","event":"mod","file":"/home/aa/work/mumps.io/templates/pages/mioos_desktop.html"}
{"ts":"2026-03-30 11:59:25","event":"mod","file":"/home/aa/work/mumps.io/templates/pages/mioos_desktop.html"}
{"ts":"2026-03-30 11:59:27","event":"mod","file":"/home/aa/work/mumps.io/templates/pages/mioos_desktop.html"}
{"ts":"2026-03-30 11:59:29","event":"mod","file":"/home/aa/work/mumps.io/templates/pages/mioos_desktop.html"}
{"ts":"2026-03-30 11:59:36","event":"mod","file":"/home/aa/work/mumps.io/templates/pages/mioos_desktop.html"}
{"ts":"2026-03-30 11:59:39","event":"mod","file":"/home/aa/work/mumps.io/templates/pages/mioos_desktop.html"}
{"ts":"2026-03-30 12:10:49","event":"mod","file":"/home/aa/work/mumps.io/templates/layouts/mioos_shell.html"}
{"ts":"2026-03-30 12:10:53","event":"mod","file":"/home/aa/work/mumps.io/templates/layouts/mioos_shell.html"}
{"ts":"2026-03-30 12:10:55","event":"mod","file":"/home/aa/work/mumps.io/templates/layouts/mioos_shell.html"}
{"ts":"2026-03-30 12:18:51","event":"mod","file":"/home/aa/work/mumps.io/templates/pages/mioos_desktop.html"}
{"ts":"2026-03-30 12:18:52","event":"mod","file":"/home/aa/work/mumps.io/templates/pages/mioos_desktop.html"}
{"ts":"2026-03-30 12:26:45","event":"mod","file":"/home/aa/work/mumps.io/templates/pages/mioos_desktop.html"}
{"ts":"2026-03-30 12:26:54","event":"mod","file":"/home/aa/work/mumps.io/templates/pages/mioos_desktop.html"}
{"ts":"2026-03-30 12:26:59","event":"mod","file":"/home/aa/work/mumps.io/templates/pages/mioos_desktop.html"}
{"ts":"2026-03-30 12:27:02","event":"mod","file":"/home/aa/work/mumps.io/templates/pages/mioos_desktop.html"}
{"ts":"2026-03-30 12:29:47","event":"mod","file":"/home/aa/work/mumps.io/templates/layouts/mioos_shell.html"}
{"ts":"2026-03-30 12:30:04","event":"mod","file":"/home/aa/work/mumps.io/templates/layouts/mioos_shell.html"}
{"ts":"2026-03-30 12:33:22","event":"mod","file":"/home/aa/work/mumps.io/templates/pages/mioos_desktop.html"}
{"ts":"2026-03-30 12:33:31","event":"mod","file":"/home/aa/work/mumps.io/templates/pages/mioos_desktop.html"}
{"ts":"2026-03-30 12:33:35","event":"mod","file":"/home/aa/work/mumps.io/templates/pages/mioos_desktop.html"}
{"ts":"2026-03-30 12:33:45","event":"mod","file":"/home/aa/work/mumps.io/templates/pages/mioos_desktop.html"}
{"ts":"2026-03-30 12:33:48","event":"mod","file":"/home/aa/work/mumps.io/templates/pages/mioos_desktop.html"}
{"ts":"2026-03-30 12:33:50","event":"mod","file":"/home/aa/work/mumps.io/templates/pages/mioos_desktop.html"}
{"ts":"2026-03-30 12:33:52","event":"mod","file":"/home/aa/work/mumps.io/templates/pages/mioos_desktop.html"}
{"ts":"2026-03-30 12:33:55","event":"mod","file":"/home/aa/work/mumps.io/templates/pages/mioos_desktop.html"}
{"ts":"2026-03-30 12:33:59","event":"mod","file":"/home/aa/work/mumps.io/templates/pages/mioos_desktop.html"}
{"ts":"2026-03-30 12:34:05","event":"mod","file":"/home/aa/work/mumps.io/templates/layouts/mioos_shell.html"}
{"ts":"2026-03-30 12:34:06","event":"mod","file":"/home/aa/work/mumps.io/templates/layouts/mioos_shell.html"}
{"ts":"2026-03-30 12:34:09","event":"mod","file":"/home/aa/work/mumps.io/templates/layouts/mioos_shell.html"}
{"ts":"2026-03-30 12:34:10","event":"mod","file":"/home/aa/work/mumps.io/templates/layouts/mioos_shell.html"}
{"ts":"2026-03-30 12:34:43","event":"mod","file":"/home/aa/work/mumps.io/templates/pages/mioos_desktop.html"}
{"ts":"2026-03-30 12:38:15","event":"mod","file":"/home/aa/work/mumps.io/templates/layouts/mioos_shell.html"}
{"ts":"2026-03-30 12:38:23","event":"mod","file":"/home/aa/work/mumps.io/templates/layouts/mioos_shell.html"}
{"ts":"2026-03-30 12:39:19","event":"mod","file":"/home/aa/work/mumps.io/templates/layouts/mioos_shell.html"}
{"ts":"2026-03-30 12:39:33","event":"mod","file":"/home/aa/work/mumps.io/templates/layouts/mioos_shell.html"}
{"ts":"2026-03-30 12:39:41","event":"mod","file":"/home/aa/work/mumps.io/templates/layouts/mioos_shell.html"}
{"ts":"2026-03-30 12:39:44","event":"mod","file":"/home/aa/work/mumps.io/templates/layouts/mioos_shell.html"}
{"ts":"2026-03-30 12:39:47","event":"mod","file":"/home/aa/work/mumps.io/templates/layouts/mioos_shell.html"}
{"ts":"2026-03-30 13:02:43","event":"mod","file":"/home/aa/work/mumps.io/templates/pages/mioos_desktop.html"}
{"ts":"2026-03-30 13:02:49","event":"mod","file":"/home/aa/work/mumps.io/templates/pages/mioos_desktop.html"}
{"ts":"2026-03-30 13:07:29","event":"mod","file":"/home/aa/work/mumps.io/templates/pages/mioos_desktop.html"}
{"ts":"2026-03-30 13:07:30","event":"mod","file":"/home/aa/work/mumps.io/templates/pages/mioos_desktop.html"}
{"ts":"2026-03-30 13:08:05","event":"mod","file":"/home/aa/work/mumps.io/templates/pages/mioos_desktop.html"}
{"ts":"2026-03-30 13:08:08","event":"mod","file":"/home/aa/work/mumps.io/templates/pages/mioos_desktop.html"}
{"ts":"2026-03-30 13:08:11","event":"mod","file":"/home/aa/work/mumps.io/templates/pages/mioos_desktop.html"}
{"ts":"2026-03-30 13:08:14","event":"mod","file":"/home/aa/work/mumps.io/templates/pages/mioos_desktop.html"}
{"ts":"2026-03-30 13:08:16","event":"mod","file":"/home/aa/work/mumps.io/templates/pages/mioos_desktop.html"}
{"ts":"2026-03-30 13:09:15","event":"mod","file":"/home/aa/work/mumps.io/templates/pages/mioos_desktop.html"}
{"ts":"2026-03-30 13:09:24","event":"mod","file":"/home/aa/work/mumps.io/templates/pages/mioos_desktop.html"}
{"ts":"2026-03-30 13:09:51","event":"mod","file":"/home/aa/work/mumps.io/templates/pages/mioos_desktop.html"}
{"ts":"2026-03-30 13:09:55","event":"mod","file":"/home/aa/work/mumps.io/templates/pages/mioos_desktop.html"}
{"ts":"2026-03-30 13:10:10","event":"mod","file":"/home/aa/work/mumps.io/templates/pages/mioos_desktop.html"}
{"ts":"2026-03-30 13:12:20","event":"mod","file":"/home/aa/work/mumps.io/templates/layouts/mioos_shell.html"}
{"ts":"2026-03-30 13:12:23","event":"mod","file":"/home/aa/work/mumps.io/templates/layouts/mioos_shell.html"}
{"ts":"2026-03-30 13:12:28","event":"mod","file":"/home/aa/work/mumps.io/templates/layouts/mioos_shell.html"}
{"ts":"2026-03-30 13:12:38","event":"mod","file":"/home/aa/work/mumps.io/templates/layouts/mioos_shell.html"}
{"ts":"2026-03-30 13:14:25","event":"mod","file":"/home/aa/work/mumps.io/templates/layouts/mioos_shell.html"}
{"ts":"2026-03-30 13:14:27","event":"mod","file":"/home/aa/work/mumps.io/templates/layouts/mioos_shell.html"}
{"ts":"2026-03-30 13:14:50","event":"mod","file":"/home/aa/work/mumps.io/templates/layouts/mioos_shell.html"}
{"ts":"2026-03-30 13:14:56","event":"mod","file":"/home/aa/work/mumps.io/templates/layouts/mioos_shell.html"}
{"ts":"2026-03-30 13:28:38","event":"mod","file":"/home/aa/work/mumps.io/templates/pages/mioos_desktop.html"}
{"ts":"2026-03-30 13:28:53","event":"mod","file":"/home/aa/work/mumps.io/templates/pages/mioos_desktop.html"}
{"ts":"2026-03-30 13:36:50","event":"mod","file":"/home/aa/work/mumps.io/templates/layouts/mioos_shell.html"}
{"ts":"2026-03-30 13:36:53","event":"mod","file":"/home/aa/work/mumps.io/templates/layouts/mioos_shell.html"}
{"ts":"2026-03-30 13:37:32","event":"mod","file":"/home/aa/work/mumps.io/templates/layouts/mioos_shell.html"}
{"ts":"2026-03-30 13:39:57","event":"mod","file":"/home/aa/work/mumps.io/templates/layouts/mioos_shell.html"}
{"ts":"2026-03-30 13:40:00","event":"mod","file":"/home/aa/work/mumps.io/templates/layouts/mioos_shell.html"}
{"ts":"2026-03-30 13:41:12","event":"mod","file":"/home/aa/work/mumps.io/templates/layouts/mioos_shell.html"}
{"ts":"2026-03-30 13:41:50","event":"mod","file":"/home/aa/work/mumps.io/templates/layouts/mioos_shell.html"}
{"ts":"2026-03-30 13:41:53","event":"mod","file":"/home/aa/work/mumps.io/templates/layouts/mioos_shell.html"}
{"ts":"2026-03-30 13:42:01","event":"mod","file":"/home/aa/work/mumps.io/templates/layouts/mioos_shell.html"}
{"ts":"2026-03-30 13:42:16","event":"mod","file":"/home/aa/work/mumps.io/templates/layouts/mioos_shell.html"}
{"ts":"2026-03-30 13:42:31","event":"mod","file":"/home/aa/work/mumps.io/templates/layouts/mioos_shell.html"}
{"ts":"2026-03-30 13:42:38","event":"mod","file":"/home/aa/work/mumps.io/templates/layouts/mioos_shell.html"}
{"ts":"2026-03-30 13:42:43","event":"mod","file":"/home/aa/work/mumps.io/templates/layouts/mioos_shell.html"}
{"ts":"2026-03-30 13:42:50","event":"mod","file":"/home/aa/work/mumps.io/templates/layouts/mioos_shell.html"}
{"ts":"2026-03-30 13:42:58","event":"mod","file":"/home/aa/work/mumps.io/templates/layouts/mioos_shell.html"}
{"ts":"2026-03-30 13:43:25","event":"mod","file":"/home/aa/work/mumps.io/templates/layouts/mioos_shell.html"}
{"ts":"2026-03-30 13:43:26","event":"mod","file":"/home/aa/work/mumps.io/templates/layouts/mioos_shell.html"}
{"ts":"2026-03-30 13:46:01","event":"mod","file":"/home/aa/work/mumps.io/templates/layouts/mioos_shell.html"}
{"ts":"2026-03-30 13:46:06","event":"mod","file":"/home/aa/work/mumps.io/templates/layouts/mioos_shell.html"}
{"ts":"2026-03-30 13:50:42","event":"mod","file":"/home/aa/work/mumps.io/templates/pages/mioos_desktop.html"}
{"ts":"2026-03-30 13:50:47","event":"mod","file":"/home/aa/work/mumps.io/templates/pages/mioos_desktop.html"}
{"ts":"2026-03-30 13:51:26","event":"mod","file":"/home/aa/work/mumps.io/templates/layouts/mioos_shell.html"}
2026-03-30 13:56:42 watcher_start pid=578641 pattern=*.html
{"ts":"2026-03-30 13:56:42","event":"add","file":"/home/aa/work/mumps.io/templates/layouts/miomos_shell.html"}
{"ts":"2026-03-30 13:56:42","event":"add","file":"/home/aa/work/mumps.io/templates/layouts/mioos_shell.html"}
{"ts":"2026-03-30 13:56:42","event":"add","file":"/home/aa/work/mumps.io/templates/layouts/mioui_app.html"}
{"ts":"2026-03-30 13:56:42","event":"add","file":"/home/aa/work/mumps.io/templates/layouts/plgd_layout.html"}
{"ts":"2026-03-30 13:56:42","event":"add","file":"/home/aa/work/mumps.io/templates/pages/miomos_auth.html"}
{"ts":"2026-03-30 13:56:42","event":"add","file":"/home/aa/work/mumps.io/templates/pages/miomos_desktop.html"}
{"ts":"2026-03-30 13:56:42","event":"add","file":"/home/aa/work/mumps.io/templates/pages/mioos_desktop.html"}
{"ts":"2026-03-30 13:56:42","event":"add","file":"/home/aa/work/mumps.io/templates/pages/plgd_about.html"}
{"ts":"2026-03-30 13:56:42","event":"add","file":"/home/aa/work/mumps.io/templates/pages/plgd_home.html"}
{"ts":"2026-03-30 13:56:42","event":"add","file":"/home/aa/work/mumps.io/templates/pages/plgd_playground.html"}
{"ts":"2026-03-30 13:56:42","event":"add","file":"/home/aa/work/mumps.io/templates/partials/ui_tpl_card_grid.html"}
{"ts":"2026-03-30 13:56:42","event":"add","file":"/home/aa/work/mumps.io/templates/partials/ui_tpl_card_list.html"}
{"ts":"2026-03-30 14:44:21","event":"mod","file":"/home/aa/work/mumps.io/templates/pages/mioos_desktop.html"}
{"ts":"2026-03-30 14:44:27","event":"mod","file":"/home/aa/work/mumps.io/templates/pages/mioos_desktop.html"}
{"ts":"2026-03-30 14:45:14","event":"mod","file":"/home/aa/work/mumps.io/templates/pages/mioos_desktop.html"}
{"ts":"2026-03-30 14:46:36","event":"mod","file":"/home/aa/work/mumps.io/templates/pages/mioos_desktop.html"}
{"ts":"2026-03-30 14:46:39","event":"mod","file":"/home/aa/work/mumps.io/templates/pages/mioos_desktop.html"}
{"ts":"2026-03-30 14:46:44","event":"mod","file":"/home/aa/work/mumps.io/templates/pages/mioos_desktop.html"}
{"ts":"2026-03-30 14:51:38","event":"mod","file":"/home/aa/work/mumps.io/templates/pages/mioos_desktop.html"}
{"ts":"2026-03-30 15:00:35","event":"mod","file":"/home/aa/work/mumps.io/templates/pages/mioos_desktop.html"}
{"ts":"2026-03-30 15:00:41","event":"mod","file":"/home/aa/work/mumps.io/templates/pages/mioos_desktop.html"}
{"ts":"2026-03-30 15:00:48","event":"mod","file":"/home/aa/work/mumps.io/templates/pages/mioos_desktop.html"}
{"ts":"2026-03-30 15:13:23","event":"mod","file":"/home/aa/work/mumps.io/templates/pages/mioos_desktop.html"}
{"ts":"2026-03-30 15:13:26","event":"mod","file":"/home/aa/work/mumps.io/templates/pages/mioos_desktop.html"}
{"ts":"2026-03-30 15:13:35","event":"mod","file":"/home/aa/work/mumps.io/templates/pages/mioos_desktop.html"}
{"ts":"2026-03-30 15:15:07","event":"mod","file":"/home/aa/work/mumps.io/templates/pages/mioos_desktop.html"}
{"ts":"2026-03-30 15:15:25","event":"mod","file":"/home/aa/work/mumps.io/templates/pages/mioos_desktop.html"}
{"ts":"2026-03-30 15:15:28","event":"mod","file":"/home/aa/work/mumps.io/templates/pages/mioos_desktop.html"}
{"ts":"2026-03-30 15:15:33","event":"mod","file":"/home/aa/work/mumps.io/templates/pages/mioos_desktop.html"}
{"ts":"2026-03-30 15:15:35","event":"mod","file":"/home/aa/work/mumps.io/templates/pages/mioos_desktop.html"}
{"ts":"2026-03-30 16:07:09","event":"mod","file":"/home/aa/work/mumps.io/templates/pages/mioos_desktop.html"}
{"ts":"2026-03-30 16:09:30","event":"mod","file":"/home/aa/work/mumps.io/templates/pages/mioos_desktop.html"}
{"ts":"2026-03-30 16:09:40","event":"mod","file":"/home/aa/work/mumps.io/templates/pages/mioos_desktop.html"}
{"ts":"2026-03-30 16:09:41","event":"mod","file":"/home/aa/work/mumps.io/templates/pages/mioos_desktop.html"}
{"ts":"2026-03-30 16:11:52","event":"mod","file":"/home/aa/work/mumps.io/templates/pages/mioos_desktop.html"}
{"ts":"2026-03-30 16:11:59","event":"mod","file":"/home/aa/work/mumps.io/templates/pages/mioos_desktop.html"}
{"ts":"2026-03-30 16:12:05","event":"mod","file":"/home/aa/work/mumps.io/templates/pages/mioos_desktop.html"}
{"ts":"2026-03-30 16:14:44","event":"mod","file":"/home/aa/work/mumps.io/templates/pages/mioos_desktop.html"}
{"ts":"2026-03-30 16:14:46","event":"mod","file":"/home/aa/work/mumps.io/templates/pages/mioos_desktop.html"}
{"ts":"2026-03-30 16:14:49","event":"mod","file":"/home/aa/work/mumps.io/templates/pages/mioos_desktop.html"}
{"ts":"2026-03-30 16:14:50","event":"mod","file":"/home/aa/work/mumps.io/templates/pages/mioos_desktop.html"}
{"ts":"2026-03-30 16:14:54","event":"mod","file":"/home/aa/work/mumps.io/templates/pages/mioos_desktop.html"}
{"ts":"2026-03-30 16:14:57","event":"mod","file":"/home/aa/work/mumps.io/templates/pages/mioos_desktop.html"}
{"ts":"2026-03-30 16:14:58","event":"mod","file":"/home/aa/work/mumps.io/templates/pages/mioos_desktop.html"}
{"ts":"2026-03-30 16:15:02","event":"mod","file":"/home/aa/work/mumps.io/templates/pages/mioos_desktop.html"}
{"ts":"2026-03-30 16:15:11","event":"mod","file":"/home/aa/work/mumps.io/templates/pages/mioos_desktop.html"}
{"ts":"2026-03-30 16:15:20","event":"mod","file":"/home/aa/work/mumps.io/templates/pages/mioos_desktop.html"}
{"ts":"2026-03-30 16:15:24","event":"mod","file":"/home/aa/work/mumps.io/templates/pages/mioos_desktop.html"}
{"ts":"2026-03-30 16:15:26","event":"mod","file":"/home/aa/work/mumps.io/templates/pages/mioos_desktop.html"}
{"ts":"2026-03-30 16:15:28","event":"mod","file":"/home/aa/work/mumps.io/templates/pages/mioos_desktop.html"}
{"ts":"2026-03-30 16:15:36","event":"mod","file":"/home/aa/work/mumps.io/templates/pages/mioos_desktop.html"}
{"ts":"2026-03-30 16:15:47","event":"mod","file":"/home/aa/work/mumps.io/templates/pages/mioos_desktop.html"}
{"ts":"2026-03-30 16:15:51","event":"mod","file":"/home/aa/work/mumps.io/templates/pages/mioos_desktop.html"}
{"ts":"2026-03-30 16:15:52","event":"mod","file":"/home/aa/work/mumps.io/templates/pages/mioos_desktop.html"}
{"ts":"2026-03-30 16:15:53","event":"mod","file":"/home/aa/work/mumps.io/templates/pages/mioos_desktop.html"}
{"ts":"2026-03-30 16:15:56","event":"mod","file":"/home/aa/work/mumps.io/templates/pages/mioos_desktop.html"}
{"ts":"2026-03-30 16:16:03","event":"mod","file":"/home/aa/work/mumps.io/templates/pages/mioos_desktop.html"}
{"ts":"2026-03-30 16:16:05","event":"mod","file":"/home/aa/work/mumps.io/templates/pages/mioos_desktop.html"}
{"ts":"2026-03-30 16:16:12","event":"mod","file":"/home/aa/work/mumps.io/templates/pages/mioos_desktop.html"}
{"ts":"2026-03-30 16:16:16","event":"mod","file":"/home/aa/work/mumps.io/templates/pages/mioos_desktop.html"}
{"ts":"2026-03-30 16:16:18","event":"mod","file":"/home/aa/work/mumps.io/templates/pages/mioos_desktop.html"}
{"ts":"2026-03-30 16:16:21","event":"mod","file":"/home/aa/work/mumps.io/templates/pages/mioos_desktop.html"}
{"ts":"2026-03-30 16:16:23","event":"mod","file":"/home/aa/work/mumps.io/templates/pages/mioos_desktop.html"}
{"ts":"2026-03-30 16:16:27","event":"mod","file":"/home/aa/work/mumps.io/templates/pages/mioos_desktop.html"}
{"ts":"2026-03-30 16:16:37","event":"mod","file":"/home/aa/work/mumps.io/templates/pages/mioos_desktop.html"}
{"ts":"2026-03-30 16:21:28","event":"mod","file":"/home/aa/work/mumps.io/templates/pages/mioos_desktop.html"}
{"ts":"2026-03-30 16:22:05","event":"mod","file":"/home/aa/work/mumps.io/templates/pages/mioos_desktop.html"}
{"ts":"2026-03-30 16:57:58","event":"mod","file":"/home/aa/work/mumps.io/templates/layouts/mioos_shell.html"}
{"ts":"2026-03-30 16:58:17","event":"mod","file":"/home/aa/work/mumps.io/templates/layouts/mioos_shell.html"}
{"ts":"2026-03-30 16:58:29","event":"mod","file":"/home/aa/work/mumps.io/templates/layouts/mioos_shell.html"}
{"ts":"2026-03-30 16:58:47","event":"mod","file":"/home/aa/work/mumps.io/templates/layouts/mioos_shell.html"}
{"ts":"2026-03-30 16:58:50","event":"mod","file":"/home/aa/work/mumps.io/templates/layouts/mioos_shell.html"}
{"ts":"2026-03-30 17:01:15","event":"mod","file":"/home/aa/work/mumps.io/templates/pages/mioos_desktop.html"}
{"ts":"2026-03-30 17:01:16","event":"mod","file":"/home/aa/work/mumps.io/templates/pages/mioos_desktop.html"}
{"ts":"2026-03-30 17:01:32","event":"mod","file":"/home/aa/work/mumps.io/templates/pages/mioos_desktop.html"}
{"ts":"2026-03-30 17:10:48","event":"mod","file":"/home/aa/work/mumps.io/templates/layouts/mioos_shell.html"}
{"ts":"2026-03-30 17:10:56","event":"mod","file":"/home/aa/work/mumps.io/templates/layouts/mioos_shell.html"}
{"ts":"2026-03-30 17:11:14","event":"mod","file":"/home/aa/work/mumps.io/templates/layouts/mioos_shell.html"}
{"ts":"2026-03-30 17:11:16","event":"mod","file":"/home/aa/work/mumps.io/templates/layouts/mioos_shell.html"}
{"ts":"2026-03-30 17:11:31","event":"mod","file":"/home/aa/work/mumps.io/templates/layouts/mioos_shell.html"}
{"ts":"2026-03-30 17:11:32","event":"mod","file":"/home/aa/work/mumps.io/templates/layouts/mioos_shell.html"}
{"ts":"2026-03-30 17:11:44","event":"mod","file":"/home/aa/work/mumps.io/templates/layouts/mioos_shell.html"}
{"ts":"2026-03-30 17:11:57","event":"mod","file":"/home/aa/work/mumps.io/templates/layouts/mioos_shell.html"}
{"ts":"2026-03-30 17:11:59","event":"mod","file":"/home/aa/work/mumps.io/templates/layouts/mioos_shell.html"}
{"ts":"2026-03-30 17:12:18","event":"mod","file":"/home/aa/work/mumps.io/templates/layouts/mioos_shell.html"}
{"ts":"2026-03-30 17:38:09","event":"mod","file":"/home/aa/work/mumps.io/templates/layouts/mioos_shell.html"}
{"ts":"2026-03-30 17:38:11","event":"mod","file":"/home/aa/work/mumps.io/templates/layouts/mioos_shell.html"}
{"ts":"2026-03-30 17:38:34","event":"mod","file":"/home/aa/work/mumps.io/templates/layouts/mioos_shell.html"}
{"ts":"2026-03-30 17:38:56","event":"mod","file":"/home/aa/work/mumps.io/templates/layouts/mioos_shell.html"}
{"ts":"2026-03-30 17:39:12","event":"mod","file":"/home/aa/work/mumps.io/templates/layouts/mioos_shell.html"}
{"ts":"2026-03-30 17:39:15","event":"mod","file":"/home/aa/work/mumps.io/templates/layouts/mioos_shell.html"}
{"ts":"2026-03-30 17:39:16","event":"mod","file":"/home/aa/work/mumps.io/templates/layouts/mioos_shell.html"}
{"ts":"2026-03-30 17:39:17","event":"mod","file":"/home/aa/work/mumps.io/templates/layouts/mioos_shell.html"}
{"ts":"2026-03-30 17:40:17","event":"mod","file":"/home/aa/work/mumps.io/templates/layouts/mioos_shell.html"}
{"ts":"2026-03-30 17:40:18","event":"mod","file":"/home/aa/work/mumps.io/templates/layouts/mioos_shell.html"}
{"ts":"2026-03-30 17:40:20","event":"mod","file":"/home/aa/work/mumps.io/templates/layouts/mioos_shell.html"}
{"ts":"2026-03-30 17:40:22","event":"mod","file":"/home/aa/work/mumps.io/templates/layouts/mioos_shell.html"}
{"ts":"2026-03-30 17:40:25","event":"mod","file":"/home/aa/work/mumps.io/templates/layouts/mioos_shell.html"}
{"ts":"2026-03-30 17:40:26","event":"mod","file":"/home/aa/work/mumps.io/templates/layouts/mioos_shell.html"}
{"ts":"2026-03-30 17:46:30","event":"mod","file":"/home/aa/work/mumps.io/templates/layouts/mioos_shell.html"}
{"ts":"2026-03-30 17:48:51","event":"mod","file":"/home/aa/work/mumps.io/templates/layouts/mioos_shell.html"}
{"ts":"2026-03-30 18:34:58","event":"mod","file":"/home/aa/work/mumps.io/templates/layouts/mioos_shell.html"}
{"ts":"2026-03-30 18:35:11","event":"mod","file":"/home/aa/work/mumps.io/templates/layouts/mioos_shell.html"}
{"ts":"2026-03-30 18:35:21","event":"mod","file":"/home/aa/work/mumps.io/templates/layouts/mioos_shell.html"}
{"ts":"2026-03-30 18:35:28","event":"mod","file":"/home/aa/work/mumps.io/templates/layouts/mioos_shell.html"}
{"ts":"2026-03-30 18:51:42","event":"mod","file":"/home/aa/work/mumps.io/templates/layouts/mioos_shell.html"}
{"ts":"2026-03-30 19:00:01","event":"mod","file":"/home/aa/work/mumps.io/templates/layouts/mioos_shell.html"}
{"ts":"2026-03-30 19:00:05","event":"mod","file":"/home/aa/work/mumps.io/templates/layouts/mioos_shell.html"}
{"ts":"2026-03-30 19:00:06","event":"mod","file":"/home/aa/work/mumps.io/templates/layouts/mioos_shell.html"}
{"ts":"2026-03-30 19:00:16","event":"mod","file":"/home/aa/work/mumps.io/templates/layouts/mioos_shell.html"}
{"ts":"2026-03-30 19:00:21","event":"mod","file":"/home/aa/work/mumps.io/templates/layouts/mioos_shell.html"}
{"ts":"2026-03-30 19:00:26","event":"mod","file":"/home/aa/work/mumps.io/templates/layouts/mioos_shell.html"}
{"ts":"2026-03-30 19:00:39","event":"mod","file":"/home/aa/work/mumps.io/templates/layouts/mioos_shell.html"}
{"ts":"2026-03-30 19:01:14","event":"mod","file":"/home/aa/work/mumps.io/templates/layouts/mioos_shell.html"}
{"ts":"2026-03-30 19:01:16","event":"mod","file":"/home/aa/work/mumps.io/templates/layouts/mioos_shell.html"}
{"ts":"2026-03-30 19:01:18","event":"mod","file":"/home/aa/work/mumps.io/templates/layouts/mioos_shell.html"}
{"ts":"2026-03-30 19:01:23","event":"mod","file":"/home/aa/work/mumps.io/templates/layouts/mioos_shell.html"}
{"ts":"2026-03-30 19:01:25","event":"mod","file":"/home/aa/work/mumps.io/templates/layouts/mioos_shell.html"}
{"ts":"2026-03-30 19:01:35","event":"mod","file":"/home/aa/work/mumps.io/templates/layouts/mioos_shell.html"}
{"ts":"2026-03-30 19:01:36","event":"mod","file":"/home/aa/work/mumps.io/templates/layouts/mioos_shell.html"}
{"ts":"2026-03-30 19:01:40","event":"mod","file":"/home/aa/work/mumps.io/templates/layouts/mioos_shell.html"}
{"ts":"2026-03-30 19:01:47","event":"mod","file":"/home/aa/work/mumps.io/templates/layouts/mioos_shell.html"}
{"ts":"2026-03-30 19:01:49","event":"mod","file":"/home/aa/work/mumps.io/templates/layouts/mioos_shell.html"}
{"ts":"2026-03-30 19:01:51","event":"mod","file":"/home/aa/work/mumps.io/templates/layouts/mioos_shell.html"}
{"ts":"2026-03-30 19:02:21","event":"mod","file":"/home/aa/work/mumps.io/templates/layouts/mioos_shell.html"}
{"ts":"2026-03-30 19:02:32","event":"mod","file":"/home/aa/work/mumps.io/templates/layouts/mioos_shell.html"}
{"ts":"2026-03-30 19:02:34","event":"mod","file":"/home/aa/work/mumps.io/templates/layouts/mioos_shell.html"}
{"ts":"2026-03-30 19:02:39","event":"mod","file":"/home/aa/work/mumps.io/templates/layouts/mioos_shell.html"}
{"ts":"2026-03-30 19:02:40","event":"mod","file":"/home/aa/work/mumps.io/templates/layouts/mioos_shell.html"}
{"ts":"2026-03-30 19:02:57","event":"mod","file":"/home/aa/work/mumps.io/templates/layouts/mioos_shell.html"}
{"ts":"2026-03-30 19:02:58","event":"mod","file":"/home/aa/work/mumps.io/templates/layouts/mioos_shell.html"}
{"ts":"2026-03-30 19:03:01","event":"mod","file":"/home/aa/work/mumps.io/templates/layouts/mioos_shell.html"}
{"ts":"2026-03-30 19:03:04","event":"mod","file":"/home/aa/work/mumps.io/templates/layouts/mioos_shell.html"}
{"ts":"2026-03-30 19:04:58","event":"mod","file":"/home/aa/work/mumps.io/templates/layouts/mioos_shell.html"}
{"ts":"2026-03-30 19:05:02","event":"mod","file":"/home/aa/work/mumps.io/templates/layouts/mioos_shell.html"}
{"ts":"2026-03-30 19:05:10","event":"mod","file":"/home/aa/work/mumps.io/templates/layouts/mioos_shell.html"}
{"ts":"2026-03-30 19:05:33","event":"mod","file":"/home/aa/work/mumps.io/templates/layouts/mioos_shell.html"}
{"ts":"2026-03-30 19:05:38","event":"mod","file":"/home/aa/work/mumps.io/templates/layouts/mioos_shell.html"}
{"ts":"2026-03-30 19:05:41","event":"mod","file":"/home/aa/work/mumps.io/templates/layouts/mioos_shell.html"}
{"ts":"2026-03-30 19:06:33","event":"mod","file":"/home/aa/work/mumps.io/templates/layouts/mioos_shell.html"}
{"ts":"2026-03-30 19:06:46","event":"mod","file":"/home/aa/work/mumps.io/templates/layouts/mioos_shell.html"}
{"ts":"2026-03-30 19:18:32","event":"mod","file":"/home/aa/work/mumps.io/templates/layouts/mioos_shell.html"}
{"ts":"2026-03-30 19:18:37","event":"mod","file":"/home/aa/work/mumps.io/templates/layouts/mioos_shell.html"}
{"ts":"2026-03-30 19:18:39","event":"mod","file":"/home/aa/work/mumps.io/templates/layouts/mioos_shell.html"}
{"ts":"2026-03-30 19:18:49","event":"mod","file":"/home/aa/work/mumps.io/templates/layouts/mioos_shell.html"}
{"ts":"2026-03-30 19:18:51","event":"mod","file":"/home/aa/work/mumps.io/templates/layouts/mioos_shell.html"}
{"ts":"2026-03-30 19:19:10","event":"mod","file":"/home/aa/work/mumps.io/templates/layouts/mioos_shell.html"}
{"ts":"2026-03-30 19:19:11","event":"mod","file":"/home/aa/work/mumps.io/templates/layouts/mioos_shell.html"}
{"ts":"2026-03-30 19:20:34","event":"mod","file":"/home/aa/work/mumps.io/templates/layouts/mioos_shell.html"}
{"ts":"2026-03-30 19:20:36","event":"mod","file":"/home/aa/work/mumps.io/templates/layouts/mioos_shell.html"}
{"ts":"2026-03-30 19:20:41","event":"mod","file":"/home/aa/work/mumps.io/templates/layouts/mioos_shell.html"}
{"ts":"2026-03-30 19:20:48","event":"mod","file":"/home/aa/work/mumps.io/templates/layouts/mioos_shell.html"}
{"ts":"2026-03-30 19:20:54","event":"mod","file":"/home/aa/work/mumps.io/templates/layouts/mioos_shell.html"}
{"ts":"2026-03-30 19:20:58","event":"mod","file":"/home/aa/work/mumps.io/templates/layouts/mioos_shell.html"}
{"ts":"2026-03-30 19:21:02","event":"mod","file":"/home/aa/work/mumps.io/templates/layouts/mioos_shell.html"}
{"ts":"2026-03-30 19:21:04","event":"mod","file":"/home/aa/work/mumps.io/templates/layouts/mioos_shell.html"}
{"ts":"2026-03-30 19:21:10","event":"mod","file":"/home/aa/work/mumps.io/templates/layouts/mioos_shell.html"}
{"ts":"2026-03-30 19:21:12","event":"mod","file":"/home/aa/work/mumps.io/templates/layouts/mioos_shell.html"}
{"ts":"2026-03-30 19:21:20","event":"mod","file":"/home/aa/work/mumps.io/templates/layouts/mioos_shell.html"}
{"ts":"2026-03-30 19:22:42","event":"mod","file":"/home/aa/work/mumps.io/templates/layouts/mioos_shell.html"}
{"ts":"2026-03-30 19:22:49","event":"mod","file":"/home/aa/work/mumps.io/templates/layouts/mioos_shell.html"}
{"ts":"2026-03-30 19:23:44","event":"mod","file":"/home/aa/work/mumps.io/templates/layouts/mioos_shell.html"}
{"ts":"2026-03-30 19:23:45","event":"mod","file":"/home/aa/work/mumps.io/templates/layouts/mioos_shell.html"}
{"ts":"2026-03-30 19:23:47","event":"mod","file":"/home/aa/work/mumps.io/templates/layouts/mioos_shell.html"}
{"ts":"2026-03-30 19:24:42","event":"mod","file":"/home/aa/work/mumps.io/templates/layouts/mioos_shell.html"}
{"ts":"2026-03-30 19:24:52","event":"mod","file":"/home/aa/work/mumps.io/templates/layouts/mioos_shell.html"}
{"ts":"2026-03-30 19:24:54","event":"mod","file":"/home/aa/work/mumps.io/templates/layouts/mioos_shell.html"}
{"ts":"2026-03-30 19:25:03","event":"mod","file":"/home/aa/work/mumps.io/templates/layouts/mioos_shell.html"}
{"ts":"2026-03-30 19:25:08","event":"mod","file":"/home/aa/work/mumps.io/templates/layouts/mioos_shell.html"}
{"ts":"2026-03-30 19:25:10","event":"mod","file":"/home/aa/work/mumps.io/templates/layouts/mioos_shell.html"}
{"ts":"2026-03-30 19:25:47","event":"mod","file":"/home/aa/work/mumps.io/templates/layouts/mioos_shell.html"}
{"ts":"2026-03-30 19:25:51","event":"mod","file":"/home/aa/work/mumps.io/templates/layouts/mioos_shell.html"}
{"ts":"2026-03-30 19:25:58","event":"mod","file":"/home/aa/work/mumps.io/templates/layouts/mioos_shell.html"}
{"ts":"2026-03-30 19:26:01","event":"mod","file":"/home/aa/work/mumps.io/templates/layouts/mioos_shell.html"}
{"ts":"2026-03-30 19:26:08","event":"mod","file":"/home/aa/work/mumps.io/templates/layouts/mioos_shell.html"}
{"ts":"2026-03-30 19:26:12","event":"mod","file":"/home/aa/work/mumps.io/templates/layouts/mioos_shell.html"}
{"ts":"2026-03-30 19:26:43","event":"mod","file":"/home/aa/work/mumps.io/templates/layouts/mioos_shell.html"}
{"ts":"2026-03-30 19:26:48","event":"mod","file":"/home/aa/work/mumps.io/templates/layouts/mioos_shell.html"}
{"ts":"2026-03-30 19:26:50","event":"mod","file":"/home/aa/work/mumps.io/templates/layouts/mioos_shell.html"}
{"ts":"2026-03-30 19:26:53","event":"mod","file":"/home/aa/work/mumps.io/templates/layouts/mioos_shell.html"}
{"ts":"2026-03-30 19:33:03","event":"mod","file":"/home/aa/work/mumps.io/templates/layouts/mioos_shell.html"}
{"ts":"2026-03-30 19:33:30","event":"mod","file":"/home/aa/work/mumps.io/templates/layouts/mioos_shell.html"}
{"ts":"2026-03-30 19:34:19","event":"mod","file":"/home/aa/work/mumps.io/templates/layouts/mioos_shell.html"}
{"ts":"2026-03-31 10:58:48","event":"mod","file":"/home/aa/work/mumps.io/templates/pages/mioos_desktop.html"}
{"ts":"2026-03-31 10:58:56","event":"mod","file":"/home/aa/work/mumps.io/templates/pages/mioos_desktop.html"}
{"ts":"2026-03-31 10:59:02","event":"mod","file":"/home/aa/work/mumps.io/templates/pages/mioos_desktop.html"}
{"ts":"2026-03-31 10:59:05","event":"mod","file":"/home/aa/work/mumps.io/templates/pages/mioos_desktop.html"}
{"ts":"2026-03-31 11:00:12","event":"mod","file":"/home/aa/work/mumps.io/templates/pages/mioos_desktop.html"}
{"ts":"2026-03-31 11:00:31","event":"mod","file":"/home/aa/work/mumps.io/templates/pages/mioos_desktop.html"}
{"ts":"2026-03-31 11:00:38","event":"mod","file":"/home/aa/work/mumps.io/templates/pages/mioos_desktop.html"}
{"ts":"2026-03-31 11:00:41","event":"mod","file":"/home/aa/work/mumps.io/templates/pages/mioos_desktop.html"}
{"ts":"2026-03-31 11:03:59","event":"mod","file":"/home/aa/work/mumps.io/templates/pages/mioos_desktop.html"}
{"ts":"2026-03-31 11:04:03","event":"mod","file":"/home/aa/work/mumps.io/templates/pages/mioos_desktop.html"}
{"ts":"2026-03-31 11:06:43","event":"mod","file":"/home/aa/work/mumps.io/templates/pages/mioos_desktop.html"}
{"ts":"2026-03-31 11:06:44","event":"mod","file":"/home/aa/work/mumps.io/templates/pages/mioos_desktop.html"}
{"ts":"2026-03-31 11:08:11","event":"mod","file":"/home/aa/work/mumps.io/templates/pages/mioos_desktop.html"}
{"ts":"2026-03-31 11:08:12","event":"mod","file":"/home/aa/work/mumps.io/templates/pages/mioos_desktop.html"}
{"ts":"2026-03-31 11:08:14","event":"mod","file":"/home/aa/work/mumps.io/templates/pages/mioos_desktop.html"}
{"ts":"2026-03-31 11:08:16","event":"mod","file":"/home/aa/work/mumps.io/templates/pages/mioos_desktop.html"}
{"ts":"2026-03-31 11:09:50","event":"mod","file":"/home/aa/work/mumps.io/templates/pages/mioos_desktop.html"}
{"ts":"2026-03-31 11:10:24","event":"mod","file":"/home/aa/work/mumps.io/templates/pages/mioos_desktop.html"}
{"ts":"2026-03-31 11:10:25","event":"mod","file":"/home/aa/work/mumps.io/templates/pages/mioos_desktop.html"}
{"ts":"2026-03-31 11:10:26","event":"mod","file":"/home/aa/work/mumps.io/templates/pages/mioos_desktop.html"}
{"ts":"2026-03-31 11:10:29","event":"mod","file":"/home/aa/work/mumps.io/templates/pages/mioos_desktop.html"}
{"ts":"2026-03-31 11:10:30","event":"mod","file":"/home/aa/work/mumps.io/templates/pages/mioos_desktop.html"}
{"ts":"2026-03-31 11:12:44","event":"mod","file":"/home/aa/work/mumps.io/templates/pages/mioos_desktop.html"}
{"ts":"2026-03-31 11:12:46","event":"mod","file":"/home/aa/work/mumps.io/templates/pages/mioos_desktop.html"}
{"ts":"2026-03-31 11:13:01","event":"mod","file":"/home/aa/work/mumps.io/templates/pages/mioos_desktop.html"}
{"ts":"2026-03-31 11:13:04","event":"mod","file":"/home/aa/work/mumps.io/templates/pages/mioos_desktop.html"}
{"ts":"2026-03-31 11:17:33","event":"mod","file":"/home/aa/work/mumps.io/templates/pages/mioos_desktop.html"}
{"ts":"2026-03-31 11:17:39","event":"mod","file":"/home/aa/work/mumps.io/templates/pages/mioos_desktop.html"}
{"ts":"2026-03-31 11:17:42","event":"mod","file":"/home/aa/work/mumps.io/templates/pages/mioos_desktop.html"}
{"ts":"2026-03-31 11:17:46","event":"mod","file":"/home/aa/work/mumps.io/templates/pages/mioos_desktop.html"}
{"ts":"2026-03-31 11:17:50","event":"mod","file":"/home/aa/work/mumps.io/templates/pages/mioos_desktop.html"}
{"ts":"2026-03-31 11:18:20","event":"mod","file":"/home/aa/work/mumps.io/templates/pages/mioos_desktop.html"}
{"ts":"2026-03-31 11:18:25","event":"mod","file":"/home/aa/work/mumps.io/templates/pages/mioos_desktop.html"}
{"ts":"2026-03-31 12:35:45","event":"mod","file":"/home/aa/work/mumps.io/templates/pages/mioos_desktop.html"}
{"ts":"2026-03-31 12:35:49","event":"mod","file":"/home/aa/work/mumps.io/templates/pages/mioos_desktop.html"}
{"ts":"2026-03-31 12:35:50","event":"mod","file":"/home/aa/work/mumps.io/templates/pages/mioos_desktop.html"}
{"ts":"2026-03-31 12:35:55","event":"mod","file":"/home/aa/work/mumps.io/templates/pages/mioos_desktop.html"}
{"ts":"2026-03-31 12:35:56","event":"mod","file":"/home/aa/work/mumps.io/templates/pages/mioos_desktop.html"}
{"ts":"2026-03-31 12:41:12","event":"mod","file":"/home/aa/work/mumps.io/templates/pages/mioos_desktop.html"}
{"ts":"2026-03-31 12:41:14","event":"mod","file":"/home/aa/work/mumps.io/templates/pages/mioos_desktop.html"}
{"ts":"2026-03-31 12:41:16","event":"mod","file":"/home/aa/work/mumps.io/templates/pages/mioos_desktop.html"}
{"ts":"2026-03-31 12:48:47","event":"mod","file":"/home/aa/work/mumps.io/templates/pages/mioos_desktop.html"}
{"ts":"2026-03-31 12:48:59","event":"mod","file":"/home/aa/work/mumps.io/templates/pages/mioos_desktop.html"}
{"ts":"2026-03-31 12:49:09","event":"mod","file":"/home/aa/work/mumps.io/templates/pages/mioos_desktop.html"}
{"ts":"2026-03-31 12:49:14","event":"mod","file":"/home/aa/work/mumps.io/templates/pages/mioos_desktop.html"}
{"ts":"2026-03-31 12:49:15","event":"mod","file":"/home/aa/work/mumps.io/templates/pages/mioos_desktop.html"}
{"ts":"2026-03-31 12:49:37","event":"mod","file":"/home/aa/work/mumps.io/templates/pages/mioos_desktop.html"}
{"ts":"2026-03-31 12:50:09","event":"mod","file":"/home/aa/work/mumps.io/templates/pages/mioos_desktop.html"}
{"ts":"2026-03-31 12:50:11","event":"mod","file":"/home/aa/work/mumps.io/templates/pages/mioos_desktop.html"}
{"ts":"2026-03-31 12:50:12","event":"mod","file":"/home/aa/work/mumps.io/templates/pages/mioos_desktop.html"}
{"ts":"2026-03-31 12:50:17","event":"mod","file":"/home/aa/work/mumps.io/templates/pages/mioos_desktop.html"}
{"ts":"2026-03-31 12:50:38","event":"mod","file":"/home/aa/work/mumps.io/templates/pages/mioos_desktop.html"}
{"ts":"2026-03-31 12:50:44","event":"mod","file":"/home/aa/work/mumps.io/templates/pages/mioos_desktop.html"}
{"ts":"2026-03-31 12:50:46","event":"mod","file":"/home/aa/work/mumps.io/templates/pages/mioos_desktop.html"}
{"ts":"2026-03-31 12:50:53","event":"mod","file":"/home/aa/work/mumps.io/templates/pages/mioos_desktop.html"}
{"ts":"2026-03-31 12:50:56","event":"mod","file":"/home/aa/work/mumps.io/templates/pages/mioos_desktop.html"}
{"ts":"2026-03-31 12:50:57","event":"mod","file":"/home/aa/work/mumps.io/templates/pages/mioos_desktop.html"}
{"ts":"2026-03-31 12:51:05","event":"mod","file":"/home/aa/work/mumps.io/templates/pages/mioos_desktop.html"}
{"ts":"2026-03-31 12:51:10","event":"mod","file":"/home/aa/work/mumps.io/templates/pages/mioos_desktop.html"}
{"ts":"2026-03-31 12:51:15","event":"mod","file":"/home/aa/work/mumps.io/templates/pages/mioos_desktop.html"}
{"ts":"2026-03-31 12:51:18","event":"mod","file":"/home/aa/work/mumps.io/templates/pages/mioos_desktop.html"}
{"ts":"2026-03-31 12:51:21","event":"mod","file":"/home/aa/work/mumps.io/templates/pages/mioos_desktop.html"}
{"ts":"2026-03-31 12:51:24","event":"mod","file":"/home/aa/work/mumps.io/templates/pages/mioos_desktop.html"}
{"ts":"2026-03-31 12:51:25","event":"mod","file":"/home/aa/work/mumps.io/templates/pages/mioos_desktop.html"}
{"ts":"2026-03-31 12:51:29","event":"mod","file":"/home/aa/work/mumps.io/templates/pages/mioos_desktop.html"}
{"ts":"2026-03-31 12:51:30","event":"mod","file":"/home/aa/work/mumps.io/templates/pages/mioos_desktop.html"}
{"ts":"2026-03-31 12:51:36","event":"mod","file":"/home/aa/work/mumps.io/templates/pages/mioos_desktop.html"}
{"ts":"2026-03-31 12:51:41","event":"mod","file":"/home/aa/work/mumps.io/templates/pages/mioos_desktop.html"}
{"ts":"2026-03-31 12:51:44","event":"mod","file":"/home/aa/work/mumps.io/templates/pages/mioos_desktop.html"}
{"ts":"2026-03-31 12:51:46","event":"mod","file":"/home/aa/work/mumps.io/templates/pages/mioos_desktop.html"}
{"ts":"2026-03-31 12:51:52","event":"mod","file":"/home/aa/work/mumps.io/templates/pages/mioos_desktop.html"}
{"ts":"2026-03-31 12:52:10","event":"mod","file":"/home/aa/work/mumps.io/templates/pages/mioos_desktop.html"}
