{"ts":"2026-04-25 03:23:46","event":"mod","file":"/home/aa/work/mumps.io/templates/layouts/mioos_shell.html"}
{"ts":"2026-04-25 03:24:03","event":"mod","file":"/home/aa/work/mumps.io/templates/pages/mioos_desktop.html"}
{"ts":"2026-04-25 04:31:34","event":"mod","file":"/home/aa/work/mumps.io/templates/pages/mioos_desktop.html"}
{"ts":"2026-04-25 04:31:41","event":"mod","file":"/home/aa/work/mumps.io/templates/layouts/mioos_shell.html"}
{"ts":"2026-04-25 12:53:11","event":"mod","file":"/home/aa/work/mumps.io/templates/pages/mioos_desktop.html"}
{"ts":"2026-04-25 12:53:17","event":"mod","file":"/home/aa/work/mumps.io/templates/layouts/mioos_shell.html"}
{"ts":"2026-05-01 16:33:34","event":"mod","file":"/home/aa/work/mumps.io/templates/layouts/mioos_shell.html"}
{"ts":"2026-05-01 16:57:43","event":"mod","file":"/home/aa/work/mumps.io/templates/layouts/mioos_shell.html"}
{"ts":"2026-05-02 04:50:32","event":"add","file":"/home/aa/work/mumps.io/templates/layouts/mioos_shell.html"}
{"ts":"2026-05-02 04:50:32","event":"add","file":"/home/aa/work/mumps.io/templates/layouts/plgd_layout.html"}
{"ts":"2026-05-02 04:50:32","event":"add","file":"/home/aa/work/mumps.io/templates/pages/mioos_desktop.html"}
{"ts":"2026-05-02 04:50:32","event":"add","file":"/home/aa/work/mumps.io/templates/pages/plgd_about.html"}
{"ts":"2026-05-02 04:50:32","event":"add","file":"/home/aa/work/mumps.io/templates/pages/plgd_home.html"}
{"ts":"2026-05-02 04:50:32","event":"add","file":"/home/aa/work/mumps.io/templates/pages/plgd_playground.html"}
{"ts":"2026-05-02 04:50:32","event":"add","file":"/home/aa/work/mumps.io/templates/partials/ui_tpl_card_grid.html"}
{"ts":"2026-05-02 04:50:32","event":"add","file":"/home/aa/work/mumps.io/templates/partials/ui_tpl_card_list.html"}
{"ts":"2026-05-02 04:51:40","event":"add","file":"/home/aa/work/mumps.io/templates/layouts/mioos_shell.html"}
{"ts":"2026-05-02 04:51:40","event":"add","file":"/home/aa/work/mumps.io/templates/layouts/plgd_layout.html"}
{"ts":"2026-05-02 04:51:40","event":"add","file":"/home/aa/work/mumps.io/templates/pages/mioos_desktop.html"}
{"ts":"2026-05-02 04:51:40","event":"add","file":"/home/aa/work/mumps.io/templates/pages/plgd_about.html"}
{"ts":"2026-05-02 04:51:40","event":"add","file":"/home/aa/work/mumps.io/templates/pages/plgd_home.html"}
{"ts":"2026-05-02 04:51:40","event":"add","file":"/home/aa/work/mumps.io/templates/pages/plgd_playground.html"}
{"ts":"2026-05-02 04:51:40","event":"add","file":"/home/aa/work/mumps.io/templates/partials/ui_tpl_card_grid.html"}
{"ts":"2026-05-02 04:51:40","event":"add","file":"/home/aa/work/mumps.io/templates/partials/ui_tpl_card_list.html"}
2026-05-02 04:51:59 watcher_start pid=586242 pattern=*.html
{"ts":"2026-05-02 04:51:59","event":"add","file":"/home/aa/work/mumps.io/templates/layouts/mioos_shell.html"}
{"ts":"2026-05-02 04:51:59","event":"add","file":"/home/aa/work/mumps.io/templates/layouts/plgd_layout.html"}
{"ts":"2026-05-02 04:51:59","event":"add","file":"/home/aa/work/mumps.io/templates/pages/mioos_desktop.html"}
{"ts":"2026-05-02 04:51:59","event":"add","file":"/home/aa/work/mumps.io/templates/pages/plgd_about.html"}
{"ts":"2026-05-02 04:51:59","event":"add","file":"/home/aa/work/mumps.io/templates/pages/plgd_home.html"}
{"ts":"2026-05-02 04:51:59","event":"add","file":"/home/aa/work/mumps.io/templates/pages/plgd_playground.html"}
{"ts":"2026-05-02 04:51:59","event":"add","file":"/home/aa/work/mumps.io/templates/partials/ui_tpl_card_grid.html"}
{"ts":"2026-05-02 04:51:59","event":"add","file":"/home/aa/work/mumps.io/templates/partials/ui_tpl_card_list.html"}
{"ts":"2026-05-02 04:52:24","event":"add","file":"/home/aa/work/mumps.io/templates/layouts/mioos_shell.html"}
{"ts":"2026-05-02 04:52:24","event":"add","file":"/home/aa/work/mumps.io/templates/layouts/plgd_layout.html"}
{"ts":"2026-05-02 04:52:24","event":"add","file":"/home/aa/work/mumps.io/templates/pages/mioos_desktop.html"}
{"ts":"2026-05-02 04:52:24","event":"add","file":"/home/aa/work/mumps.io/templates/pages/plgd_about.html"}
{"ts":"2026-05-02 04:52:24","event":"add","file":"/home/aa/work/mumps.io/templates/pages/plgd_home.html"}
{"ts":"2026-05-02 04:52:24","event":"add","file":"/home/aa/work/mumps.io/templates/pages/plgd_playground.html"}
{"ts":"2026-05-02 04:52:24","event":"add","file":"/home/aa/work/mumps.io/templates/partials/ui_tpl_card_grid.html"}
{"ts":"2026-05-02 04:52:24","event":"add","file":"/home/aa/work/mumps.io/templates/partials/ui_tpl_card_list.html"}
{"ts":"2026-05-02 05:38:24","event":"mod","file":"/home/aa/work/mumps.io/templates/layouts/mioos_shell.html"}
