2026-04-10 20:52:50 watcher_start pid=152359 pattern=*.html
{"ts":"2026-04-10 20:52:50","event":"add","file":"/home/aa/work/mumps.io/templates/layouts/miomos_shell.html"}
{"ts":"2026-04-10 20:52:50","event":"add","file":"/home/aa/work/mumps.io/templates/layouts/mioos_shell.html"}
{"ts":"2026-04-10 20:52:50","event":"add","file":"/home/aa/work/mumps.io/templates/layouts/mioui_app.html"}
{"ts":"2026-04-10 20:52:50","event":"add","file":"/home/aa/work/mumps.io/templates/layouts/plgd_layout.html"}
{"ts":"2026-04-10 20:52:50","event":"add","file":"/home/aa/work/mumps.io/templates/pages/miomos_auth.html"}
{"ts":"2026-04-10 20:52:50","event":"add","file":"/home/aa/work/mumps.io/templates/pages/miomos_desktop.html"}
{"ts":"2026-04-10 20:52:50","event":"add","file":"/home/aa/work/mumps.io/templates/pages/mioos_desktop.html"}
{"ts":"2026-04-10 20:52:50","event":"add","file":"/home/aa/work/mumps.io/templates/pages/plgd_about.html"}
{"ts":"2026-04-10 20:52:50","event":"add","file":"/home/aa/work/mumps.io/templates/pages/plgd_home.html"}
{"ts":"2026-04-10 20:52:50","event":"add","file":"/home/aa/work/mumps.io/templates/pages/plgd_playground.html"}
{"ts":"2026-04-10 20:52:50","event":"add","file":"/home/aa/work/mumps.io/templates/partials/ui_tpl_card_grid.html"}
{"ts":"2026-04-10 20:52:50","event":"add","file":"/home/aa/work/mumps.io/templates/partials/ui_tpl_card_list.html"}
{"ts":"2026-04-11 04:15:19","event":"mod","file":"/home/aa/work/mumps.io/templates/pages/mioos_desktop.html"}
{"ts":"2026-04-11 04:18:05","event":"mod","file":"/home/aa/work/mumps.io/templates/pages/mioos_desktop.html"}
{"ts":"2026-04-11 18:26:46","event":"mod","file":"/home/aa/work/mumps.io/templates/pages/mioos_desktop.html"}
{"ts":"2026-04-11 18:49:57","event":"mod","file":"/home/aa/work/mumps.io/templates/pages/mioos_desktop.html"}
{"ts":"2026-04-11 18:50:10","event":"mod","file":"/home/aa/work/mumps.io/templates/pages/mioos_desktop.html"}
{"ts":"2026-04-11 18:59:41","event":"add","file":"/home/aa/work/mumps.io/templates/layouts/miomos_shell.html"}
{"ts":"2026-04-11 18:59:41","event":"add","file":"/home/aa/work/mumps.io/templates/layouts/mioos_shell.html"}
{"ts":"2026-04-11 18:59:41","event":"add","file":"/home/aa/work/mumps.io/templates/layouts/mioui_app.html"}
{"ts":"2026-04-11 18:59:41","event":"add","file":"/home/aa/work/mumps.io/templates/layouts/plgd_layout.html"}
{"ts":"2026-04-11 18:59:41","event":"add","file":"/home/aa/work/mumps.io/templates/pages/miomos_auth.html"}
{"ts":"2026-04-11 18:59:41","event":"add","file":"/home/aa/work/mumps.io/templates/pages/miomos_desktop.html"}
{"ts":"2026-04-11 18:59:41","event":"add","file":"/home/aa/work/mumps.io/templates/pages/mioos_desktop.html"}
{"ts":"2026-04-11 18:59:41","event":"add","file":"/home/aa/work/mumps.io/templates/pages/plgd_about.html"}
{"ts":"2026-04-11 18:59:41","event":"add","file":"/home/aa/work/mumps.io/templates/pages/plgd_home.html"}
{"ts":"2026-04-11 18:59:41","event":"add","file":"/home/aa/work/mumps.io/templates/pages/plgd_playground.html"}
{"ts":"2026-04-11 18:59:41","event":"add","file":"/home/aa/work/mumps.io/templates/partials/ui_tpl_card_grid.html"}
{"ts":"2026-04-11 18:59:41","event":"add","file":"/home/aa/work/mumps.io/templates/partials/ui_tpl_card_list.html"}
