2026-03-30 02:18:19 watcher_start pid=577058 pattern=*.html
{"ts":"2026-03-30 02:18:19","event":"add","file":"/home/aa/work/mumps.io/templates/layouts/miomos_shell.html"}
{"ts":"2026-03-30 02:18:19","event":"add","file":"/home/aa/work/mumps.io/templates/layouts/mioui_app.html"}
{"ts":"2026-03-30 02:18:19","event":"add","file":"/home/aa/work/mumps.io/templates/layouts/plgd_layout.html"}
{"ts":"2026-03-30 02:18:19","event":"add","file":"/home/aa/work/mumps.io/templates/pages/miomos_auth.html"}
{"ts":"2026-03-30 02:18:19","event":"add","file":"/home/aa/work/mumps.io/templates/pages/miomos_desktop.html"}
{"ts":"2026-03-30 02:18:19","event":"add","file":"/home/aa/work/mumps.io/templates/pages/plgd_about.html"}
{"ts":"2026-03-30 02:18:19","event":"add","file":"/home/aa/work/mumps.io/templates/pages/plgd_home.html"}
{"ts":"2026-03-30 02:18:19","event":"add","file":"/home/aa/work/mumps.io/templates/pages/plgd_playground.html"}
{"ts":"2026-03-30 02:18:19","event":"add","file":"/home/aa/work/mumps.io/templates/partials/ui_tpl_card_grid.html"}
{"ts":"2026-03-30 02:18:19","event":"add","file":"/home/aa/work/mumps.io/templates/partials/ui_tpl_card_list.html"}
{"ts":"2026-03-30 02:21:27","event":"mod","file":"/home/aa/work/mumps.io/templates/layouts/miomos_shell.html"}
{"ts":"2026-03-30 02:21:31","event":"mod","file":"/home/aa/work/mumps.io/templates/layouts/miomos_shell.html"}
{"ts":"2026-03-30 02:22:58","event":"mod","file":"/home/aa/work/mumps.io/templates/layouts/miomos_shell.html"}
{"ts":"2026-03-30 02:23:43","event":"mod","file":"/home/aa/work/mumps.io/templates/layouts/miomos_shell.html"}
{"ts":"2026-03-30 02:24:18","event":"mod","file":"/home/aa/work/mumps.io/templates/layouts/miomos_shell.html"}
{"ts":"2026-03-30 02:24:49","event":"mod","file":"/home/aa/work/mumps.io/templates/layouts/miomos_shell.html"}
{"ts":"2026-03-30 02:25:15","event":"mod","file":"/home/aa/work/mumps.io/templates/layouts/miomos_shell.html"}
{"ts":"2026-03-30 02:25:34","event":"mod","file":"/home/aa/work/mumps.io/templates/layouts/miomos_shell.html"}
{"ts":"2026-03-30 02:26:16","event":"mod","file":"/home/aa/work/mumps.io/templates/layouts/miomos_shell.html"}
{"ts":"2026-03-30 02:27:53","event":"mod","file":"/home/aa/work/mumps.io/templates/layouts/miomos_shell.html"}
{"ts":"2026-03-30 02:43:01","event":"mod","file":"/home/aa/work/mumps.io/templates/layouts/miomos_shell.html"}
{"ts":"2026-03-30 02:43:06","event":"mod","file":"/home/aa/work/mumps.io/templates/layouts/miomos_shell.html"}
{"ts":"2026-03-30 02:43:11","event":"mod","file":"/home/aa/work/mumps.io/templates/layouts/miomos_shell.html"}
{"ts":"2026-03-30 02:43:18","event":"mod","file":"/home/aa/work/mumps.io/templates/layouts/miomos_shell.html"}
{"ts":"2026-03-30 02:46:20","event":"mod","file":"/home/aa/work/mumps.io/templates/pages/miomos_desktop.html"}
{"ts":"2026-03-30 02:47:05","event":"mod","file":"/home/aa/work/mumps.io/templates/pages/miomos_desktop.html"}
{"ts":"2026-03-30 02:47:16","event":"mod","file":"/home/aa/work/mumps.io/templates/pages/miomos_desktop.html"}
{"ts":"2026-03-30 02:47:30","event":"mod","file":"/home/aa/work/mumps.io/templates/pages/miomos_desktop.html"}
