2026-03-28 15:20:08 watcher_start pid=501630 pattern=*.html
{"ts":"2026-03-28 15:20:08","event":"add","file":"/home/aa/work/mumps.io/templates/app_index.html"}
{"ts":"2026-03-28 15:20:08","event":"add","file":"/home/aa/work/mumps.io/templates/app_layout.html"}
{"ts":"2026-03-28 15:20:08","event":"add","file":"/home/aa/work/mumps.io/templates/layout.html"}
{"ts":"2026-03-28 15:20:08","event":"add","file":"/home/aa/work/mumps.io/templates/layouts/miomos_shell.html"}
{"ts":"2026-03-28 15:20:08","event":"add","file":"/home/aa/work/mumps.io/templates/layouts/mioui_app.html"}
{"ts":"2026-03-28 15:20:08","event":"add","file":"/home/aa/work/mumps.io/templates/layouts/plgd_layout.html"}
{"ts":"2026-03-28 15:20:08","event":"add","file":"/home/aa/work/mumps.io/templates/mio_index.html"}
{"ts":"2026-03-28 15:20:08","event":"add","file":"/home/aa/work/mumps.io/templates/mio_layout.html"}
{"ts":"2026-03-28 15:20:08","event":"add","file":"/home/aa/work/mumps.io/templates/mio_page.html"}
{"ts":"2026-03-28 15:20:08","event":"add","file":"/home/aa/work/mumps.io/templates/mio_pkg.html"}
{"ts":"2026-03-28 15:20:08","event":"add","file":"/home/aa/work/mumps.io/templates/mio_repo.html"}
{"ts":"2026-03-28 15:20:08","event":"add","file":"/home/aa/work/mumps.io/templates/page.html"}
{"ts":"2026-03-28 15:20:08","event":"add","file":"/home/aa/work/mumps.io/templates/pages/miomos_auth.html"}
{"ts":"2026-03-28 15:20:08","event":"add","file":"/home/aa/work/mumps.io/templates/pages/miomos_desktop.html"}
{"ts":"2026-03-28 15:20:08","event":"add","file":"/home/aa/work/mumps.io/templates/pages/plgd_about.html"}
{"ts":"2026-03-28 15:20:08","event":"add","file":"/home/aa/work/mumps.io/templates/pages/plgd_home.html"}
{"ts":"2026-03-28 15:20:08","event":"add","file":"/home/aa/work/mumps.io/templates/pages/plgd_playground.html"}
{"ts":"2026-03-28 15:20:08","event":"add","file":"/home/aa/work/mumps.io/templates/partials/mio_footer.html"}
{"ts":"2026-03-28 15:20:08","event":"add","file":"/home/aa/work/mumps.io/templates/partials/mio_nav.html"}
{"ts":"2026-03-28 15:20:08","event":"add","file":"/home/aa/work/mumps.io/templates/partials/ui_badge.html"}
{"ts":"2026-03-28 15:20:08","event":"add","file":"/home/aa/work/mumps.io/templates/partials/ui_footer.html"}
{"ts":"2026-03-28 15:20:08","event":"add","file":"/home/aa/work/mumps.io/templates/partials/ui_hero.html"}
{"ts":"2026-03-28 15:20:08","event":"add","file":"/home/aa/work/mumps.io/templates/partials/ui_nav.html"}
{"ts":"2026-03-28 15:20:08","event":"add","file":"/home/aa/work/mumps.io/templates/partials/ui_tpl_card_grid.html"}
{"ts":"2026-03-28 15:20:08","event":"add","file":"/home/aa/work/mumps.io/templates/partials/ui_tpl_card_list.html"}
