2026-04-01 23:08:42 watcher_start pid=42284 pattern=*.html
{"ts":"2026-04-01 23:08:42","event":"add","file":"/home/aa/work/mio/templates/layouts/miomos_shell.html"}
{"ts":"2026-04-01 23:08:42","event":"add","file":"/home/aa/work/mio/templates/layouts/mioos_shell.html"}
{"ts":"2026-04-01 23:08:42","event":"add","file":"/home/aa/work/mio/templates/layouts/mioui_app.html"}
{"ts":"2026-04-01 23:08:42","event":"add","file":"/home/aa/work/mio/templates/layouts/plgd_layout.html"}
{"ts":"2026-04-01 23:08:42","event":"add","file":"/home/aa/work/mio/templates/pages/miomos_auth.html"}
{"ts":"2026-04-01 23:08:42","event":"add","file":"/home/aa/work/mio/templates/pages/miomos_desktop.html"}
{"ts":"2026-04-01 23:08:42","event":"add","file":"/home/aa/work/mio/templates/pages/mioos_desktop.html"}
{"ts":"2026-04-01 23:08:42","event":"add","file":"/home/aa/work/mio/templates/pages/plgd_about.html"}
{"ts":"2026-04-01 23:08:42","event":"add","file":"/home/aa/work/mio/templates/pages/plgd_home.html"}
{"ts":"2026-04-01 23:08:42","event":"add","file":"/home/aa/work/mio/templates/pages/plgd_playground.html"}
{"ts":"2026-04-01 23:08:42","event":"add","file":"/home/aa/work/mio/templates/partials/ui_tpl_card_grid.html"}
{"ts":"2026-04-01 23:08:42","event":"add","file":"/home/aa/work/mio/templates/partials/ui_tpl_card_list.html"}
{"ts":"2026-04-01 23:27:22","event":"mod","file":"/home/aa/work/mio/templates/pages/mioos_desktop.html"}
{"ts":"2026-04-02 00:31:36","event":"mod","file":"/home/aa/work/mio/templates/layouts/mioos_shell.html"}
{"ts":"2026-04-02 00:31:42","event":"mod","file":"/home/aa/work/mio/templates/pages/mioos_desktop.html"}
{"ts":"2026-04-02 01:03:05","event":"mod","file":"/home/aa/work/mio/templates/layouts/mioos_shell.html"}
{"ts":"2026-04-02 01:45:33","event":"add","file":"/home/aa/work/mio/templates/layouts/miomos_shell.html"}
{"ts":"2026-04-02 01:45:33","event":"add","file":"/home/aa/work/mio/templates/layouts/mioos_shell.html"}
{"ts":"2026-04-02 01:45:33","event":"add","file":"/home/aa/work/mio/templates/layouts/mioui_app.html"}
{"ts":"2026-04-02 01:45:33","event":"add","file":"/home/aa/work/mio/templates/layouts/plgd_layout.html"}
{"ts":"2026-04-02 01:45:33","event":"add","file":"/home/aa/work/mio/templates/pages/miomos_auth.html"}
{"ts":"2026-04-02 01:45:33","event":"add","file":"/home/aa/work/mio/templates/pages/miomos_desktop.html"}
{"ts":"2026-04-02 01:45:33","event":"add","file":"/home/aa/work/mio/templates/pages/mioos_desktop.html"}
{"ts":"2026-04-02 01:45:33","event":"add","file":"/home/aa/work/mio/templates/pages/plgd_about.html"}
{"ts":"2026-04-02 01:45:33","event":"add","file":"/home/aa/work/mio/templates/pages/plgd_home.html"}
{"ts":"2026-04-02 01:45:33","event":"add","file":"/home/aa/work/mio/templates/pages/plgd_playground.html"}
{"ts":"2026-04-02 01:45:33","event":"add","file":"/home/aa/work/mio/templates/partials/ui_tpl_card_grid.html"}
{"ts":"2026-04-02 01:45:33","event":"add","file":"/home/aa/work/mio/templates/partials/ui_tpl_card_list.html"}
