{"ts":"2026-03-02 20:02:27","event":"add","file":"/home/aa/work/mumps.io/MIO/backend/templates/app_index.html"}
{"ts":"2026-03-02 20:02:27","event":"add","file":"/home/aa/work/mumps.io/MIO/backend/templates/app_layout.html"}
{"ts":"2026-03-02 20:02:27","event":"add","file":"/home/aa/work/mumps.io/MIO/backend/templates/layout.html"}
{"ts":"2026-03-02 20:02:27","event":"add","file":"/home/aa/work/mumps.io/MIO/backend/templates/layouts/plgd_layout.html"}
{"ts":"2026-03-02 20:02:27","event":"add","file":"/home/aa/work/mumps.io/MIO/backend/templates/mio_index.html"}
{"ts":"2026-03-02 20:02:27","event":"add","file":"/home/aa/work/mumps.io/MIO/backend/templates/mio_layout.html"}
{"ts":"2026-03-02 20:02:27","event":"add","file":"/home/aa/work/mumps.io/MIO/backend/templates/mio_page.html"}
{"ts":"2026-03-02 20:02:27","event":"add","file":"/home/aa/work/mumps.io/MIO/backend/templates/mio_pkg.html"}
{"ts":"2026-03-02 20:02:27","event":"add","file":"/home/aa/work/mumps.io/MIO/backend/templates/mio_repo.html"}
{"ts":"2026-03-02 20:02:27","event":"add","file":"/home/aa/work/mumps.io/MIO/backend/templates/page.html"}
{"ts":"2026-03-02 20:02:27","event":"add","file":"/home/aa/work/mumps.io/MIO/backend/templates/pages/plgd_about.html"}
{"ts":"2026-03-02 20:02:27","event":"add","file":"/home/aa/work/mumps.io/MIO/backend/templates/pages/plgd_home.html"}
{"ts":"2026-03-02 20:02:27","event":"add","file":"/home/aa/work/mumps.io/MIO/backend/templates/pages/plgd_playground.html"}
{"ts":"2026-03-02 20:02:27","event":"add","file":"/home/aa/work/mumps.io/MIO/backend/templates/partials/mio_footer.html"}
{"ts":"2026-03-02 20:02:27","event":"add","file":"/home/aa/work/mumps.io/MIO/backend/templates/partials/mio_nav.html"}
{"ts":"2026-03-02 20:02:27","event":"add","file":"/home/aa/work/mumps.io/MIO/backend/templates/partials/ui_badge.html"}
{"ts":"2026-03-02 20:02:27","event":"add","file":"/home/aa/work/mumps.io/MIO/backend/templates/partials/ui_footer.html"}
{"ts":"2026-03-02 20:02:27","event":"add","file":"/home/aa/work/mumps.io/MIO/backend/templates/partials/ui_hero.html"}
{"ts":"2026-03-02 20:02:27","event":"add","file":"/home/aa/work/mumps.io/MIO/backend/templates/partials/ui_nav.html"}
{"ts":"2026-03-02 20:02:27","event":"add","file":"/home/aa/work/mumps.io/MIO/backend/templates/partials/ui_tpl_card_grid.html"}
{"ts":"2026-03-02 20:02:27","event":"add","file":"/home/aa/work/mumps.io/MIO/backend/templates/partials/ui_tpl_card_list.html"}
{"ts":"2026-03-03 00:41:16","event":"add","file":"/home/aa/work/mumps.io/MIO/backend/templates/app_index.html"}
{"ts":"2026-03-03 00:41:16","event":"add","file":"/home/aa/work/mumps.io/MIO/backend/templates/app_layout.html"}
{"ts":"2026-03-03 00:41:16","event":"add","file":"/home/aa/work/mumps.io/MIO/backend/templates/layout.html"}
{"ts":"2026-03-03 00:41:16","event":"add","file":"/home/aa/work/mumps.io/MIO/backend/templates/layouts/plgd_layout.html"}
{"ts":"2026-03-03 00:41:16","event":"add","file":"/home/aa/work/mumps.io/MIO/backend/templates/mio_index.html"}
{"ts":"2026-03-03 00:41:16","event":"add","file":"/home/aa/work/mumps.io/MIO/backend/templates/mio_layout.html"}
{"ts":"2026-03-03 00:41:16","event":"add","file":"/home/aa/work/mumps.io/MIO/backend/templates/mio_page.html"}
{"ts":"2026-03-03 00:41:16","event":"add","file":"/home/aa/work/mumps.io/MIO/backend/templates/mio_pkg.html"}
{"ts":"2026-03-03 00:41:16","event":"add","file":"/home/aa/work/mumps.io/MIO/backend/templates/mio_repo.html"}
{"ts":"2026-03-03 00:41:16","event":"add","file":"/home/aa/work/mumps.io/MIO/backend/templates/page.html"}
{"ts":"2026-03-03 00:41:16","event":"add","file":"/home/aa/work/mumps.io/MIO/backend/templates/pages/plgd_about.html"}
{"ts":"2026-03-03 00:41:16","event":"add","file":"/home/aa/work/mumps.io/MIO/backend/templates/pages/plgd_home.html"}
{"ts":"2026-03-03 00:41:16","event":"add","file":"/home/aa/work/mumps.io/MIO/backend/templates/pages/plgd_playground.html"}
{"ts":"2026-03-03 00:41:16","event":"add","file":"/home/aa/work/mumps.io/MIO/backend/templates/partials/mio_footer.html"}
{"ts":"2026-03-03 00:41:16","event":"add","file":"/home/aa/work/mumps.io/MIO/backend/templates/partials/mio_nav.html"}
{"ts":"2026-03-03 00:41:16","event":"add","file":"/home/aa/work/mumps.io/MIO/backend/templates/partials/ui_badge.html"}
{"ts":"2026-03-03 00:41:16","event":"add","file":"/home/aa/work/mumps.io/MIO/backend/templates/partials/ui_footer.html"}
{"ts":"2026-03-03 00:41:16","event":"add","file":"/home/aa/work/mumps.io/MIO/backend/templates/partials/ui_hero.html"}
{"ts":"2026-03-03 00:41:16","event":"add","file":"/home/aa/work/mumps.io/MIO/backend/templates/partials/ui_nav.html"}
{"ts":"2026-03-03 00:41:16","event":"add","file":"/home/aa/work/mumps.io/MIO/backend/templates/partials/ui_tpl_card_grid.html"}
{"ts":"2026-03-03 00:41:16","event":"add","file":"/home/aa/work/mumps.io/MIO/backend/templates/partials/ui_tpl_card_list.html"}
{"ts":"2026-03-03 01:47:50","event":"add","file":"/home/aa/work/mumps.io/MIO/backend/templates/app_index.html"}
{"ts":"2026-03-03 01:47:50","event":"add","file":"/home/aa/work/mumps.io/MIO/backend/templates/app_layout.html"}
{"ts":"2026-03-03 01:47:50","event":"add","file":"/home/aa/work/mumps.io/MIO/backend/templates/layout.html"}
{"ts":"2026-03-03 01:47:50","event":"add","file":"/home/aa/work/mumps.io/MIO/backend/templates/layouts/plgd_layout.html"}
{"ts":"2026-03-03 01:47:50","event":"add","file":"/home/aa/work/mumps.io/MIO/backend/templates/mio_index.html"}
{"ts":"2026-03-03 01:47:50","event":"add","file":"/home/aa/work/mumps.io/MIO/backend/templates/mio_layout.html"}
{"ts":"2026-03-03 01:47:50","event":"add","file":"/home/aa/work/mumps.io/MIO/backend/templates/mio_page.html"}
{"ts":"2026-03-03 01:47:50","event":"add","file":"/home/aa/work/mumps.io/MIO/backend/templates/mio_pkg.html"}
{"ts":"2026-03-03 01:47:50","event":"add","file":"/home/aa/work/mumps.io/MIO/backend/templates/mio_repo.html"}
{"ts":"2026-03-03 01:47:50","event":"add","file":"/home/aa/work/mumps.io/MIO/backend/templates/page.html"}
{"ts":"2026-03-03 01:47:50","event":"add","file":"/home/aa/work/mumps.io/MIO/backend/templates/pages/plgd_about.html"}
{"ts":"2026-03-03 01:47:50","event":"add","file":"/home/aa/work/mumps.io/MIO/backend/templates/pages/plgd_home.html"}
{"ts":"2026-03-03 01:47:50","event":"add","file":"/home/aa/work/mumps.io/MIO/backend/templates/pages/plgd_playground.html"}
{"ts":"2026-03-03 01:47:50","event":"add","file":"/home/aa/work/mumps.io/MIO/backend/templates/partials/mio_footer.html"}
{"ts":"2026-03-03 01:47:50","event":"add","file":"/home/aa/work/mumps.io/MIO/backend/templates/partials/mio_nav.html"}
{"ts":"2026-03-03 01:47:50","event":"add","file":"/home/aa/work/mumps.io/MIO/backend/templates/partials/ui_badge.html"}
{"ts":"2026-03-03 01:47:50","event":"add","file":"/home/aa/work/mumps.io/MIO/backend/templates/partials/ui_footer.html"}
{"ts":"2026-03-03 01:47:50","event":"add","file":"/home/aa/work/mumps.io/MIO/backend/templates/partials/ui_hero.html"}
{"ts":"2026-03-03 01:47:50","event":"add","file":"/home/aa/work/mumps.io/MIO/backend/templates/partials/ui_nav.html"}
{"ts":"2026-03-03 01:47:50","event":"add","file":"/home/aa/work/mumps.io/MIO/backend/templates/partials/ui_tpl_card_grid.html"}
{"ts":"2026-03-03 01:47:50","event":"add","file":"/home/aa/work/mumps.io/MIO/backend/templates/partials/ui_tpl_card_list.html"}
{"ts":"2026-03-03 01:51:33","event":"add","file":"/home/aa/work/mumps.io/MIO/backend/templates/app_index.html"}
{"ts":"2026-03-03 01:51:33","event":"add","file":"/home/aa/work/mumps.io/MIO/backend/templates/app_layout.html"}
{"ts":"2026-03-03 01:51:33","event":"add","file":"/home/aa/work/mumps.io/MIO/backend/templates/layout.html"}
{"ts":"2026-03-03 01:51:33","event":"add","file":"/home/aa/work/mumps.io/MIO/backend/templates/layouts/plgd_layout.html"}
{"ts":"2026-03-03 01:51:33","event":"add","file":"/home/aa/work/mumps.io/MIO/backend/templates/mio_index.html"}
{"ts":"2026-03-03 01:51:33","event":"add","file":"/home/aa/work/mumps.io/MIO/backend/templates/mio_layout.html"}
{"ts":"2026-03-03 01:51:33","event":"add","file":"/home/aa/work/mumps.io/MIO/backend/templates/mio_page.html"}
{"ts":"2026-03-03 01:51:33","event":"add","file":"/home/aa/work/mumps.io/MIO/backend/templates/mio_pkg.html"}
{"ts":"2026-03-03 01:51:33","event":"add","file":"/home/aa/work/mumps.io/MIO/backend/templates/mio_repo.html"}
{"ts":"2026-03-03 01:51:33","event":"add","file":"/home/aa/work/mumps.io/MIO/backend/templates/page.html"}
{"ts":"2026-03-03 01:51:33","event":"add","file":"/home/aa/work/mumps.io/MIO/backend/templates/pages/plgd_about.html"}
{"ts":"2026-03-03 01:51:33","event":"add","file":"/home/aa/work/mumps.io/MIO/backend/templates/pages/plgd_home.html"}
{"ts":"2026-03-03 01:51:33","event":"add","file":"/home/aa/work/mumps.io/MIO/backend/templates/pages/plgd_playground.html"}
{"ts":"2026-03-03 01:51:33","event":"add","file":"/home/aa/work/mumps.io/MIO/backend/templates/partials/mio_footer.html"}
{"ts":"2026-03-03 01:51:33","event":"add","file":"/home/aa/work/mumps.io/MIO/backend/templates/partials/mio_nav.html"}
{"ts":"2026-03-03 01:51:33","event":"add","file":"/home/aa/work/mumps.io/MIO/backend/templates/partials/ui_badge.html"}
{"ts":"2026-03-03 01:51:33","event":"add","file":"/home/aa/work/mumps.io/MIO/backend/templates/partials/ui_footer.html"}
{"ts":"2026-03-03 01:51:33","event":"add","file":"/home/aa/work/mumps.io/MIO/backend/templates/partials/ui_hero.html"}
{"ts":"2026-03-03 01:51:33","event":"add","file":"/home/aa/work/mumps.io/MIO/backend/templates/partials/ui_nav.html"}
{"ts":"2026-03-03 01:51:33","event":"add","file":"/home/aa/work/mumps.io/MIO/backend/templates/partials/ui_tpl_card_grid.html"}
{"ts":"2026-03-03 01:51:33","event":"add","file":"/home/aa/work/mumps.io/MIO/backend/templates/partials/ui_tpl_card_list.html"}
{"ts":"2026-03-03 01:52:10","event":"add","file":"/home/aa/work/mumps.io/MIO/backend/templates/app_index.html"}
{"ts":"2026-03-03 01:52:10","event":"add","file":"/home/aa/work/mumps.io/MIO/backend/templates/app_layout.html"}
{"ts":"2026-03-03 01:52:10","event":"add","file":"/home/aa/work/mumps.io/MIO/backend/templates/layout.html"}
{"ts":"2026-03-03 01:52:10","event":"add","file":"/home/aa/work/mumps.io/MIO/backend/templates/layouts/plgd_layout.html"}
{"ts":"2026-03-03 01:52:10","event":"add","file":"/home/aa/work/mumps.io/MIO/backend/templates/mio_index.html"}
{"ts":"2026-03-03 01:52:10","event":"add","file":"/home/aa/work/mumps.io/MIO/backend/templates/mio_layout.html"}
{"ts":"2026-03-03 01:52:10","event":"add","file":"/home/aa/work/mumps.io/MIO/backend/templates/mio_page.html"}
{"ts":"2026-03-03 01:52:10","event":"add","file":"/home/aa/work/mumps.io/MIO/backend/templates/mio_pkg.html"}
{"ts":"2026-03-03 01:52:10","event":"add","file":"/home/aa/work/mumps.io/MIO/backend/templates/mio_repo.html"}
{"ts":"2026-03-03 01:52:10","event":"add","file":"/home/aa/work/mumps.io/MIO/backend/templates/page.html"}
{"ts":"2026-03-03 01:52:10","event":"add","file":"/home/aa/work/mumps.io/MIO/backend/templates/pages/plgd_about.html"}
{"ts":"2026-03-03 01:52:10","event":"add","file":"/home/aa/work/mumps.io/MIO/backend/templates/pages/plgd_home.html"}
{"ts":"2026-03-03 01:52:10","event":"add","file":"/home/aa/work/mumps.io/MIO/backend/templates/pages/plgd_playground.html"}
{"ts":"2026-03-03 01:52:10","event":"add","file":"/home/aa/work/mumps.io/MIO/backend/templates/partials/mio_footer.html"}
{"ts":"2026-03-03 01:52:10","event":"add","file":"/home/aa/work/mumps.io/MIO/backend/templates/partials/mio_nav.html"}
{"ts":"2026-03-03 01:52:10","event":"add","file":"/home/aa/work/mumps.io/MIO/backend/templates/partials/ui_badge.html"}
{"ts":"2026-03-03 01:52:10","event":"add","file":"/home/aa/work/mumps.io/MIO/backend/templates/partials/ui_footer.html"}
{"ts":"2026-03-03 01:52:10","event":"add","file":"/home/aa/work/mumps.io/MIO/backend/templates/partials/ui_hero.html"}
{"ts":"2026-03-03 01:52:10","event":"add","file":"/home/aa/work/mumps.io/MIO/backend/templates/partials/ui_nav.html"}
{"ts":"2026-03-03 01:52:10","event":"add","file":"/home/aa/work/mumps.io/MIO/backend/templates/partials/ui_tpl_card_grid.html"}
{"ts":"2026-03-03 01:52:10","event":"add","file":"/home/aa/work/mumps.io/MIO/backend/templates/partials/ui_tpl_card_list.html"}
{"ts":"2026-03-04 04:37:28","event":"add","file":"/home/aa/work/mumps.io/MIO/backend/templates/app_index.html"}
{"ts":"2026-03-04 04:37:28","event":"add","file":"/home/aa/work/mumps.io/MIO/backend/templates/app_layout.html"}
{"ts":"2026-03-04 04:37:28","event":"add","file":"/home/aa/work/mumps.io/MIO/backend/templates/layout.html"}
{"ts":"2026-03-04 04:37:28","event":"add","file":"/home/aa/work/mumps.io/MIO/backend/templates/layouts/plgd_layout.html"}
{"ts":"2026-03-04 04:37:28","event":"add","file":"/home/aa/work/mumps.io/MIO/backend/templates/mio_index.html"}
{"ts":"2026-03-04 04:37:28","event":"add","file":"/home/aa/work/mumps.io/MIO/backend/templates/mio_layout.html"}
{"ts":"2026-03-04 04:37:28","event":"add","file":"/home/aa/work/mumps.io/MIO/backend/templates/mio_page.html"}
{"ts":"2026-03-04 04:37:28","event":"add","file":"/home/aa/work/mumps.io/MIO/backend/templates/mio_pkg.html"}
{"ts":"2026-03-04 04:37:28","event":"add","file":"/home/aa/work/mumps.io/MIO/backend/templates/mio_repo.html"}
{"ts":"2026-03-04 04:37:28","event":"add","file":"/home/aa/work/mumps.io/MIO/backend/templates/page.html"}
{"ts":"2026-03-04 04:37:28","event":"add","file":"/home/aa/work/mumps.io/MIO/backend/templates/pages/plgd_about.html"}
{"ts":"2026-03-04 04:37:28","event":"add","file":"/home/aa/work/mumps.io/MIO/backend/templates/pages/plgd_home.html"}
{"ts":"2026-03-04 04:37:28","event":"add","file":"/home/aa/work/mumps.io/MIO/backend/templates/pages/plgd_playground.html"}
{"ts":"2026-03-04 04:37:28","event":"add","file":"/home/aa/work/mumps.io/MIO/backend/templates/partials/mio_footer.html"}
{"ts":"2026-03-04 04:37:28","event":"add","file":"/home/aa/work/mumps.io/MIO/backend/templates/partials/mio_nav.html"}
{"ts":"2026-03-04 04:37:28","event":"add","file":"/home/aa/work/mumps.io/MIO/backend/templates/partials/ui_badge.html"}
{"ts":"2026-03-04 04:37:28","event":"add","file":"/home/aa/work/mumps.io/MIO/backend/templates/partials/ui_footer.html"}
{"ts":"2026-03-04 04:37:28","event":"add","file":"/home/aa/work/mumps.io/MIO/backend/templates/partials/ui_hero.html"}
{"ts":"2026-03-04 04:37:28","event":"add","file":"/home/aa/work/mumps.io/MIO/backend/templates/partials/ui_nav.html"}
{"ts":"2026-03-04 04:37:28","event":"add","file":"/home/aa/work/mumps.io/MIO/backend/templates/partials/ui_tpl_card_grid.html"}
{"ts":"2026-03-04 04:37:28","event":"add","file":"/home/aa/work/mumps.io/MIO/backend/templates/partials/ui_tpl_card_list.html"}
{"ts":"2026-03-04 19:58:47","event":"add","file":"/home/aa/work/mumps.io/MIO/backend/templates/app_index.html"}
{"ts":"2026-03-04 19:58:47","event":"add","file":"/home/aa/work/mumps.io/MIO/backend/templates/app_layout.html"}
{"ts":"2026-03-04 19:58:47","event":"add","file":"/home/aa/work/mumps.io/MIO/backend/templates/layout.html"}
{"ts":"2026-03-04 19:58:47","event":"add","file":"/home/aa/work/mumps.io/MIO/backend/templates/layouts/plgd_layout.html"}
{"ts":"2026-03-04 19:58:47","event":"add","file":"/home/aa/work/mumps.io/MIO/backend/templates/mio_index.html"}
{"ts":"2026-03-04 19:58:47","event":"add","file":"/home/aa/work/mumps.io/MIO/backend/templates/mio_layout.html"}
{"ts":"2026-03-04 19:58:47","event":"add","file":"/home/aa/work/mumps.io/MIO/backend/templates/mio_page.html"}
{"ts":"2026-03-04 19:58:47","event":"add","file":"/home/aa/work/mumps.io/MIO/backend/templates/mio_pkg.html"}
{"ts":"2026-03-04 19:58:47","event":"add","file":"/home/aa/work/mumps.io/MIO/backend/templates/mio_repo.html"}
{"ts":"2026-03-04 19:58:47","event":"add","file":"/home/aa/work/mumps.io/MIO/backend/templates/page.html"}
{"ts":"2026-03-04 19:58:47","event":"add","file":"/home/aa/work/mumps.io/MIO/backend/templates/pages/plgd_about.html"}
{"ts":"2026-03-04 19:58:47","event":"add","file":"/home/aa/work/mumps.io/MIO/backend/templates/pages/plgd_home.html"}
{"ts":"2026-03-04 19:58:47","event":"add","file":"/home/aa/work/mumps.io/MIO/backend/templates/pages/plgd_playground.html"}
{"ts":"2026-03-04 19:58:47","event":"add","file":"/home/aa/work/mumps.io/MIO/backend/templates/partials/mio_footer.html"}
{"ts":"2026-03-04 19:58:47","event":"add","file":"/home/aa/work/mumps.io/MIO/backend/templates/partials/mio_nav.html"}
{"ts":"2026-03-04 19:58:47","event":"add","file":"/home/aa/work/mumps.io/MIO/backend/templates/partials/ui_badge.html"}
{"ts":"2026-03-04 19:58:47","event":"add","file":"/home/aa/work/mumps.io/MIO/backend/templates/partials/ui_footer.html"}
{"ts":"2026-03-04 19:58:47","event":"add","file":"/home/aa/work/mumps.io/MIO/backend/templates/partials/ui_hero.html"}
{"ts":"2026-03-04 19:58:47","event":"add","file":"/home/aa/work/mumps.io/MIO/backend/templates/partials/ui_nav.html"}
{"ts":"2026-03-04 19:58:47","event":"add","file":"/home/aa/work/mumps.io/MIO/backend/templates/partials/ui_tpl_card_grid.html"}
{"ts":"2026-03-04 19:58:47","event":"add","file":"/home/aa/work/mumps.io/MIO/backend/templates/partials/ui_tpl_card_list.html"}
{"ts":"2026-03-04 19:59:10","event":"add","file":"/home/aa/work/mumps.io/MIO/backend/templates/app_index.html"}
{"ts":"2026-03-04 19:59:10","event":"add","file":"/home/aa/work/mumps.io/MIO/backend/templates/app_layout.html"}
{"ts":"2026-03-04 19:59:10","event":"add","file":"/home/aa/work/mumps.io/MIO/backend/templates/layout.html"}
{"ts":"2026-03-04 19:59:10","event":"add","file":"/home/aa/work/mumps.io/MIO/backend/templates/layouts/plgd_layout.html"}
{"ts":"2026-03-04 19:59:10","event":"add","file":"/home/aa/work/mumps.io/MIO/backend/templates/mio_index.html"}
{"ts":"2026-03-04 19:59:10","event":"add","file":"/home/aa/work/mumps.io/MIO/backend/templates/mio_layout.html"}
{"ts":"2026-03-04 19:59:10","event":"add","file":"/home/aa/work/mumps.io/MIO/backend/templates/mio_page.html"}
{"ts":"2026-03-04 19:59:10","event":"add","file":"/home/aa/work/mumps.io/MIO/backend/templates/mio_pkg.html"}
{"ts":"2026-03-04 19:59:10","event":"add","file":"/home/aa/work/mumps.io/MIO/backend/templates/mio_repo.html"}
{"ts":"2026-03-04 19:59:10","event":"add","file":"/home/aa/work/mumps.io/MIO/backend/templates/page.html"}
{"ts":"2026-03-04 19:59:10","event":"add","file":"/home/aa/work/mumps.io/MIO/backend/templates/pages/plgd_about.html"}
{"ts":"2026-03-04 19:59:10","event":"add","file":"/home/aa/work/mumps.io/MIO/backend/templates/pages/plgd_home.html"}
{"ts":"2026-03-04 19:59:10","event":"add","file":"/home/aa/work/mumps.io/MIO/backend/templates/pages/plgd_playground.html"}
{"ts":"2026-03-04 19:59:10","event":"add","file":"/home/aa/work/mumps.io/MIO/backend/templates/partials/mio_footer.html"}
{"ts":"2026-03-04 19:59:10","event":"add","file":"/home/aa/work/mumps.io/MIO/backend/templates/partials/mio_nav.html"}
{"ts":"2026-03-04 19:59:10","event":"add","file":"/home/aa/work/mumps.io/MIO/backend/templates/partials/ui_badge.html"}
{"ts":"2026-03-04 19:59:10","event":"add","file":"/home/aa/work/mumps.io/MIO/backend/templates/partials/ui_footer.html"}
{"ts":"2026-03-04 19:59:10","event":"add","file":"/home/aa/work/mumps.io/MIO/backend/templates/partials/ui_hero.html"}
{"ts":"2026-03-04 19:59:10","event":"add","file":"/home/aa/work/mumps.io/MIO/backend/templates/partials/ui_nav.html"}
{"ts":"2026-03-04 19:59:10","event":"add","file":"/home/aa/work/mumps.io/MIO/backend/templates/partials/ui_tpl_card_grid.html"}
{"ts":"2026-03-04 19:59:10","event":"add","file":"/home/aa/work/mumps.io/MIO/backend/templates/partials/ui_tpl_card_list.html"}
{"ts":"2026-03-04 19:59:34","event":"add","file":"/home/aa/work/mumps.io/MIO/backend/templates/app_index.html"}
{"ts":"2026-03-04 19:59:34","event":"add","file":"/home/aa/work/mumps.io/MIO/backend/templates/app_layout.html"}
{"ts":"2026-03-04 19:59:34","event":"add","file":"/home/aa/work/mumps.io/MIO/backend/templates/layout.html"}
{"ts":"2026-03-04 19:59:34","event":"add","file":"/home/aa/work/mumps.io/MIO/backend/templates/layouts/plgd_layout.html"}
{"ts":"2026-03-04 19:59:34","event":"add","file":"/home/aa/work/mumps.io/MIO/backend/templates/mio_index.html"}
{"ts":"2026-03-04 19:59:34","event":"add","file":"/home/aa/work/mumps.io/MIO/backend/templates/mio_layout.html"}
{"ts":"2026-03-04 19:59:34","event":"add","file":"/home/aa/work/mumps.io/MIO/backend/templates/mio_page.html"}
{"ts":"2026-03-04 19:59:34","event":"add","file":"/home/aa/work/mumps.io/MIO/backend/templates/mio_pkg.html"}
{"ts":"2026-03-04 19:59:34","event":"add","file":"/home/aa/work/mumps.io/MIO/backend/templates/mio_repo.html"}
{"ts":"2026-03-04 19:59:34","event":"add","file":"/home/aa/work/mumps.io/MIO/backend/templates/page.html"}
{"ts":"2026-03-04 19:59:34","event":"add","file":"/home/aa/work/mumps.io/MIO/backend/templates/pages/plgd_about.html"}
{"ts":"2026-03-04 19:59:34","event":"add","file":"/home/aa/work/mumps.io/MIO/backend/templates/pages/plgd_home.html"}
{"ts":"2026-03-04 19:59:34","event":"add","file":"/home/aa/work/mumps.io/MIO/backend/templates/pages/plgd_playground.html"}
{"ts":"2026-03-04 19:59:34","event":"add","file":"/home/aa/work/mumps.io/MIO/backend/templates/partials/mio_footer.html"}
{"ts":"2026-03-04 19:59:34","event":"add","file":"/home/aa/work/mumps.io/MIO/backend/templates/partials/mio_nav.html"}
{"ts":"2026-03-04 19:59:34","event":"add","file":"/home/aa/work/mumps.io/MIO/backend/templates/partials/ui_badge.html"}
{"ts":"2026-03-04 19:59:34","event":"add","file":"/home/aa/work/mumps.io/MIO/backend/templates/partials/ui_footer.html"}
{"ts":"2026-03-04 19:59:34","event":"add","file":"/home/aa/work/mumps.io/MIO/backend/templates/partials/ui_hero.html"}
{"ts":"2026-03-04 19:59:34","event":"add","file":"/home/aa/work/mumps.io/MIO/backend/templates/partials/ui_nav.html"}
{"ts":"2026-03-04 19:59:34","event":"add","file":"/home/aa/work/mumps.io/MIO/backend/templates/partials/ui_tpl_card_grid.html"}
{"ts":"2026-03-04 19:59:34","event":"add","file":"/home/aa/work/mumps.io/MIO/backend/templates/partials/ui_tpl_card_list.html"}
{"ts":"2026-03-04 20:00:06","event":"add","file":"/home/aa/work/mumps.io/MIO/backend/templates/app_index.html"}
{"ts":"2026-03-04 20:00:06","event":"add","file":"/home/aa/work/mumps.io/MIO/backend/templates/app_layout.html"}
{"ts":"2026-03-04 20:00:06","event":"add","file":"/home/aa/work/mumps.io/MIO/backend/templates/layout.html"}
{"ts":"2026-03-04 20:00:06","event":"add","file":"/home/aa/work/mumps.io/MIO/backend/templates/layouts/plgd_layout.html"}
{"ts":"2026-03-04 20:00:06","event":"add","file":"/home/aa/work/mumps.io/MIO/backend/templates/mio_index.html"}
{"ts":"2026-03-04 20:00:06","event":"add","file":"/home/aa/work/mumps.io/MIO/backend/templates/mio_layout.html"}
{"ts":"2026-03-04 20:00:06","event":"add","file":"/home/aa/work/mumps.io/MIO/backend/templates/mio_page.html"}
{"ts":"2026-03-04 20:00:06","event":"add","file":"/home/aa/work/mumps.io/MIO/backend/templates/mio_pkg.html"}
{"ts":"2026-03-04 20:00:06","event":"add","file":"/home/aa/work/mumps.io/MIO/backend/templates/mio_repo.html"}
{"ts":"2026-03-04 20:00:06","event":"add","file":"/home/aa/work/mumps.io/MIO/backend/templates/page.html"}
{"ts":"2026-03-04 20:00:06","event":"add","file":"/home/aa/work/mumps.io/MIO/backend/templates/pages/plgd_about.html"}
{"ts":"2026-03-04 20:00:06","event":"add","file":"/home/aa/work/mumps.io/MIO/backend/templates/pages/plgd_home.html"}
{"ts":"2026-03-04 20:00:06","event":"add","file":"/home/aa/work/mumps.io/MIO/backend/templates/pages/plgd_playground.html"}
{"ts":"2026-03-04 20:00:06","event":"add","file":"/home/aa/work/mumps.io/MIO/backend/templates/partials/mio_footer.html"}
{"ts":"2026-03-04 20:00:06","event":"add","file":"/home/aa/work/mumps.io/MIO/backend/templates/partials/mio_nav.html"}
{"ts":"2026-03-04 20:00:06","event":"add","file":"/home/aa/work/mumps.io/MIO/backend/templates/partials/ui_badge.html"}
{"ts":"2026-03-04 20:00:06","event":"add","file":"/home/aa/work/mumps.io/MIO/backend/templates/partials/ui_footer.html"}
{"ts":"2026-03-04 20:00:06","event":"add","file":"/home/aa/work/mumps.io/MIO/backend/templates/partials/ui_hero.html"}
{"ts":"2026-03-04 20:00:06","event":"add","file":"/home/aa/work/mumps.io/MIO/backend/templates/partials/ui_nav.html"}
{"ts":"2026-03-04 20:00:06","event":"add","file":"/home/aa/work/mumps.io/MIO/backend/templates/partials/ui_tpl_card_grid.html"}
{"ts":"2026-03-04 20:00:06","event":"add","file":"/home/aa/work/mumps.io/MIO/backend/templates/partials/ui_tpl_card_list.html"}
{"ts":"2026-03-04 23:58:26","event":"add","file":"/home/aa/work/mumps.io/MIO/backend/templates/app_index.html"}
{"ts":"2026-03-04 23:58:26","event":"add","file":"/home/aa/work/mumps.io/MIO/backend/templates/app_layout.html"}
{"ts":"2026-03-04 23:58:26","event":"add","file":"/home/aa/work/mumps.io/MIO/backend/templates/layout.html"}
{"ts":"2026-03-04 23:58:26","event":"add","file":"/home/aa/work/mumps.io/MIO/backend/templates/layouts/plgd_layout.html"}
{"ts":"2026-03-04 23:58:26","event":"add","file":"/home/aa/work/mumps.io/MIO/backend/templates/mio_index.html"}
{"ts":"2026-03-04 23:58:26","event":"add","file":"/home/aa/work/mumps.io/MIO/backend/templates/mio_layout.html"}
{"ts":"2026-03-04 23:58:26","event":"add","file":"/home/aa/work/mumps.io/MIO/backend/templates/mio_page.html"}
{"ts":"2026-03-04 23:58:26","event":"add","file":"/home/aa/work/mumps.io/MIO/backend/templates/mio_pkg.html"}
{"ts":"2026-03-04 23:58:26","event":"add","file":"/home/aa/work/mumps.io/MIO/backend/templates/mio_repo.html"}
{"ts":"2026-03-04 23:58:26","event":"add","file":"/home/aa/work/mumps.io/MIO/backend/templates/page.html"}
{"ts":"2026-03-04 23:58:26","event":"add","file":"/home/aa/work/mumps.io/MIO/backend/templates/pages/plgd_about.html"}
{"ts":"2026-03-04 23:58:26","event":"add","file":"/home/aa/work/mumps.io/MIO/backend/templates/pages/plgd_home.html"}
{"ts":"2026-03-04 23:58:26","event":"add","file":"/home/aa/work/mumps.io/MIO/backend/templates/pages/plgd_playground.html"}
{"ts":"2026-03-04 23:58:26","event":"add","file":"/home/aa/work/mumps.io/MIO/backend/templates/partials/mio_footer.html"}
{"ts":"2026-03-04 23:58:26","event":"add","file":"/home/aa/work/mumps.io/MIO/backend/templates/partials/mio_nav.html"}
{"ts":"2026-03-04 23:58:26","event":"add","file":"/home/aa/work/mumps.io/MIO/backend/templates/partials/ui_badge.html"}
{"ts":"2026-03-04 23:58:26","event":"add","file":"/home/aa/work/mumps.io/MIO/backend/templates/partials/ui_footer.html"}
{"ts":"2026-03-04 23:58:26","event":"add","file":"/home/aa/work/mumps.io/MIO/backend/templates/partials/ui_hero.html"}
{"ts":"2026-03-04 23:58:26","event":"add","file":"/home/aa/work/mumps.io/MIO/backend/templates/partials/ui_nav.html"}
{"ts":"2026-03-04 23:58:26","event":"add","file":"/home/aa/work/mumps.io/MIO/backend/templates/partials/ui_tpl_card_grid.html"}
{"ts":"2026-03-04 23:58:26","event":"add","file":"/home/aa/work/mumps.io/MIO/backend/templates/partials/ui_tpl_card_list.html"}
{"ts":"2026-03-05 00:00:13","event":"add","file":"/home/aa/work/mumps.io/MIO/backend/templates/app_index.html"}
{"ts":"2026-03-05 00:00:13","event":"add","file":"/home/aa/work/mumps.io/MIO/backend/templates/app_layout.html"}
{"ts":"2026-03-05 00:00:13","event":"add","file":"/home/aa/work/mumps.io/MIO/backend/templates/layout.html"}
{"ts":"2026-03-05 00:00:13","event":"add","file":"/home/aa/work/mumps.io/MIO/backend/templates/layouts/plgd_layout.html"}
{"ts":"2026-03-05 00:00:13","event":"add","file":"/home/aa/work/mumps.io/MIO/backend/templates/mio_index.html"}
{"ts":"2026-03-05 00:00:13","event":"add","file":"/home/aa/work/mumps.io/MIO/backend/templates/mio_layout.html"}
{"ts":"2026-03-05 00:00:13","event":"add","file":"/home/aa/work/mumps.io/MIO/backend/templates/mio_page.html"}
{"ts":"2026-03-05 00:00:13","event":"add","file":"/home/aa/work/mumps.io/MIO/backend/templates/mio_pkg.html"}
{"ts":"2026-03-05 00:00:13","event":"add","file":"/home/aa/work/mumps.io/MIO/backend/templates/mio_repo.html"}
{"ts":"2026-03-05 00:00:13","event":"add","file":"/home/aa/work/mumps.io/MIO/backend/templates/page.html"}
{"ts":"2026-03-05 00:00:13","event":"add","file":"/home/aa/work/mumps.io/MIO/backend/templates/pages/plgd_about.html"}
{"ts":"2026-03-05 00:00:13","event":"add","file":"/home/aa/work/mumps.io/MIO/backend/templates/pages/plgd_home.html"}
{"ts":"2026-03-05 00:00:13","event":"add","file":"/home/aa/work/mumps.io/MIO/backend/templates/pages/plgd_playground.html"}
{"ts":"2026-03-05 00:00:13","event":"add","file":"/home/aa/work/mumps.io/MIO/backend/templates/partials/mio_footer.html"}
{"ts":"2026-03-05 00:00:13","event":"add","file":"/home/aa/work/mumps.io/MIO/backend/templates/partials/mio_nav.html"}
{"ts":"2026-03-05 00:00:13","event":"add","file":"/home/aa/work/mumps.io/MIO/backend/templates/partials/ui_badge.html"}
{"ts":"2026-03-05 00:00:13","event":"add","file":"/home/aa/work/mumps.io/MIO/backend/templates/partials/ui_footer.html"}
{"ts":"2026-03-05 00:00:13","event":"add","file":"/home/aa/work/mumps.io/MIO/backend/templates/partials/ui_hero.html"}
{"ts":"2026-03-05 00:00:13","event":"add","file":"/home/aa/work/mumps.io/MIO/backend/templates/partials/ui_nav.html"}
{"ts":"2026-03-05 00:00:13","event":"add","file":"/home/aa/work/mumps.io/MIO/backend/templates/partials/ui_tpl_card_grid.html"}
{"ts":"2026-03-05 00:00:13","event":"add","file":"/home/aa/work/mumps.io/MIO/backend/templates/partials/ui_tpl_card_list.html"}
{"ts":"2026-03-05 00:05:50","event":"add","file":"/home/aa/work/mumps.io/MIO/backend/templates/app_index.html"}
{"ts":"2026-03-05 00:05:50","event":"add","file":"/home/aa/work/mumps.io/MIO/backend/templates/app_layout.html"}
{"ts":"2026-03-05 00:05:50","event":"add","file":"/home/aa/work/mumps.io/MIO/backend/templates/layout.html"}
{"ts":"2026-03-05 00:05:50","event":"add","file":"/home/aa/work/mumps.io/MIO/backend/templates/layouts/plgd_layout.html"}
{"ts":"2026-03-05 00:05:50","event":"add","file":"/home/aa/work/mumps.io/MIO/backend/templates/mio_index.html"}
{"ts":"2026-03-05 00:05:50","event":"add","file":"/home/aa/work/mumps.io/MIO/backend/templates/mio_layout.html"}
{"ts":"2026-03-05 00:05:50","event":"add","file":"/home/aa/work/mumps.io/MIO/backend/templates/mio_page.html"}
{"ts":"2026-03-05 00:05:50","event":"add","file":"/home/aa/work/mumps.io/MIO/backend/templates/mio_pkg.html"}
{"ts":"2026-03-05 00:05:50","event":"add","file":"/home/aa/work/mumps.io/MIO/backend/templates/mio_repo.html"}
{"ts":"2026-03-05 00:05:50","event":"add","file":"/home/aa/work/mumps.io/MIO/backend/templates/page.html"}
{"ts":"2026-03-05 00:05:50","event":"add","file":"/home/aa/work/mumps.io/MIO/backend/templates/pages/plgd_about.html"}
{"ts":"2026-03-05 00:05:50","event":"add","file":"/home/aa/work/mumps.io/MIO/backend/templates/pages/plgd_home.html"}
{"ts":"2026-03-05 00:05:50","event":"add","file":"/home/aa/work/mumps.io/MIO/backend/templates/pages/plgd_playground.html"}
{"ts":"2026-03-05 00:05:50","event":"add","file":"/home/aa/work/mumps.io/MIO/backend/templates/partials/mio_footer.html"}
{"ts":"2026-03-05 00:05:50","event":"add","file":"/home/aa/work/mumps.io/MIO/backend/templates/partials/mio_nav.html"}
{"ts":"2026-03-05 00:05:50","event":"add","file":"/home/aa/work/mumps.io/MIO/backend/templates/partials/ui_badge.html"}
{"ts":"2026-03-05 00:05:50","event":"add","file":"/home/aa/work/mumps.io/MIO/backend/templates/partials/ui_footer.html"}
{"ts":"2026-03-05 00:05:50","event":"add","file":"/home/aa/work/mumps.io/MIO/backend/templates/partials/ui_hero.html"}
{"ts":"2026-03-05 00:05:50","event":"add","file":"/home/aa/work/mumps.io/MIO/backend/templates/partials/ui_nav.html"}
{"ts":"2026-03-05 00:05:50","event":"add","file":"/home/aa/work/mumps.io/MIO/backend/templates/partials/ui_tpl_card_grid.html"}
{"ts":"2026-03-05 00:05:50","event":"add","file":"/home/aa/work/mumps.io/MIO/backend/templates/partials/ui_tpl_card_list.html"}
{"ts":"2026-03-05 00:10:09","event":"add","file":"/home/aa/work/mumps.io/MIO/backend/templates/app_index.html"}
{"ts":"2026-03-05 00:10:09","event":"add","file":"/home/aa/work/mumps.io/MIO/backend/templates/app_layout.html"}
{"ts":"2026-03-05 00:10:09","event":"add","file":"/home/aa/work/mumps.io/MIO/backend/templates/layout.html"}
{"ts":"2026-03-05 00:10:09","event":"add","file":"/home/aa/work/mumps.io/MIO/backend/templates/layouts/plgd_layout.html"}
{"ts":"2026-03-05 00:10:09","event":"add","file":"/home/aa/work/mumps.io/MIO/backend/templates/mio_index.html"}
{"ts":"2026-03-05 00:10:09","event":"add","file":"/home/aa/work/mumps.io/MIO/backend/templates/mio_layout.html"}
{"ts":"2026-03-05 00:10:09","event":"add","file":"/home/aa/work/mumps.io/MIO/backend/templates/mio_page.html"}
{"ts":"2026-03-05 00:10:09","event":"add","file":"/home/aa/work/mumps.io/MIO/backend/templates/mio_pkg.html"}
{"ts":"2026-03-05 00:10:09","event":"add","file":"/home/aa/work/mumps.io/MIO/backend/templates/mio_repo.html"}
{"ts":"2026-03-05 00:10:09","event":"add","file":"/home/aa/work/mumps.io/MIO/backend/templates/page.html"}
{"ts":"2026-03-05 00:10:09","event":"add","file":"/home/aa/work/mumps.io/MIO/backend/templates/pages/plgd_about.html"}
{"ts":"2026-03-05 00:10:09","event":"add","file":"/home/aa/work/mumps.io/MIO/backend/templates/pages/plgd_home.html"}
{"ts":"2026-03-05 00:10:09","event":"add","file":"/home/aa/work/mumps.io/MIO/backend/templates/pages/plgd_playground.html"}
{"ts":"2026-03-05 00:10:09","event":"add","file":"/home/aa/work/mumps.io/MIO/backend/templates/partials/mio_footer.html"}
{"ts":"2026-03-05 00:10:09","event":"add","file":"/home/aa/work/mumps.io/MIO/backend/templates/partials/mio_nav.html"}
{"ts":"2026-03-05 00:10:09","event":"add","file":"/home/aa/work/mumps.io/MIO/backend/templates/partials/ui_badge.html"}
{"ts":"2026-03-05 00:10:09","event":"add","file":"/home/aa/work/mumps.io/MIO/backend/templates/partials/ui_footer.html"}
{"ts":"2026-03-05 00:10:09","event":"add","file":"/home/aa/work/mumps.io/MIO/backend/templates/partials/ui_hero.html"}
{"ts":"2026-03-05 00:10:09","event":"add","file":"/home/aa/work/mumps.io/MIO/backend/templates/partials/ui_nav.html"}
{"ts":"2026-03-05 00:10:09","event":"add","file":"/home/aa/work/mumps.io/MIO/backend/templates/partials/ui_tpl_card_grid.html"}
{"ts":"2026-03-05 00:10:09","event":"add","file":"/home/aa/work/mumps.io/MIO/backend/templates/partials/ui_tpl_card_list.html"}
{"ts":"2026-03-05 00:11:38","event":"add","file":"/home/aa/work/mumps.io/MIO/backend/templates/app_index.html"}
{"ts":"2026-03-05 00:11:38","event":"add","file":"/home/aa/work/mumps.io/MIO/backend/templates/app_layout.html"}
{"ts":"2026-03-05 00:11:38","event":"add","file":"/home/aa/work/mumps.io/MIO/backend/templates/layout.html"}
{"ts":"2026-03-05 00:11:38","event":"add","file":"/home/aa/work/mumps.io/MIO/backend/templates/layouts/plgd_layout.html"}
{"ts":"2026-03-05 00:11:38","event":"add","file":"/home/aa/work/mumps.io/MIO/backend/templates/mio_index.html"}
{"ts":"2026-03-05 00:11:38","event":"add","file":"/home/aa/work/mumps.io/MIO/backend/templates/mio_layout.html"}
{"ts":"2026-03-05 00:11:38","event":"add","file":"/home/aa/work/mumps.io/MIO/backend/templates/mio_page.html"}
{"ts":"2026-03-05 00:11:38","event":"add","file":"/home/aa/work/mumps.io/MIO/backend/templates/mio_pkg.html"}
{"ts":"2026-03-05 00:11:38","event":"add","file":"/home/aa/work/mumps.io/MIO/backend/templates/mio_repo.html"}
{"ts":"2026-03-05 00:11:38","event":"add","file":"/home/aa/work/mumps.io/MIO/backend/templates/page.html"}
{"ts":"2026-03-05 00:11:38","event":"add","file":"/home/aa/work/mumps.io/MIO/backend/templates/pages/plgd_about.html"}
{"ts":"2026-03-05 00:11:38","event":"add","file":"/home/aa/work/mumps.io/MIO/backend/templates/pages/plgd_home.html"}
{"ts":"2026-03-05 00:11:38","event":"add","file":"/home/aa/work/mumps.io/MIO/backend/templates/pages/plgd_playground.html"}
{"ts":"2026-03-05 00:11:38","event":"add","file":"/home/aa/work/mumps.io/MIO/backend/templates/partials/mio_footer.html"}
{"ts":"2026-03-05 00:11:38","event":"add","file":"/home/aa/work/mumps.io/MIO/backend/templates/partials/mio_nav.html"}
{"ts":"2026-03-05 00:11:38","event":"add","file":"/home/aa/work/mumps.io/MIO/backend/templates/partials/ui_badge.html"}
{"ts":"2026-03-05 00:11:38","event":"add","file":"/home/aa/work/mumps.io/MIO/backend/templates/partials/ui_footer.html"}
{"ts":"2026-03-05 00:11:38","event":"add","file":"/home/aa/work/mumps.io/MIO/backend/templates/partials/ui_hero.html"}
{"ts":"2026-03-05 00:11:38","event":"add","file":"/home/aa/work/mumps.io/MIO/backend/templates/partials/ui_nav.html"}
{"ts":"2026-03-05 00:11:38","event":"add","file":"/home/aa/work/mumps.io/MIO/backend/templates/partials/ui_tpl_card_grid.html"}
{"ts":"2026-03-05 00:11:38","event":"add","file":"/home/aa/work/mumps.io/MIO/backend/templates/partials/ui_tpl_card_list.html"}
{"ts":"2026-03-05 00:12:34","event":"add","file":"/home/aa/work/mumps.io/MIO/backend/templates/app_index.html"}
{"ts":"2026-03-05 00:12:34","event":"add","file":"/home/aa/work/mumps.io/MIO/backend/templates/app_layout.html"}
{"ts":"2026-03-05 00:12:34","event":"add","file":"/home/aa/work/mumps.io/MIO/backend/templates/layout.html"}
{"ts":"2026-03-05 00:12:34","event":"add","file":"/home/aa/work/mumps.io/MIO/backend/templates/layouts/plgd_layout.html"}
{"ts":"2026-03-05 00:12:34","event":"add","file":"/home/aa/work/mumps.io/MIO/backend/templates/mio_index.html"}
{"ts":"2026-03-05 00:12:34","event":"add","file":"/home/aa/work/mumps.io/MIO/backend/templates/mio_layout.html"}
{"ts":"2026-03-05 00:12:34","event":"add","file":"/home/aa/work/mumps.io/MIO/backend/templates/mio_page.html"}
{"ts":"2026-03-05 00:12:34","event":"add","file":"/home/aa/work/mumps.io/MIO/backend/templates/mio_pkg.html"}
{"ts":"2026-03-05 00:12:34","event":"add","file":"/home/aa/work/mumps.io/MIO/backend/templates/mio_repo.html"}
{"ts":"2026-03-05 00:12:34","event":"add","file":"/home/aa/work/mumps.io/MIO/backend/templates/page.html"}
{"ts":"2026-03-05 00:12:34","event":"add","file":"/home/aa/work/mumps.io/MIO/backend/templates/pages/plgd_about.html"}
{"ts":"2026-03-05 00:12:34","event":"add","file":"/home/aa/work/mumps.io/MIO/backend/templates/pages/plgd_home.html"}
{"ts":"2026-03-05 00:12:34","event":"add","file":"/home/aa/work/mumps.io/MIO/backend/templates/pages/plgd_playground.html"}
{"ts":"2026-03-05 00:12:34","event":"add","file":"/home/aa/work/mumps.io/MIO/backend/templates/partials/mio_footer.html"}
{"ts":"2026-03-05 00:12:34","event":"add","file":"/home/aa/work/mumps.io/MIO/backend/templates/partials/mio_nav.html"}
{"ts":"2026-03-05 00:12:34","event":"add","file":"/home/aa/work/mumps.io/MIO/backend/templates/partials/ui_badge.html"}
{"ts":"2026-03-05 00:12:34","event":"add","file":"/home/aa/work/mumps.io/MIO/backend/templates/partials/ui_footer.html"}
{"ts":"2026-03-05 00:12:34","event":"add","file":"/home/aa/work/mumps.io/MIO/backend/templates/partials/ui_hero.html"}
{"ts":"2026-03-05 00:12:34","event":"add","file":"/home/aa/work/mumps.io/MIO/backend/templates/partials/ui_nav.html"}
{"ts":"2026-03-05 00:12:34","event":"add","file":"/home/aa/work/mumps.io/MIO/backend/templates/partials/ui_tpl_card_grid.html"}
{"ts":"2026-03-05 00:12:34","event":"add","file":"/home/aa/work/mumps.io/MIO/backend/templates/partials/ui_tpl_card_list.html"}
{"ts":"2026-03-05 00:31:23","event":"add","file":"/home/aa/work/mumps.io/MIO/backend/templates/app_index.html"}
{"ts":"2026-03-05 00:31:23","event":"add","file":"/home/aa/work/mumps.io/MIO/backend/templates/app_layout.html"}
{"ts":"2026-03-05 00:31:23","event":"add","file":"/home/aa/work/mumps.io/MIO/backend/templates/layout.html"}
{"ts":"2026-03-05 00:31:23","event":"add","file":"/home/aa/work/mumps.io/MIO/backend/templates/layouts/plgd_layout.html"}
{"ts":"2026-03-05 00:31:23","event":"add","file":"/home/aa/work/mumps.io/MIO/backend/templates/mio_index.html"}
{"ts":"2026-03-05 00:31:23","event":"add","file":"/home/aa/work/mumps.io/MIO/backend/templates/mio_layout.html"}
{"ts":"2026-03-05 00:31:23","event":"add","file":"/home/aa/work/mumps.io/MIO/backend/templates/mio_page.html"}
{"ts":"2026-03-05 00:31:23","event":"add","file":"/home/aa/work/mumps.io/MIO/backend/templates/mio_pkg.html"}
{"ts":"2026-03-05 00:31:23","event":"add","file":"/home/aa/work/mumps.io/MIO/backend/templates/mio_repo.html"}
{"ts":"2026-03-05 00:31:23","event":"add","file":"/home/aa/work/mumps.io/MIO/backend/templates/page.html"}
{"ts":"2026-03-05 00:31:23","event":"add","file":"/home/aa/work/mumps.io/MIO/backend/templates/pages/plgd_about.html"}
{"ts":"2026-03-05 00:31:23","event":"add","file":"/home/aa/work/mumps.io/MIO/backend/templates/pages/plgd_home.html"}
{"ts":"2026-03-05 00:31:23","event":"add","file":"/home/aa/work/mumps.io/MIO/backend/templates/pages/plgd_playground.html"}
{"ts":"2026-03-05 00:31:23","event":"add","file":"/home/aa/work/mumps.io/MIO/backend/templates/partials/mio_footer.html"}
{"ts":"2026-03-05 00:31:23","event":"add","file":"/home/aa/work/mumps.io/MIO/backend/templates/partials/mio_nav.html"}
{"ts":"2026-03-05 00:31:23","event":"add","file":"/home/aa/work/mumps.io/MIO/backend/templates/partials/ui_badge.html"}
{"ts":"2026-03-05 00:31:23","event":"add","file":"/home/aa/work/mumps.io/MIO/backend/templates/partials/ui_footer.html"}
{"ts":"2026-03-05 00:31:23","event":"add","file":"/home/aa/work/mumps.io/MIO/backend/templates/partials/ui_hero.html"}
{"ts":"2026-03-05 00:31:23","event":"add","file":"/home/aa/work/mumps.io/MIO/backend/templates/partials/ui_nav.html"}
{"ts":"2026-03-05 00:31:23","event":"add","file":"/home/aa/work/mumps.io/MIO/backend/templates/partials/ui_tpl_card_grid.html"}
{"ts":"2026-03-05 00:31:23","event":"add","file":"/home/aa/work/mumps.io/MIO/backend/templates/partials/ui_tpl_card_list.html"}
{"ts":"2026-03-05 00:49:29","event":"add","file":"/home/aa/work/mumps.io/MIO/backend/templates/app_index.html"}
{"ts":"2026-03-05 00:49:29","event":"add","file":"/home/aa/work/mumps.io/MIO/backend/templates/app_layout.html"}
{"ts":"2026-03-05 00:49:29","event":"add","file":"/home/aa/work/mumps.io/MIO/backend/templates/layout.html"}
{"ts":"2026-03-05 00:49:29","event":"add","file":"/home/aa/work/mumps.io/MIO/backend/templates/layouts/plgd_layout.html"}
{"ts":"2026-03-05 00:49:29","event":"add","file":"/home/aa/work/mumps.io/MIO/backend/templates/mio_index.html"}
{"ts":"2026-03-05 00:49:29","event":"add","file":"/home/aa/work/mumps.io/MIO/backend/templates/mio_layout.html"}
{"ts":"2026-03-05 00:49:29","event":"add","file":"/home/aa/work/mumps.io/MIO/backend/templates/mio_page.html"}
{"ts":"2026-03-05 00:49:29","event":"add","file":"/home/aa/work/mumps.io/MIO/backend/templates/mio_pkg.html"}
{"ts":"2026-03-05 00:49:29","event":"add","file":"/home/aa/work/mumps.io/MIO/backend/templates/mio_repo.html"}
{"ts":"2026-03-05 00:49:29","event":"add","file":"/home/aa/work/mumps.io/MIO/backend/templates/page.html"}
{"ts":"2026-03-05 00:49:29","event":"add","file":"/home/aa/work/mumps.io/MIO/backend/templates/pages/plgd_about.html"}
{"ts":"2026-03-05 00:49:29","event":"add","file":"/home/aa/work/mumps.io/MIO/backend/templates/pages/plgd_home.html"}
{"ts":"2026-03-05 00:49:29","event":"add","file":"/home/aa/work/mumps.io/MIO/backend/templates/pages/plgd_playground.html"}
{"ts":"2026-03-05 00:49:29","event":"add","file":"/home/aa/work/mumps.io/MIO/backend/templates/partials/mio_footer.html"}
{"ts":"2026-03-05 00:49:29","event":"add","file":"/home/aa/work/mumps.io/MIO/backend/templates/partials/mio_nav.html"}
{"ts":"2026-03-05 00:49:29","event":"add","file":"/home/aa/work/mumps.io/MIO/backend/templates/partials/ui_badge.html"}
{"ts":"2026-03-05 00:49:29","event":"add","file":"/home/aa/work/mumps.io/MIO/backend/templates/partials/ui_footer.html"}
{"ts":"2026-03-05 00:49:29","event":"add","file":"/home/aa/work/mumps.io/MIO/backend/templates/partials/ui_hero.html"}
{"ts":"2026-03-05 00:49:29","event":"add","file":"/home/aa/work/mumps.io/MIO/backend/templates/partials/ui_nav.html"}
{"ts":"2026-03-05 00:49:29","event":"add","file":"/home/aa/work/mumps.io/MIO/backend/templates/partials/ui_tpl_card_grid.html"}
{"ts":"2026-03-05 00:49:29","event":"add","file":"/home/aa/work/mumps.io/MIO/backend/templates/partials/ui_tpl_card_list.html"}
{"ts":"2026-03-05 01:09:18","event":"add","file":"/home/aa/work/mumps.io/MIO/backend/templates/app_index.html"}
{"ts":"2026-03-05 01:09:18","event":"add","file":"/home/aa/work/mumps.io/MIO/backend/templates/app_layout.html"}
{"ts":"2026-03-05 01:09:18","event":"add","file":"/home/aa/work/mumps.io/MIO/backend/templates/layout.html"}
{"ts":"2026-03-05 01:09:18","event":"add","file":"/home/aa/work/mumps.io/MIO/backend/templates/layouts/plgd_layout.html"}
{"ts":"2026-03-05 01:09:18","event":"add","file":"/home/aa/work/mumps.io/MIO/backend/templates/mio_index.html"}
{"ts":"2026-03-05 01:09:18","event":"add","file":"/home/aa/work/mumps.io/MIO/backend/templates/mio_layout.html"}
{"ts":"2026-03-05 01:09:18","event":"add","file":"/home/aa/work/mumps.io/MIO/backend/templates/mio_page.html"}
{"ts":"2026-03-05 01:09:18","event":"add","file":"/home/aa/work/mumps.io/MIO/backend/templates/mio_pkg.html"}
{"ts":"2026-03-05 01:09:18","event":"add","file":"/home/aa/work/mumps.io/MIO/backend/templates/mio_repo.html"}
{"ts":"2026-03-05 01:09:18","event":"add","file":"/home/aa/work/mumps.io/MIO/backend/templates/page.html"}
{"ts":"2026-03-05 01:09:18","event":"add","file":"/home/aa/work/mumps.io/MIO/backend/templates/pages/plgd_about.html"}
{"ts":"2026-03-05 01:09:18","event":"add","file":"/home/aa/work/mumps.io/MIO/backend/templates/pages/plgd_home.html"}
{"ts":"2026-03-05 01:09:18","event":"add","file":"/home/aa/work/mumps.io/MIO/backend/templates/pages/plgd_playground.html"}
{"ts":"2026-03-05 01:09:18","event":"add","file":"/home/aa/work/mumps.io/MIO/backend/templates/partials/mio_footer.html"}
{"ts":"2026-03-05 01:09:18","event":"add","file":"/home/aa/work/mumps.io/MIO/backend/templates/partials/mio_nav.html"}
{"ts":"2026-03-05 01:09:18","event":"add","file":"/home/aa/work/mumps.io/MIO/backend/templates/partials/ui_badge.html"}
{"ts":"2026-03-05 01:09:18","event":"add","file":"/home/aa/work/mumps.io/MIO/backend/templates/partials/ui_footer.html"}
{"ts":"2026-03-05 01:09:18","event":"add","file":"/home/aa/work/mumps.io/MIO/backend/templates/partials/ui_hero.html"}
{"ts":"2026-03-05 01:09:18","event":"add","file":"/home/aa/work/mumps.io/MIO/backend/templates/partials/ui_nav.html"}
{"ts":"2026-03-05 01:09:18","event":"add","file":"/home/aa/work/mumps.io/MIO/backend/templates/partials/ui_tpl_card_grid.html"}
{"ts":"2026-03-05 01:09:18","event":"add","file":"/home/aa/work/mumps.io/MIO/backend/templates/partials/ui_tpl_card_list.html"}
{"ts":"2026-03-06 14:20:53","event":"add","file":"/home/aa/work/mumps.io/MIO/backend/templates/app_index.html"}
{"ts":"2026-03-06 14:20:53","event":"add","file":"/home/aa/work/mumps.io/MIO/backend/templates/app_layout.html"}
{"ts":"2026-03-06 14:20:53","event":"add","file":"/home/aa/work/mumps.io/MIO/backend/templates/layout.html"}
{"ts":"2026-03-06 14:20:53","event":"add","file":"/home/aa/work/mumps.io/MIO/backend/templates/layouts/plgd_layout.html"}
{"ts":"2026-03-06 14:20:53","event":"add","file":"/home/aa/work/mumps.io/MIO/backend/templates/mio_index.html"}
{"ts":"2026-03-06 14:20:53","event":"add","file":"/home/aa/work/mumps.io/MIO/backend/templates/mio_layout.html"}
{"ts":"2026-03-06 14:20:53","event":"add","file":"/home/aa/work/mumps.io/MIO/backend/templates/mio_page.html"}
{"ts":"2026-03-06 14:20:53","event":"add","file":"/home/aa/work/mumps.io/MIO/backend/templates/mio_pkg.html"}
{"ts":"2026-03-06 14:20:53","event":"add","file":"/home/aa/work/mumps.io/MIO/backend/templates/mio_repo.html"}
{"ts":"2026-03-06 14:20:53","event":"add","file":"/home/aa/work/mumps.io/MIO/backend/templates/page.html"}
{"ts":"2026-03-06 14:20:53","event":"add","file":"/home/aa/work/mumps.io/MIO/backend/templates/pages/plgd_about.html"}
{"ts":"2026-03-06 14:20:53","event":"add","file":"/home/aa/work/mumps.io/MIO/backend/templates/pages/plgd_home.html"}
{"ts":"2026-03-06 14:20:53","event":"add","file":"/home/aa/work/mumps.io/MIO/backend/templates/pages/plgd_playground.html"}
{"ts":"2026-03-06 14:20:53","event":"add","file":"/home/aa/work/mumps.io/MIO/backend/templates/partials/mio_footer.html"}
{"ts":"2026-03-06 14:20:53","event":"add","file":"/home/aa/work/mumps.io/MIO/backend/templates/partials/mio_nav.html"}
{"ts":"2026-03-06 14:20:53","event":"add","file":"/home/aa/work/mumps.io/MIO/backend/templates/partials/ui_badge.html"}
{"ts":"2026-03-06 14:20:53","event":"add","file":"/home/aa/work/mumps.io/MIO/backend/templates/partials/ui_footer.html"}
{"ts":"2026-03-06 14:20:53","event":"add","file":"/home/aa/work/mumps.io/MIO/backend/templates/partials/ui_hero.html"}
{"ts":"2026-03-06 14:20:53","event":"add","file":"/home/aa/work/mumps.io/MIO/backend/templates/partials/ui_nav.html"}
{"ts":"2026-03-06 14:20:53","event":"add","file":"/home/aa/work/mumps.io/MIO/backend/templates/partials/ui_tpl_card_grid.html"}
{"ts":"2026-03-06 14:20:53","event":"add","file":"/home/aa/work/mumps.io/MIO/backend/templates/partials/ui_tpl_card_list.html"}
{"ts":"2026-03-06 15:20:17","event":"add","file":"/home/aa/work/mumps.io/MIO/backend/templates/app_index.html"}
{"ts":"2026-03-06 15:20:17","event":"add","file":"/home/aa/work/mumps.io/MIO/backend/templates/app_layout.html"}
{"ts":"2026-03-06 15:20:17","event":"add","file":"/home/aa/work/mumps.io/MIO/backend/templates/layout.html"}
{"ts":"2026-03-06 15:20:17","event":"add","file":"/home/aa/work/mumps.io/MIO/backend/templates/layouts/plgd_layout.html"}
{"ts":"2026-03-06 15:20:17","event":"add","file":"/home/aa/work/mumps.io/MIO/backend/templates/mio_index.html"}
{"ts":"2026-03-06 15:20:17","event":"add","file":"/home/aa/work/mumps.io/MIO/backend/templates/mio_layout.html"}
{"ts":"2026-03-06 15:20:17","event":"add","file":"/home/aa/work/mumps.io/MIO/backend/templates/mio_page.html"}
{"ts":"2026-03-06 15:20:17","event":"add","file":"/home/aa/work/mumps.io/MIO/backend/templates/mio_pkg.html"}
{"ts":"2026-03-06 15:20:17","event":"add","file":"/home/aa/work/mumps.io/MIO/backend/templates/mio_repo.html"}
{"ts":"2026-03-06 15:20:17","event":"add","file":"/home/aa/work/mumps.io/MIO/backend/templates/page.html"}
{"ts":"2026-03-06 15:20:17","event":"add","file":"/home/aa/work/mumps.io/MIO/backend/templates/pages/plgd_about.html"}
{"ts":"2026-03-06 15:20:17","event":"add","file":"/home/aa/work/mumps.io/MIO/backend/templates/pages/plgd_home.html"}
{"ts":"2026-03-06 15:20:17","event":"add","file":"/home/aa/work/mumps.io/MIO/backend/templates/pages/plgd_playground.html"}
{"ts":"2026-03-06 15:20:17","event":"add","file":"/home/aa/work/mumps.io/MIO/backend/templates/partials/mio_footer.html"}
{"ts":"2026-03-06 15:20:17","event":"add","file":"/home/aa/work/mumps.io/MIO/backend/templates/partials/mio_nav.html"}
{"ts":"2026-03-06 15:20:17","event":"add","file":"/home/aa/work/mumps.io/MIO/backend/templates/partials/ui_badge.html"}
{"ts":"2026-03-06 15:20:17","event":"add","file":"/home/aa/work/mumps.io/MIO/backend/templates/partials/ui_footer.html"}
{"ts":"2026-03-06 15:20:17","event":"add","file":"/home/aa/work/mumps.io/MIO/backend/templates/partials/ui_hero.html"}
{"ts":"2026-03-06 15:20:17","event":"add","file":"/home/aa/work/mumps.io/MIO/backend/templates/partials/ui_nav.html"}
{"ts":"2026-03-06 15:20:17","event":"add","file":"/home/aa/work/mumps.io/MIO/backend/templates/partials/ui_tpl_card_grid.html"}
{"ts":"2026-03-06 15:20:17","event":"add","file":"/home/aa/work/mumps.io/MIO/backend/templates/partials/ui_tpl_card_list.html"}
{"ts":"2026-03-06 16:08:51","event":"add","file":"/home/aa/work/mumps.io/MIO/backend/templates/app_index.html"}
{"ts":"2026-03-06 16:08:51","event":"add","file":"/home/aa/work/mumps.io/MIO/backend/templates/app_layout.html"}
{"ts":"2026-03-06 16:08:51","event":"add","file":"/home/aa/work/mumps.io/MIO/backend/templates/layout.html"}
{"ts":"2026-03-06 16:08:51","event":"add","file":"/home/aa/work/mumps.io/MIO/backend/templates/layouts/plgd_layout.html"}
{"ts":"2026-03-06 16:08:51","event":"add","file":"/home/aa/work/mumps.io/MIO/backend/templates/mio_index.html"}
{"ts":"2026-03-06 16:08:51","event":"add","file":"/home/aa/work/mumps.io/MIO/backend/templates/mio_layout.html"}
{"ts":"2026-03-06 16:08:51","event":"add","file":"/home/aa/work/mumps.io/MIO/backend/templates/mio_page.html"}
{"ts":"2026-03-06 16:08:51","event":"add","file":"/home/aa/work/mumps.io/MIO/backend/templates/mio_pkg.html"}
{"ts":"2026-03-06 16:08:51","event":"add","file":"/home/aa/work/mumps.io/MIO/backend/templates/mio_repo.html"}
{"ts":"2026-03-06 16:08:51","event":"add","file":"/home/aa/work/mumps.io/MIO/backend/templates/page.html"}
{"ts":"2026-03-06 16:08:51","event":"add","file":"/home/aa/work/mumps.io/MIO/backend/templates/pages/plgd_about.html"}
{"ts":"2026-03-06 16:08:51","event":"add","file":"/home/aa/work/mumps.io/MIO/backend/templates/pages/plgd_home.html"}
{"ts":"2026-03-06 16:08:51","event":"add","file":"/home/aa/work/mumps.io/MIO/backend/templates/pages/plgd_playground.html"}
{"ts":"2026-03-06 16:08:51","event":"add","file":"/home/aa/work/mumps.io/MIO/backend/templates/partials/mio_footer.html"}
{"ts":"2026-03-06 16:08:51","event":"add","file":"/home/aa/work/mumps.io/MIO/backend/templates/partials/mio_nav.html"}
{"ts":"2026-03-06 16:08:51","event":"add","file":"/home/aa/work/mumps.io/MIO/backend/templates/partials/ui_badge.html"}
{"ts":"2026-03-06 16:08:51","event":"add","file":"/home/aa/work/mumps.io/MIO/backend/templates/partials/ui_footer.html"}
{"ts":"2026-03-06 16:08:51","event":"add","file":"/home/aa/work/mumps.io/MIO/backend/templates/partials/ui_hero.html"}
{"ts":"2026-03-06 16:08:51","event":"add","file":"/home/aa/work/mumps.io/MIO/backend/templates/partials/ui_nav.html"}
{"ts":"2026-03-06 16:08:51","event":"add","file":"/home/aa/work/mumps.io/MIO/backend/templates/partials/ui_tpl_card_grid.html"}
{"ts":"2026-03-06 16:08:51","event":"add","file":"/home/aa/work/mumps.io/MIO/backend/templates/partials/ui_tpl_card_list.html"}
