{"ts":"2026-03-21 03:52:14","event":"mod","file":"/home/aa/work/mumps.io/templates/layouts/mioide_app.html"}
{"ts":"2026-03-21 03:52:23","event":"mod","file":"/home/aa/work/mumps.io/templates/pages/mioide_home.html"}
{"ts":"2026-03-21 03:52:29","event":"mod","file":"/home/aa/work/mumps.io/templates/partials/mioide_right_rail.html"}
{"ts":"2026-03-21 03:52:31","event":"add","file":"/home/aa/work/mumps.io/templates/partials/mioide_command_palette.html"}
{"ts":"2026-03-21 03:52:31","event":"add","file":"/home/aa/work/mumps.io/templates/partials/mioide_status_bar.html"}
{"ts":"2026-03-21 03:52:31","event":"mod","file":"/home/aa/work/mumps.io/templates/partials/mioide_bottom_panel.html"}
{"ts":"2026-03-21 03:52:31","event":"mod","file":"/home/aa/work/mumps.io/templates/partials/mioide_sidebar.html"}
{"ts":"2026-03-21 03:52:34","event":"mod","file":"/home/aa/work/mumps.io/templates/partials/mioide_editor_shell.html"}
{"ts":"2026-03-21 05:22:30","event":"add","file":"/home/aa/work/mumps.io/templates/app_index.html"}
{"ts":"2026-03-21 05:22:30","event":"add","file":"/home/aa/work/mumps.io/templates/app_layout.html"}
{"ts":"2026-03-21 05:22:30","event":"add","file":"/home/aa/work/mumps.io/templates/layout.html"}
{"ts":"2026-03-21 05:22:30","event":"add","file":"/home/aa/work/mumps.io/templates/layouts/mioide_app.html"}
{"ts":"2026-03-21 05:22:30","event":"add","file":"/home/aa/work/mumps.io/templates/layouts/mioui_app.html"}
{"ts":"2026-03-21 05:22:30","event":"add","file":"/home/aa/work/mumps.io/templates/layouts/plgd_layout.html"}
{"ts":"2026-03-21 05:22:30","event":"add","file":"/home/aa/work/mumps.io/templates/mio_index.html"}
{"ts":"2026-03-21 05:22:30","event":"add","file":"/home/aa/work/mumps.io/templates/mio_layout.html"}
{"ts":"2026-03-21 05:22:30","event":"add","file":"/home/aa/work/mumps.io/templates/mio_page.html"}
{"ts":"2026-03-21 05:22:30","event":"add","file":"/home/aa/work/mumps.io/templates/mio_pkg.html"}
{"ts":"2026-03-21 05:22:30","event":"add","file":"/home/aa/work/mumps.io/templates/mio_repo.html"}
{"ts":"2026-03-21 05:22:30","event":"add","file":"/home/aa/work/mumps.io/templates/page.html"}
{"ts":"2026-03-21 05:22:30","event":"add","file":"/home/aa/work/mumps.io/templates/pages/mioide_home.html"}
{"ts":"2026-03-21 05:22:30","event":"add","file":"/home/aa/work/mumps.io/templates/pages/mioui_adaptive_workspaces.html"}
{"ts":"2026-03-21 05:22:30","event":"add","file":"/home/aa/work/mumps.io/templates/pages/mioui_advanced_filter_form_panel.html"}
{"ts":"2026-03-21 05:22:30","event":"add","file":"/home/aa/work/mumps.io/templates/pages/mioui_advanced_table.html"}
{"ts":"2026-03-21 05:22:30","event":"add","file":"/home/aa/work/mumps.io/templates/pages/mioui_auth_forgot_password.html"}
{"ts":"2026-03-21 05:22:30","event":"add","file":"/home/aa/work/mumps.io/templates/pages/mioui_auth_forms.html"}
{"ts":"2026-03-21 05:22:30","event":"add","file":"/home/aa/work/mumps.io/templates/pages/mioui_auth_login_card.html"}
{"ts":"2026-03-21 05:22:30","event":"add","file":"/home/aa/work/mumps.io/templates/pages/mioui_auth_mfa_challenge.html"}
{"ts":"2026-03-21 05:22:30","event":"add","file":"/home/aa/work/mumps.io/templates/pages/mioui_auth_reset_password.html"}
{"ts":"2026-03-21 05:22:30","event":"add","file":"/home/aa/work/mumps.io/templates/pages/mioui_auth_signup_card.html"}
{"ts":"2026-03-21 05:22:30","event":"add","file":"/home/aa/work/mumps.io/templates/pages/mioui_auth_split_shell.html"}
{"ts":"2026-03-21 05:22:30","event":"add","file":"/home/aa/work/mumps.io/templates/pages/mioui_billing.html"}
{"ts":"2026-03-21 05:22:30","event":"add","file":"/home/aa/work/mumps.io/templates/pages/mioui_chart_variants.html"}
{"ts":"2026-03-21 05:22:30","event":"add","file":"/home/aa/work/mumps.io/templates/pages/mioui_code_menus.html"}
{"ts":"2026-03-21 05:22:30","event":"add","file":"/home/aa/work/mumps.io/templates/pages/mioui_collaboration.html"}
{"ts":"2026-03-21 05:22:30","event":"add","file":"/home/aa/work/mumps.io/templates/pages/mioui_components.html"}
{"ts":"2026-03-21 05:22:30","event":"add","file":"/home/aa/work/mumps.io/templates/pages/mioui_control_room_layouts.html"}
{"ts":"2026-03-21 05:22:30","event":"add","file":"/home/aa/work/mumps.io/templates/pages/mioui_data_layouts.html"}
{"ts":"2026-03-21 05:22:30","event":"add","file":"/home/aa/work/mumps.io/templates/pages/mioui_datagrid.html"}
{"ts":"2026-03-21 05:22:30","event":"add","file":"/home/aa/work/mumps.io/templates/pages/mioui_export.html"}
{"ts":"2026-03-21 05:22:30","event":"add","file":"/home/aa/work/mumps.io/templates/pages/mioui_forms.html"}
{"ts":"2026-03-21 05:22:30","event":"add","file":"/home/aa/work/mumps.io/templates/pages/mioui_home.html"}
{"ts":"2026-03-21 05:22:30","event":"add","file":"/home/aa/work/mumps.io/templates/pages/mioui_inline_validation_summary.html"}
{"ts":"2026-03-21 05:22:30","event":"add","file":"/home/aa/work/mumps.io/templates/pages/mioui_large_table.html"}
{"ts":"2026-03-21 05:22:30","event":"add","file":"/home/aa/work/mumps.io/templates/pages/mioui_layout_choreography.html"}
{"ts":"2026-03-21 05:22:30","event":"add","file":"/home/aa/work/mumps.io/templates/pages/mioui_layout_diversity.html"}
{"ts":"2026-03-21 05:22:30","event":"add","file":"/home/aa/work/mumps.io/templates/pages/mioui_layout_overlays.html"}
{"ts":"2026-03-21 05:22:30","event":"add","file":"/home/aa/work/mumps.io/templates/pages/mioui_layout_topologies.html"}
{"ts":"2026-03-21 05:22:30","event":"add","file":"/home/aa/work/mumps.io/templates/pages/mioui_million_table.html"}
{"ts":"2026-03-21 05:22:30","event":"add","file":"/home/aa/work/mumps.io/templates/pages/mioui_multi_monitor_layouts.html"}
{"ts":"2026-03-21 05:22:30","event":"add","file":"/home/aa/work/mumps.io/templates/pages/mioui_multi_step_onboarding_form.html"}
{"ts":"2026-03-21 05:22:30","event":"add","file":"/home/aa/work/mumps.io/templates/pages/mioui_operators.html"}
{"ts":"2026-03-21 05:22:30","event":"add","file":"/home/aa/work/mumps.io/templates/pages/mioui_premium.html"}
{"ts":"2026-03-21 05:22:30","event":"add","file":"/home/aa/work/mumps.io/templates/pages/mioui_profile_registration_form.html"}
{"ts":"2026-03-21 05:22:30","event":"add","file":"/home/aa/work/mumps.io/templates/pages/mioui_profile_variants.html"}
{"ts":"2026-03-21 05:22:30","event":"add","file":"/home/aa/work/mumps.io/templates/pages/mioui_table_review_sync.html"}
{"ts":"2026-03-21 05:22:30","event":"add","file":"/home/aa/work/mumps.io/templates/pages/mioui_table_workbench.html"}
{"ts":"2026-03-21 05:22:30","event":"add","file":"/home/aa/work/mumps.io/templates/pages/mioui_tables.html"}
{"ts":"2026-03-21 05:22:30","event":"add","file":"/home/aa/work/mumps.io/templates/pages/mioui_trace.html"}
{"ts":"2026-03-21 05:22:30","event":"add","file":"/home/aa/work/mumps.io/templates/pages/mioui_workflows.html"}
{"ts":"2026-03-21 05:22:30","event":"add","file":"/home/aa/work/mumps.io/templates/pages/mioui_workspace_state.html"}
{"ts":"2026-03-21 05:22:30","event":"add","file":"/home/aa/work/mumps.io/templates/pages/miouibill_patient_review.html"}
{"ts":"2026-03-21 05:22:30","event":"add","file":"/home/aa/work/mumps.io/templates/pages/miouibill_patient_review_balanced.html"}
{"ts":"2026-03-21 05:22:30","event":"add","file":"/home/aa/work/mumps.io/templates/pages/miouibill_patient_review_dense.html"}
{"ts":"2026-03-21 05:22:30","event":"add","file":"/home/aa/work/mumps.io/templates/pages/miouibill_reports.html"}
{"ts":"2026-03-21 05:22:30","event":"add","file":"/home/aa/work/mumps.io/templates/pages/miouibill_reports_analytics.html"}
{"ts":"2026-03-21 05:22:30","event":"add","file":"/home/aa/work/mumps.io/templates/pages/miouibill_reports_benchmark.html"}
{"ts":"2026-03-21 05:22:30","event":"add","file":"/home/aa/work/mumps.io/templates/pages/miouibill_reports_cashflow.html"}
{"ts":"2026-03-21 05:22:30","event":"add","file":"/home/aa/work/mumps.io/templates/pages/miouibill_reports_denials.html"}
{"ts":"2026-03-21 05:22:30","event":"add","file":"/home/aa/work/mumps.io/templates/pages/miouibill_reports_dense.html"}
{"ts":"2026-03-21 05:22:30","event":"add","file":"/home/aa/work/mumps.io/templates/pages/miouibill_reports_executive.html"}
{"ts":"2026-03-21 05:22:30","event":"add","file":"/home/aa/work/mumps.io/templates/pages/miouibill_reports_forecast.html"}
{"ts":"2026-03-21 05:22:30","event":"add","file":"/home/aa/work/mumps.io/templates/pages/miouibill_reports_productivity.html"}
{"ts":"2026-03-21 05:22:30","event":"add","file":"/home/aa/work/mumps.io/templates/pages/miouibill_reports_underpayments.html"}
{"ts":"2026-03-21 05:22:30","event":"add","file":"/home/aa/work/mumps.io/templates/pages/miouibill_reports_wallboard.html"}
{"ts":"2026-03-21 05:22:30","event":"add","file":"/home/aa/work/mumps.io/templates/pages/miouicol_avatars.html"}
{"ts":"2026-03-21 05:22:30","event":"add","file":"/home/aa/work/mumps.io/templates/pages/miouicol_chat.html"}
{"ts":"2026-03-21 05:22:30","event":"add","file":"/home/aa/work/mumps.io/templates/pages/miouicol_chat_balanced.html"}
{"ts":"2026-03-21 05:22:30","event":"add","file":"/home/aa/work/mumps.io/templates/pages/miouicol_chat_dense.html"}
{"ts":"2026-03-21 05:22:30","event":"add","file":"/home/aa/work/mumps.io/templates/pages/miouicol_onboarding.html"}
{"ts":"2026-03-21 05:22:30","event":"add","file":"/home/aa/work/mumps.io/templates/pages/miouicol_onboarding_dense.html"}
{"ts":"2026-03-21 05:22:30","event":"add","file":"/home/aa/work/mumps.io/templates/pages/miouicol_onboarding_guided.html"}
{"ts":"2026-03-21 05:22:30","event":"add","file":"/home/aa/work/mumps.io/templates/pages/miouicol_presence.html"}
{"ts":"2026-03-21 05:22:30","event":"add","file":"/home/aa/work/mumps.io/templates/pages/miouicol_users.html"}
{"ts":"2026-03-21 05:22:30","event":"add","file":"/home/aa/work/mumps.io/templates/pages/plgd_about.html"}
{"ts":"2026-03-21 05:22:30","event":"add","file":"/home/aa/work/mumps.io/templates/pages/plgd_home.html"}
{"ts":"2026-03-21 05:22:30","event":"add","file":"/home/aa/work/mumps.io/templates/pages/plgd_playground.html"}
{"ts":"2026-03-21 05:22:30","event":"add","file":"/home/aa/work/mumps.io/templates/partials/mio_footer.html"}
{"ts":"2026-03-21 05:22:30","event":"add","file":"/home/aa/work/mumps.io/templates/partials/mio_nav.html"}
{"ts":"2026-03-21 05:22:30","event":"add","file":"/home/aa/work/mumps.io/templates/partials/mioide_bottom_panel.html"}
{"ts":"2026-03-21 05:22:30","event":"add","file":"/home/aa/work/mumps.io/templates/partials/mioide_command_palette.html"}
{"ts":"2026-03-21 05:22:30","event":"add","file":"/home/aa/work/mumps.io/templates/partials/mioide_editor_shell.html"}
{"ts":"2026-03-21 05:22:30","event":"add","file":"/home/aa/work/mumps.io/templates/partials/mioide_right_rail.html"}
{"ts":"2026-03-21 05:22:30","event":"add","file":"/home/aa/work/mumps.io/templates/partials/mioide_sidebar.html"}
{"ts":"2026-03-21 05:22:30","event":"add","file":"/home/aa/work/mumps.io/templates/partials/mioide_status_bar.html"}
{"ts":"2026-03-21 05:22:30","event":"add","file":"/home/aa/work/mumps.io/templates/partials/mioui_access_review_approval_stack.html"}
{"ts":"2026-03-21 05:22:30","event":"add","file":"/home/aa/work/mumps.io/templates/partials/mioui_account_recovery_variant_stack.html"}
{"ts":"2026-03-21 05:22:30","event":"add","file":"/home/aa/work/mumps.io/templates/partials/mioui_activity_feed.html"}
{"ts":"2026-03-21 05:22:30","event":"add","file":"/home/aa/work/mumps.io/templates/partials/mioui_admin_preference_matrix_form.html"}
{"ts":"2026-03-21 05:22:30","event":"add","file":"/home/aa/work/mumps.io/templates/partials/mioui_advanced_filter_drawer.html"}
{"ts":"2026-03-21 05:22:30","event":"add","file":"/home/aa/work/mumps.io/templates/partials/mioui_advanced_filter_form_panel.html"}
{"ts":"2026-03-21 05:22:30","event":"add","file":"/home/aa/work/mumps.io/templates/partials/mioui_alert.html"}
{"ts":"2026-03-21 05:22:30","event":"add","file":"/home/aa/work/mumps.io/templates/partials/mioui_analytics_canvas_layout.html"}
{"ts":"2026-03-21 05:22:30","event":"add","file":"/home/aa/work/mumps.io/templates/partials/mioui_annotation_state_rail.html"}
{"ts":"2026-03-21 05:22:30","event":"add","file":"/home/aa/work/mumps.io/templates/partials/mioui_artifact_group.html"}
{"ts":"2026-03-21 05:22:30","event":"add","file":"/home/aa/work/mumps.io/templates/partials/mioui_attention_hotspot_map.html"}
{"ts":"2026-03-21 05:22:30","event":"add","file":"/home/aa/work/mumps.io/templates/partials/mioui_auth_expired_invite_recovery.html"}
{"ts":"2026-03-21 05:22:30","event":"add","file":"/home/aa/work/mumps.io/templates/partials/mioui_auth_forgot_password.html"}
{"ts":"2026-03-21 05:22:30","event":"add","file":"/home/aa/work/mumps.io/templates/partials/mioui_auth_invitation_state_stack.html"}
{"ts":"2026-03-21 05:22:30","event":"add","file":"/home/aa/work/mumps.io/templates/partials/mioui_auth_login_card.html"}
{"ts":"2026-03-21 05:22:30","event":"add","file":"/home/aa/work/mumps.io/templates/partials/mioui_auth_mfa_challenge.html"}
{"ts":"2026-03-21 05:22:30","event":"add","file":"/home/aa/work/mumps.io/templates/partials/mioui_auth_reset_password.html"}
{"ts":"2026-03-21 05:22:30","event":"add","file":"/home/aa/work/mumps.io/templates/partials/mioui_auth_role_default_layouts.html"}
{"ts":"2026-03-21 05:22:30","event":"add","file":"/home/aa/work/mumps.io/templates/partials/mioui_auth_signup_card.html"}
{"ts":"2026-03-21 05:22:30","event":"add","file":"/home/aa/work/mumps.io/templates/partials/mioui_auth_split_shell.html"}
{"ts":"2026-03-21 05:22:30","event":"add","file":"/home/aa/work/mumps.io/templates/partials/mioui_auth_workspace_invitation.html"}
{"ts":"2026-03-21 05:22:30","event":"add","file":"/home/aa/work/mumps.io/templates/partials/mioui_badge.html"}
{"ts":"2026-03-21 05:22:30","event":"add","file":"/home/aa/work/mumps.io/templates/partials/mioui_board_rail_layout.html"}
{"ts":"2026-03-21 05:22:30","event":"add","file":"/home/aa/work/mumps.io/templates/partials/mioui_button.html"}
{"ts":"2026-03-21 05:22:30","event":"add","file":"/home/aa/work/mumps.io/templates/partials/mioui_capacity_heat_grid.html"}
{"ts":"2026-03-21 05:22:30","event":"add","file":"/home/aa/work/mumps.io/templates/partials/mioui_chart_area_forecast.html"}
{"ts":"2026-03-21 05:22:30","event":"add","file":"/home/aa/work/mumps.io/templates/partials/mioui_chart_bar_comparison.html"}
{"ts":"2026-03-21 05:22:30","event":"add","file":"/home/aa/work/mumps.io/templates/partials/mioui_chart_box_range_summary.html"}
{"ts":"2026-03-21 05:22:30","event":"add","file":"/home/aa/work/mumps.io/templates/partials/mioui_chart_bullet_grid.html"}
{"ts":"2026-03-21 05:22:30","event":"add","file":"/home/aa/work/mumps.io/templates/partials/mioui_chart_funnel_board.html"}
{"ts":"2026-03-21 05:22:30","event":"add","file":"/home/aa/work/mumps.io/templates/partials/mioui_chart_heatmap_grid.html"}
{"ts":"2026-03-21 05:22:30","event":"add","file":"/home/aa/work/mumps.io/templates/partials/mioui_chart_histogram_distribution.html"}
{"ts":"2026-03-21 05:22:30","event":"add","file":"/home/aa/work/mumps.io/templates/partials/mioui_chart_line_trend.html"}
{"ts":"2026-03-21 05:22:30","event":"add","file":"/home/aa/work/mumps.io/templates/partials/mioui_chart_pie_donut.html"}
{"ts":"2026-03-21 05:22:30","event":"add","file":"/home/aa/work/mumps.io/templates/partials/mioui_chart_radar_score_profile.html"}
{"ts":"2026-03-21 05:22:30","event":"add","file":"/home/aa/work/mumps.io/templates/partials/mioui_chart_sparkline_table.html"}
{"ts":"2026-03-21 05:22:30","event":"add","file":"/home/aa/work/mumps.io/templates/partials/mioui_chart_stacked_mix.html"}
{"ts":"2026-03-21 05:22:30","event":"add","file":"/home/aa/work/mumps.io/templates/partials/mioui_chart_waterfall_bridge.html"}
{"ts":"2026-03-21 05:22:30","event":"add","file":"/home/aa/work/mumps.io/templates/partials/mioui_chat_composer_variants.html"}
{"ts":"2026-03-21 05:22:30","event":"add","file":"/home/aa/work/mumps.io/templates/partials/mioui_chat_context_side_panel.html"}
{"ts":"2026-03-21 05:22:30","event":"add","file":"/home/aa/work/mumps.io/templates/partials/mioui_chat_conversation_list.html"}
{"ts":"2026-03-21 05:22:30","event":"add","file":"/home/aa/work/mumps.io/templates/partials/mioui_chat_message_state_tiles.html"}
{"ts":"2026-03-21 05:22:30","event":"add","file":"/home/aa/work/mumps.io/templates/partials/mioui_chat_message_transcript.html"}
{"ts":"2026-03-21 05:22:30","event":"add","file":"/home/aa/work/mumps.io/templates/partials/mioui_chat_workspace_three_pane.html"}
{"ts":"2026-03-21 05:22:30","event":"add","file":"/home/aa/work/mumps.io/templates/partials/mioui_chat_workspace_two_pane.html"}
{"ts":"2026-03-21 05:22:30","event":"add","file":"/home/aa/work/mumps.io/templates/partials/mioui_checkbox_group.html"}
{"ts":"2026-03-21 05:22:30","event":"add","file":"/home/aa/work/mumps.io/templates/partials/mioui_claim_summary_card.html"}
{"ts":"2026-03-21 05:22:30","event":"add","file":"/home/aa/work/mumps.io/templates/partials/mioui_code_menu_approval_queue.html"}
{"ts":"2026-03-21 05:22:30","event":"add","file":"/home/aa/work/mumps.io/templates/partials/mioui_code_menu_audit_console.html"}
{"ts":"2026-03-21 05:22:30","event":"add","file":"/home/aa/work/mumps.io/templates/partials/mioui_code_menu_compare_merge_review.html"}
{"ts":"2026-03-21 05:22:30","event":"add","file":"/home/aa/work/mumps.io/templates/partials/mioui_code_menu_crosswalk_workspace.html"}
{"ts":"2026-03-21 05:22:30","event":"add","file":"/home/aa/work/mumps.io/templates/partials/mioui_code_menu_custom_field_studio.html"}
{"ts":"2026-03-21 05:22:30","event":"add","file":"/home/aa/work/mumps.io/templates/partials/mioui_code_menu_dependency_rules.html"}
{"ts":"2026-03-21 05:22:30","event":"add","file":"/home/aa/work/mumps.io/templates/partials/mioui_code_menu_effective_dating_studio.html"}
{"ts":"2026-03-21 05:22:30","event":"add","file":"/home/aa/work/mumps.io/templates/partials/mioui_code_menu_hierarchy_board.html"}
{"ts":"2026-03-21 05:22:30","event":"add","file":"/home/aa/work/mumps.io/templates/partials/mioui_code_menu_import_staging.html"}
{"ts":"2026-03-21 05:22:30","event":"add","file":"/home/aa/work/mumps.io/templates/partials/mioui_code_menu_inline_row_editor.html"}
{"ts":"2026-03-21 05:22:30","event":"add","file":"/home/aa/work/mumps.io/templates/partials/mioui_code_menu_master_catalog.html"}
{"ts":"2026-03-21 05:22:30","event":"add","file":"/home/aa/work/mumps.io/templates/partials/mioui_code_menu_retirement_delete_control.html"}
{"ts":"2026-03-21 05:22:30","event":"add","file":"/home/aa/work/mumps.io/templates/partials/mioui_code_menu_side_drawer_editor.html"}
{"ts":"2026-03-21 05:22:30","event":"add","file":"/home/aa/work/mumps.io/templates/partials/mioui_code_menu_variant_matrix.html"}
{"ts":"2026-03-21 05:22:30","event":"add","file":"/home/aa/work/mumps.io/templates/partials/mioui_collaboration_presence_rail.html"}
{"ts":"2026-03-21 05:22:30","event":"add","file":"/home/aa/work/mumps.io/templates/partials/mioui_collapsed_rail_toggle_strip.html"}
{"ts":"2026-03-21 05:22:30","event":"add","file":"/home/aa/work/mumps.io/templates/partials/mioui_column_chooser.html"}
{"ts":"2026-03-21 05:22:30","event":"add","file":"/home/aa/work/mumps.io/templates/partials/mioui_column_order_editor.html"}
{"ts":"2026-03-21 05:22:30","event":"add","file":"/home/aa/work/mumps.io/templates/partials/mioui_column_resize_ruler.html"}
{"ts":"2026-03-21 05:22:30","event":"add","file":"/home/aa/work/mumps.io/templates/partials/mioui_command_bar.html"}
{"ts":"2026-03-21 05:22:30","event":"add","file":"/home/aa/work/mumps.io/templates/partials/mioui_compare_rows_surface.html"}
{"ts":"2026-03-21 05:22:30","event":"add","file":"/home/aa/work/mumps.io/templates/partials/mioui_confirm_dialog.html"}
{"ts":"2026-03-21 05:22:30","event":"add","file":"/home/aa/work/mumps.io/templates/partials/mioui_connected_users_strip.html"}
{"ts":"2026-03-21 05:22:30","event":"add","file":"/home/aa/work/mumps.io/templates/partials/mioui_consent_approval_form.html"}
{"ts":"2026-03-21 05:22:30","event":"add","file":"/home/aa/work/mumps.io/templates/partials/mioui_cross_route_workspace_map.html"}
{"ts":"2026-03-21 05:22:30","event":"add","file":"/home/aa/work/mumps.io/templates/partials/mioui_data_grid.html"}
{"ts":"2026-03-21 05:22:30","event":"add","file":"/home/aa/work/mumps.io/templates/partials/mioui_detail_card.html"}
{"ts":"2026-03-21 05:22:30","event":"add","file":"/home/aa/work/mumps.io/templates/partials/mioui_diagnostic_list.html"}
{"ts":"2026-03-21 05:22:30","event":"add","file":"/home/aa/work/mumps.io/templates/partials/mioui_diagnostic_summary.html"}
{"ts":"2026-03-21 05:22:30","event":"add","file":"/home/aa/work/mumps.io/templates/partials/mioui_document_review_theater.html"}
{"ts":"2026-03-21 05:22:30","event":"add","file":"/home/aa/work/mumps.io/templates/partials/mioui_dossier_strip_wall.html"}
{"ts":"2026-03-21 05:22:30","event":"add","file":"/home/aa/work/mumps.io/templates/partials/mioui_download_row.html"}
{"ts":"2026-03-21 05:22:30","event":"add","file":"/home/aa/work/mumps.io/templates/partials/mioui_emergency_focus_layout.html"}
{"ts":"2026-03-21 05:22:30","event":"add","file":"/home/aa/work/mumps.io/templates/partials/mioui_empty_state.html"}
{"ts":"2026-03-21 05:22:30","event":"add","file":"/home/aa/work/mumps.io/templates/partials/mioui_escalation_ring_layout.html"}
{"ts":"2026-03-21 05:22:30","event":"add","file":"/home/aa/work/mumps.io/templates/partials/mioui_evidence_wall_layout.html"}
{"ts":"2026-03-21 05:22:30","event":"add","file":"/home/aa/work/mumps.io/templates/partials/mioui_export_profile_summary.html"}
{"ts":"2026-03-21 05:22:30","event":"add","file":"/home/aa/work/mumps.io/templates/partials/mioui_facet_bar.html"}
{"ts":"2026-03-21 05:22:30","event":"add","file":"/home/aa/work/mumps.io/templates/partials/mioui_field_error.html"}
{"ts":"2026-03-21 05:22:30","event":"add","file":"/home/aa/work/mumps.io/templates/partials/mioui_field_help.html"}
{"ts":"2026-03-21 05:22:30","event":"add","file":"/home/aa/work/mumps.io/templates/partials/mioui_file_dropzone.html"}
{"ts":"2026-03-21 05:22:30","event":"add","file":"/home/aa/work/mumps.io/templates/partials/mioui_filter_bar.html"}
{"ts":"2026-03-21 05:22:30","event":"add","file":"/home/aa/work/mumps.io/templates/partials/mioui_first_run_account_hardening_form.html"}
{"ts":"2026-03-21 05:22:30","event":"add","file":"/home/aa/work/mumps.io/templates/partials/mioui_focus_inspector_layout.html"}
{"ts":"2026-03-21 05:22:30","event":"add","file":"/home/aa/work/mumps.io/templates/partials/mioui_form.html"}
{"ts":"2026-03-21 05:22:30","event":"add","file":"/home/aa/work/mumps.io/templates/partials/mioui_grid_header_cell.html"}
{"ts":"2026-03-21 05:22:30","event":"add","file":"/home/aa/work/mumps.io/templates/partials/mioui_grid_row_meta.html"}
{"ts":"2026-03-21 05:22:30","event":"add","file":"/home/aa/work/mumps.io/templates/partials/mioui_inline_cell_notes.html"}
{"ts":"2026-03-21 05:22:30","event":"add","file":"/home/aa/work/mumps.io/templates/partials/mioui_inline_diff_card.html"}
{"ts":"2026-03-21 05:22:30","event":"add","file":"/home/aa/work/mumps.io/templates/partials/mioui_inline_validation_summary.html"}
{"ts":"2026-03-21 05:22:30","event":"add","file":"/home/aa/work/mumps.io/templates/partials/mioui_keyboard_pane_focus_map.html"}
{"ts":"2026-03-21 05:22:30","event":"add","file":"/home/aa/work/mumps.io/templates/partials/mioui_keyboard_shortcut_cheatsheet.html"}
{"ts":"2026-03-21 05:22:30","event":"add","file":"/home/aa/work/mumps.io/templates/partials/mioui_kv_list.html"}
{"ts":"2026-03-21 05:22:30","event":"add","file":"/home/aa/work/mumps.io/templates/partials/mioui_large_table.html"}
{"ts":"2026-03-21 05:22:30","event":"add","file":"/home/aa/work/mumps.io/templates/partials/mioui_large_table_column_order.html"}
{"ts":"2026-03-21 05:22:30","event":"add","file":"/home/aa/work/mumps.io/templates/partials/mioui_large_table_density_switcher.html"}
{"ts":"2026-03-21 05:22:30","event":"add","file":"/home/aa/work/mumps.io/templates/partials/mioui_large_table_filters.html"}
{"ts":"2026-03-21 05:22:30","event":"add","file":"/home/aa/work/mumps.io/templates/partials/mioui_large_table_footer_totals.html"}
{"ts":"2026-03-21 05:22:30","event":"add","file":"/home/aa/work/mumps.io/templates/partials/mioui_large_table_pagination.html"}
{"ts":"2026-03-21 05:22:30","event":"add","file":"/home/aa/work/mumps.io/templates/partials/mioui_large_table_toolbar.html"}
{"ts":"2026-03-21 05:22:30","event":"add","file":"/home/aa/work/mumps.io/templates/partials/mioui_layout_failover_strip.html"}
{"ts":"2026-03-21 05:22:30","event":"add","file":"/home/aa/work/mumps.io/templates/partials/mioui_layout_mode_switcher.html"}
{"ts":"2026-03-21 05:22:30","event":"add","file":"/home/aa/work/mumps.io/templates/partials/mioui_layout_policy_banner.html"}
{"ts":"2026-03-21 05:22:30","event":"add","file":"/home/aa/work/mumps.io/templates/partials/mioui_layout_role_preset_bar.html"}
{"ts":"2026-03-21 05:22:30","event":"add","file":"/home/aa/work/mumps.io/templates/partials/mioui_layout_transition_bar.html"}
{"ts":"2026-03-21 05:22:30","event":"add","file":"/home/aa/work/mumps.io/templates/partials/mioui_ledger_tape_layout.html"}
{"ts":"2026-03-21 05:22:30","event":"add","file":"/home/aa/work/mumps.io/templates/partials/mioui_list_group.html"}
{"ts":"2026-03-21 05:22:30","event":"add","file":"/home/aa/work/mumps.io/templates/partials/mioui_live_exception_lane.html"}
{"ts":"2026-03-21 05:22:30","event":"add","file":"/home/aa/work/mumps.io/templates/partials/mioui_map_table_context_fusion.html"}
{"ts":"2026-03-21 05:22:30","event":"add","file":"/home/aa/work/mumps.io/templates/partials/mioui_master_detail_cockpit.html"}
{"ts":"2026-03-21 05:22:30","event":"add","file":"/home/aa/work/mumps.io/templates/partials/mioui_million_table_filters.html"}
{"ts":"2026-03-21 05:22:30","event":"add","file":"/home/aa/work/mumps.io/templates/partials/mioui_million_table_pagination.html"}
{"ts":"2026-03-21 05:22:30","event":"add","file":"/home/aa/work/mumps.io/templates/partials/mioui_million_table_selected_columns.html"}
{"ts":"2026-03-21 05:22:30","event":"add","file":"/home/aa/work/mumps.io/templates/partials/mioui_million_table_surface.html"}
{"ts":"2026-03-21 05:22:30","event":"add","file":"/home/aa/work/mumps.io/templates/partials/mioui_million_table_toolbar.html"}
{"ts":"2026-03-21 05:22:30","event":"add","file":"/home/aa/work/mumps.io/templates/partials/mioui_mobile_audit_layout_variants.html"}
{"ts":"2026-03-21 05:22:30","event":"add","file":"/home/aa/work/mumps.io/templates/partials/mioui_monitor_assignment_grid.html"}
{"ts":"2026-03-21 05:22:30","event":"add","file":"/home/aa/work/mumps.io/templates/partials/mioui_multi_sort_stack.html"}
{"ts":"2026-03-21 05:22:30","event":"add","file":"/home/aa/work/mumps.io/templates/partials/mioui_multi_step_onboarding_form.html"}
{"ts":"2026-03-21 05:22:30","event":"add","file":"/home/aa/work/mumps.io/templates/partials/mioui_nested_queue_cascade.html"}
{"ts":"2026-03-21 05:22:30","event":"add","file":"/home/aa/work/mumps.io/templates/partials/mioui_onboarding_modal.html"}
{"ts":"2026-03-21 05:22:30","event":"add","file":"/home/aa/work/mumps.io/templates/partials/mioui_operator_command_center_layout.html"}
{"ts":"2026-03-21 05:22:30","event":"add","file":"/home/aa/work/mumps.io/templates/partials/mioui_operator_handshake_board.html"}
{"ts":"2026-03-21 05:22:30","event":"add","file":"/home/aa/work/mumps.io/templates/partials/mioui_overlay_density_matrix.html"}
{"ts":"2026-03-21 05:22:30","event":"add","file":"/home/aa/work/mumps.io/templates/partials/mioui_page_header.html"}
{"ts":"2026-03-21 05:22:30","event":"add","file":"/home/aa/work/mumps.io/templates/partials/mioui_panorama_comparison_deck.html"}
{"ts":"2026-03-21 05:22:30","event":"add","file":"/home/aa/work/mumps.io/templates/partials/mioui_persistent_pane_ratios.html"}
{"ts":"2026-03-21 05:22:30","event":"add","file":"/home/aa/work/mumps.io/templates/partials/mioui_presence_avatar_gallery.html"}
{"ts":"2026-03-21 05:22:30","event":"add","file":"/home/aa/work/mumps.io/templates/partials/mioui_profile_biller_workbench.html"}
{"ts":"2026-03-21 05:22:30","event":"add","file":"/home/aa/work/mumps.io/templates/partials/mioui_profile_collector_workbench.html"}
{"ts":"2026-03-21 05:22:30","event":"add","file":"/home/aa/work/mumps.io/templates/partials/mioui_profile_completion_variant_stack.html"}
{"ts":"2026-03-21 05:22:30","event":"add","file":"/home/aa/work/mumps.io/templates/partials/mioui_profile_denial_specialist_desk.html"}
{"ts":"2026-03-21 05:22:30","event":"add","file":"/home/aa/work/mumps.io/templates/partials/mioui_profile_manager_command.html"}
{"ts":"2026-03-21 05:22:30","event":"add","file":"/home/aa/work/mumps.io/templates/partials/mioui_profile_patient_dossier.html"}
{"ts":"2026-03-21 05:22:30","event":"add","file":"/home/aa/work/mumps.io/templates/partials/mioui_profile_patient_financial_summary.html"}
{"ts":"2026-03-21 05:22:30","event":"add","file":"/home/aa/work/mumps.io/templates/partials/mioui_profile_patient_payment_plan.html"}
{"ts":"2026-03-21 05:22:30","event":"add","file":"/home/aa/work/mumps.io/templates/partials/mioui_profile_qa_reviewer_board.html"}
{"ts":"2026-03-21 05:22:30","event":"add","file":"/home/aa/work/mumps.io/templates/partials/mioui_profile_registration_form.html"}
{"ts":"2026-03-21 05:22:30","event":"add","file":"/home/aa/work/mumps.io/templates/partials/mioui_profile_variant_capability_matrix.html"}
{"ts":"2026-03-21 05:22:30","event":"add","file":"/home/aa/work/mumps.io/templates/partials/mioui_progressive_disclosure_form.html"}
{"ts":"2026-03-21 05:22:30","event":"add","file":"/home/aa/work/mumps.io/templates/partials/mioui_queue_board_matrix.html"}
{"ts":"2026-03-21 05:22:30","event":"add","file":"/home/aa/work/mumps.io/templates/partials/mioui_queue_burst_layout.html"}
{"ts":"2026-03-21 05:22:30","event":"add","file":"/home/aa/work/mumps.io/templates/partials/mioui_radial_dispatch_hub.html"}
{"ts":"2026-03-21 05:22:30","event":"add","file":"/home/aa/work/mumps.io/templates/partials/mioui_resolution_sweep_board.html"}
{"ts":"2026-03-21 05:22:30","event":"add","file":"/home/aa/work/mumps.io/templates/partials/mioui_responsive_dense_stack_layout.html"}
{"ts":"2026-03-21 05:22:30","event":"add","file":"/home/aa/work/mumps.io/templates/partials/mioui_right_frozen_summary.html"}
{"ts":"2026-03-21 05:22:30","event":"add","file":"/home/aa/work/mumps.io/templates/partials/mioui_route_command_footer.html"}
{"ts":"2026-03-21 05:22:30","event":"add","file":"/home/aa/work/mumps.io/templates/partials/mioui_route_pane_persistence.html"}
{"ts":"2026-03-21 05:22:30","event":"add","file":"/home/aa/work/mumps.io/templates/partials/mioui_route_snapshot_compare.html"}
{"ts":"2026-03-21 05:22:30","event":"add","file":"/home/aa/work/mumps.io/templates/partials/mioui_row_group_bands.html"}
{"ts":"2026-03-21 05:22:30","event":"add","file":"/home/aa/work/mumps.io/templates/partials/mioui_row_inspector.html"}
{"ts":"2026-03-21 05:22:30","event":"add","file":"/home/aa/work/mumps.io/templates/partials/mioui_saved_views_toolbar.html"}
{"ts":"2026-03-21 05:22:30","event":"add","file":"/home/aa/work/mumps.io/templates/partials/mioui_selection_summary.html"}
{"ts":"2026-03-21 05:22:30","event":"add","file":"/home/aa/work/mumps.io/templates/partials/mioui_service_line_table.html"}
{"ts":"2026-03-21 05:22:30","event":"add","file":"/home/aa/work/mumps.io/templates/partials/mioui_session_layout_restore.html"}
{"ts":"2026-03-21 05:22:30","event":"add","file":"/home/aa/work/mumps.io/templates/partials/mioui_shell_header.html"}
{"ts":"2026-03-21 05:22:30","event":"add","file":"/home/aa/work/mumps.io/templates/partials/mioui_shell_sidebar.html"}
{"ts":"2026-03-21 05:22:30","event":"add","file":"/home/aa/work/mumps.io/templates/partials/mioui_shell_subnav.html"}
{"ts":"2026-03-21 05:22:30","event":"add","file":"/home/aa/work/mumps.io/templates/partials/mioui_shift_briefing_ribbon.html"}
{"ts":"2026-03-21 05:22:30","event":"add","file":"/home/aa/work/mumps.io/templates/partials/mioui_shift_handoff_layout.html"}
{"ts":"2026-03-21 05:22:30","event":"add","file":"/home/aa/work/mumps.io/templates/partials/mioui_signal_triage_lattice.html"}
{"ts":"2026-03-21 05:22:30","event":"add","file":"/home/aa/work/mumps.io/templates/partials/mioui_snapshot_restore_gallery.html"}
{"ts":"2026-03-21 05:22:30","event":"add","file":"/home/aa/work/mumps.io/templates/partials/mioui_split_detail_panel.html"}
{"ts":"2026-03-21 05:22:30","event":"add","file":"/home/aa/work/mumps.io/templates/partials/mioui_split_grid_trace_sync.html"}
{"ts":"2026-03-21 05:22:30","event":"add","file":"/home/aa/work/mumps.io/templates/partials/mioui_stat_strip.html"}
{"ts":"2026-03-21 05:22:30","event":"add","file":"/home/aa/work/mumps.io/templates/partials/mioui_stepper.html"}
{"ts":"2026-03-21 05:22:30","event":"add","file":"/home/aa/work/mumps.io/templates/partials/mioui_sticky_action_footer.html"}
{"ts":"2026-03-21 05:22:30","event":"add","file":"/home/aa/work/mumps.io/templates/partials/mioui_subtotal_band.html"}
{"ts":"2026-03-21 05:22:30","event":"add","file":"/home/aa/work/mumps.io/templates/partials/mioui_supervisor_escalation_stack.html"}
{"ts":"2026-03-21 05:22:30","event":"add","file":"/home/aa/work/mumps.io/templates/partials/mioui_supervisor_overwatch_layout.html"}
{"ts":"2026-03-21 05:22:30","event":"add","file":"/home/aa/work/mumps.io/templates/partials/mioui_table.html"}
{"ts":"2026-03-21 05:22:30","event":"add","file":"/home/aa/work/mumps.io/templates/partials/mioui_table_bulk_action_drawer.html"}
{"ts":"2026-03-21 05:22:30","event":"add","file":"/home/aa/work/mumps.io/templates/partials/mioui_table_bulkbar.html"}
{"ts":"2026-03-21 05:22:30","event":"add","file":"/home/aa/work/mumps.io/templates/partials/mioui_table_export_current_view.html"}
{"ts":"2026-03-21 05:22:30","event":"add","file":"/home/aa/work/mumps.io/templates/partials/mioui_table_filters.html"}
{"ts":"2026-03-21 05:22:30","event":"add","file":"/home/aa/work/mumps.io/templates/partials/mioui_table_insights.html"}
{"ts":"2026-03-21 05:22:30","event":"add","file":"/home/aa/work/mumps.io/templates/partials/mioui_table_metric_bar.html"}
{"ts":"2026-03-21 05:22:30","event":"add","file":"/home/aa/work/mumps.io/templates/partials/mioui_table_pager.html"}
{"ts":"2026-03-21 05:22:30","event":"add","file":"/home/aa/work/mumps.io/templates/partials/mioui_table_query_builder.html"}
{"ts":"2026-03-21 05:22:30","event":"add","file":"/home/aa/work/mumps.io/templates/partials/mioui_table_saved_view_manager.html"}
{"ts":"2026-03-21 05:22:30","event":"add","file":"/home/aa/work/mumps.io/templates/partials/mioui_table_toolbar.html"}
{"ts":"2026-03-21 05:22:30","event":"add","file":"/home/aa/work/mumps.io/templates/partials/mioui_tabs.html"}
{"ts":"2026-03-21 05:22:30","event":"add","file":"/home/aa/work/mumps.io/templates/partials/mioui_timeline.html"}
{"ts":"2026-03-21 05:22:30","event":"add","file":"/home/aa/work/mumps.io/templates/partials/mioui_timeline_corridor_layout.html"}
{"ts":"2026-03-21 05:22:30","event":"add","file":"/home/aa/work/mumps.io/templates/partials/mioui_toast_inline.html"}
{"ts":"2026-03-21 05:22:30","event":"add","file":"/home/aa/work/mumps.io/templates/partials/mioui_trace_summary.html"}
{"ts":"2026-03-21 05:22:30","event":"add","file":"/home/aa/work/mumps.io/templates/partials/mioui_trace_table.html"}
{"ts":"2026-03-21 05:22:30","event":"add","file":"/home/aa/work/mumps.io/templates/partials/mioui_transition_sequence_panel.html"}
{"ts":"2026-03-21 05:22:30","event":"add","file":"/home/aa/work/mumps.io/templates/partials/mioui_tri_split_queue_layout.html"}
{"ts":"2026-03-21 05:22:30","event":"add","file":"/home/aa/work/mumps.io/templates/partials/mioui_trusted_device_message_panel.html"}
{"ts":"2026-03-21 05:22:30","event":"add","file":"/home/aa/work/mumps.io/templates/partials/mioui_user_bubble_variants.html"}
{"ts":"2026-03-21 05:22:30","event":"add","file":"/home/aa/work/mumps.io/templates/partials/mioui_user_presence_cards.html"}
{"ts":"2026-03-21 05:22:30","event":"add","file":"/home/aa/work/mumps.io/templates/partials/mioui_validation_summary.html"}
{"ts":"2026-03-21 05:22:30","event":"add","file":"/home/aa/work/mumps.io/templates/partials/mioui_virtual_window_navigator.html"}
{"ts":"2026-03-21 05:22:30","event":"add","file":"/home/aa/work/mumps.io/templates/partials/mioui_width_preset_pack.html"}
{"ts":"2026-03-21 05:22:30","event":"add","file":"/home/aa/work/mumps.io/templates/partials/mioui_workspace_bootstrap_resolution_form.html"}
{"ts":"2026-03-21 05:22:30","event":"add","file":"/home/aa/work/mumps.io/templates/partials/mioui_workspace_bootstrap_variant_stack.html"}
{"ts":"2026-03-21 05:22:30","event":"add","file":"/home/aa/work/mumps.io/templates/partials/mioui_workspace_dock_matrix.html"}
{"ts":"2026-03-21 05:22:30","event":"add","file":"/home/aa/work/mumps.io/templates/partials/mioui_workspace_participant_rows.html"}
{"ts":"2026-03-21 05:22:30","event":"add","file":"/home/aa/work/mumps.io/templates/partials/mioui_workspace_state_footer.html"}
{"ts":"2026-03-21 05:22:30","event":"add","file":"/home/aa/work/mumps.io/templates/partials/miouibill_chart_appeal_ladder.html"}
{"ts":"2026-03-21 05:22:30","event":"add","file":"/home/aa/work/mumps.io/templates/partials/miouibill_chart_backlog_slope.html"}
{"ts":"2026-03-21 05:22:30","event":"add","file":"/home/aa/work/mumps.io/templates/partials/miouibill_chart_benchmark_ladder.html"}
{"ts":"2026-03-21 05:22:30","event":"add","file":"/home/aa/work/mumps.io/templates/partials/miouibill_chart_columns.html"}
{"ts":"2026-03-21 05:22:30","event":"add","file":"/home/aa/work/mumps.io/templates/partials/miouibill_chart_denial_matrix.html"}
{"ts":"2026-03-21 05:22:30","event":"add","file":"/home/aa/work/mumps.io/templates/partials/miouibill_chart_denial_stream.html"}
{"ts":"2026-03-21 05:22:30","event":"add","file":"/home/aa/work/mumps.io/templates/partials/miouibill_chart_funnel.html"}
{"ts":"2026-03-21 05:22:30","event":"add","file":"/home/aa/work/mumps.io/templates/partials/miouibill_chart_heatmap.html"}
{"ts":"2026-03-21 05:22:30","event":"add","file":"/home/aa/work/mumps.io/templates/partials/miouibill_chart_horizontal_bars.html"}
{"ts":"2026-03-21 05:22:30","event":"add","file":"/home/aa/work/mumps.io/templates/partials/miouibill_chart_lag_timeline.html"}
{"ts":"2026-03-21 05:22:30","event":"add","file":"/home/aa/work/mumps.io/templates/partials/miouibill_chart_meter.html"}
{"ts":"2026-03-21 05:22:30","event":"add","file":"/home/aa/work/mumps.io/templates/partials/miouibill_chart_peer_matrix.html"}
{"ts":"2026-03-21 05:22:30","event":"add","file":"/home/aa/work/mumps.io/templates/partials/miouibill_chart_productivity_heatmap.html"}
{"ts":"2026-03-21 05:22:30","event":"add","file":"/home/aa/work/mumps.io/templates/partials/miouibill_chart_productivity_team.html"}
{"ts":"2026-03-21 05:22:30","event":"add","file":"/home/aa/work/mumps.io/templates/partials/miouibill_chart_projection_band.html"}
{"ts":"2026-03-21 05:22:30","event":"add","file":"/home/aa/work/mumps.io/templates/partials/miouibill_chart_runrate_strip.html"}
{"ts":"2026-03-21 05:22:30","event":"add","file":"/home/aa/work/mumps.io/templates/partials/miouibill_chart_source_mix.html"}
{"ts":"2026-03-21 05:22:30","event":"add","file":"/home/aa/work/mumps.io/templates/partials/miouibill_chart_stacked_band.html"}
{"ts":"2026-03-21 05:22:30","event":"add","file":"/home/aa/work/mumps.io/templates/partials/miouibill_chart_underpayment_lanes.html"}
{"ts":"2026-03-21 05:22:30","event":"add","file":"/home/aa/work/mumps.io/templates/partials/miouibill_chart_underpayment_matrix.html"}
{"ts":"2026-03-21 05:22:30","event":"add","file":"/home/aa/work/mumps.io/templates/partials/miouibill_chart_underpayment_waterfall.html"}
{"ts":"2026-03-21 05:22:30","event":"add","file":"/home/aa/work/mumps.io/templates/partials/miouibill_chart_waterfall.html"}
{"ts":"2026-03-21 05:22:30","event":"add","file":"/home/aa/work/mumps.io/templates/partials/miouibill_claim_snapshot.html"}
{"ts":"2026-03-21 05:22:30","event":"add","file":"/home/aa/work/mumps.io/templates/partials/miouibill_report_action_stack.html"}
{"ts":"2026-03-21 05:22:30","event":"add","file":"/home/aa/work/mumps.io/templates/partials/miouibill_report_aging_table.html"}
{"ts":"2026-03-21 05:22:30","event":"add","file":"/home/aa/work/mumps.io/templates/partials/miouibill_report_benchmark_scorecards.html"}
{"ts":"2026-03-21 05:22:30","event":"add","file":"/home/aa/work/mumps.io/templates/partials/miouibill_report_denial_bands.html"}
{"ts":"2026-03-21 05:22:30","event":"add","file":"/home/aa/work/mumps.io/templates/partials/miouibill_report_export_queue.html"}
{"ts":"2026-03-21 05:22:30","event":"add","file":"/home/aa/work/mumps.io/templates/partials/miouibill_report_kpi_grid.html"}
{"ts":"2026-03-21 05:22:30","event":"add","file":"/home/aa/work/mumps.io/templates/partials/miouibill_report_payer_table.html"}
{"ts":"2026-03-21 05:22:30","event":"add","file":"/home/aa/work/mumps.io/templates/partials/miouibill_report_productivity_leaderboard.html"}
{"ts":"2026-03-21 05:22:30","event":"add","file":"/home/aa/work/mumps.io/templates/partials/miouibill_report_queue_board.html"}
{"ts":"2026-03-21 05:22:30","event":"add","file":"/home/aa/work/mumps.io/templates/partials/miouibill_report_scenario_cards.html"}
{"ts":"2026-03-21 05:22:30","event":"add","file":"/home/aa/work/mumps.io/templates/partials/miouibill_report_story_cards.html"}
{"ts":"2026-03-21 05:22:30","event":"add","file":"/home/aa/work/mumps.io/templates/partials/miouibill_report_trend_strip.html"}
{"ts":"2026-03-21 05:22:30","event":"add","file":"/home/aa/work/mumps.io/templates/partials/miouibill_report_underpayment_cards.html"}
{"ts":"2026-03-21 05:22:30","event":"add","file":"/home/aa/work/mumps.io/templates/partials/miouibill_section_card.html"}
{"ts":"2026-03-21 05:22:30","event":"add","file":"/home/aa/work/mumps.io/templates/partials/miouibill_transaction_card.html"}
{"ts":"2026-03-21 05:22:30","event":"add","file":"/home/aa/work/mumps.io/templates/partials/miouibill_x12_explorer.html"}
{"ts":"2026-03-21 05:22:30","event":"add","file":"/home/aa/work/mumps.io/templates/partials/miouicol_assignee_chips.html"}
{"ts":"2026-03-21 05:22:30","event":"add","file":"/home/aa/work/mumps.io/templates/partials/miouicol_avatar_stack.html"}
{"ts":"2026-03-21 05:22:30","event":"add","file":"/home/aa/work/mumps.io/templates/partials/miouicol_chat_composer.html"}
{"ts":"2026-03-21 05:22:30","event":"add","file":"/home/aa/work/mumps.io/templates/partials/miouicol_chat_composer_dense.html"}
{"ts":"2026-03-21 05:22:30","event":"add","file":"/home/aa/work/mumps.io/templates/partials/miouicol_chat_header.html"}
{"ts":"2026-03-21 05:22:30","event":"add","file":"/home/aa/work/mumps.io/templates/partials/miouicol_chat_message_list.html"}
{"ts":"2026-03-21 05:22:30","event":"add","file":"/home/aa/work/mumps.io/templates/partials/miouicol_chat_message_list_dense.html"}
{"ts":"2026-03-21 05:22:30","event":"add","file":"/home/aa/work/mumps.io/templates/partials/miouicol_chat_side_panels.html"}
{"ts":"2026-03-21 05:22:30","event":"add","file":"/home/aa/work/mumps.io/templates/partials/miouicol_chat_side_panels_dense.html"}
{"ts":"2026-03-21 05:22:30","event":"add","file":"/home/aa/work/mumps.io/templates/partials/miouicol_connected_roster_table.html"}
{"ts":"2026-03-21 05:22:30","event":"add","file":"/home/aa/work/mumps.io/templates/partials/miouicol_connected_users_panel.html"}
{"ts":"2026-03-21 05:22:30","event":"add","file":"/home/aa/work/mumps.io/templates/partials/miouicol_hero_strip.html"}
{"ts":"2026-03-21 05:22:30","event":"add","file":"/home/aa/work/mumps.io/templates/partials/miouicol_info_panels.html"}
{"ts":"2026-03-21 05:22:30","event":"add","file":"/home/aa/work/mumps.io/templates/partials/miouicol_mini_directory.html"}
{"ts":"2026-03-21 05:22:30","event":"add","file":"/home/aa/work/mumps.io/templates/partials/miouicol_onboarding_checklist.html"}
{"ts":"2026-03-21 05:22:30","event":"add","file":"/home/aa/work/mumps.io/templates/partials/miouicol_onboarding_invite_panel.html"}
{"ts":"2026-03-21 05:22:30","event":"add","file":"/home/aa/work/mumps.io/templates/partials/miouicol_onboarding_journey.html"}
{"ts":"2026-03-21 05:22:30","event":"add","file":"/home/aa/work/mumps.io/templates/partials/miouicol_onboarding_launch_panel.html"}
{"ts":"2026-03-21 05:22:30","event":"add","file":"/home/aa/work/mumps.io/templates/partials/miouicol_onboarding_rooms.html"}
{"ts":"2026-03-21 05:22:30","event":"add","file":"/home/aa/work/mumps.io/templates/partials/miouicol_onboarding_stage_cards.html"}
{"ts":"2026-03-21 05:22:30","event":"add","file":"/home/aa/work/mumps.io/templates/partials/miouicol_onboarding_summary.html"}
{"ts":"2026-03-21 05:22:30","event":"add","file":"/home/aa/work/mumps.io/templates/partials/miouicol_presence_group_strip.html"}
{"ts":"2026-03-21 05:22:30","event":"add","file":"/home/aa/work/mumps.io/templates/partials/miouicol_top_tabs.html"}
{"ts":"2026-03-21 05:22:30","event":"add","file":"/home/aa/work/mumps.io/templates/partials/miouicol_user_bubbles.html"}
{"ts":"2026-03-21 05:22:30","event":"add","file":"/home/aa/work/mumps.io/templates/partials/miouicol_user_detail_cards.html"}
{"ts":"2026-03-21 05:22:30","event":"add","file":"/home/aa/work/mumps.io/templates/partials/ui_badge.html"}
{"ts":"2026-03-21 05:22:30","event":"add","file":"/home/aa/work/mumps.io/templates/partials/ui_footer.html"}
{"ts":"2026-03-21 05:22:30","event":"add","file":"/home/aa/work/mumps.io/templates/partials/ui_hero.html"}
{"ts":"2026-03-21 05:22:30","event":"add","file":"/home/aa/work/mumps.io/templates/partials/ui_nav.html"}
{"ts":"2026-03-21 05:22:30","event":"add","file":"/home/aa/work/mumps.io/templates/partials/ui_tpl_card_grid.html"}
{"ts":"2026-03-21 05:22:30","event":"add","file":"/home/aa/work/mumps.io/templates/partials/ui_tpl_card_list.html"}
2026-03-21 05:34:40 watcher_start pid=85487 pattern=*.html
{"ts":"2026-03-21 05:34:41","event":"add","file":"/home/aa/work/mumps.io/templates/app_index.html"}
{"ts":"2026-03-21 05:34:41","event":"add","file":"/home/aa/work/mumps.io/templates/app_layout.html"}
{"ts":"2026-03-21 05:34:41","event":"add","file":"/home/aa/work/mumps.io/templates/layout.html"}
{"ts":"2026-03-21 05:34:41","event":"add","file":"/home/aa/work/mumps.io/templates/layouts/mioide_app.html"}
{"ts":"2026-03-21 05:34:41","event":"add","file":"/home/aa/work/mumps.io/templates/layouts/mioui_app.html"}
{"ts":"2026-03-21 05:34:41","event":"add","file":"/home/aa/work/mumps.io/templates/layouts/plgd_layout.html"}
{"ts":"2026-03-21 05:34:41","event":"add","file":"/home/aa/work/mumps.io/templates/mio_index.html"}
{"ts":"2026-03-21 05:34:41","event":"add","file":"/home/aa/work/mumps.io/templates/mio_layout.html"}
{"ts":"2026-03-21 05:34:41","event":"add","file":"/home/aa/work/mumps.io/templates/mio_page.html"}
{"ts":"2026-03-21 05:34:41","event":"add","file":"/home/aa/work/mumps.io/templates/mio_pkg.html"}
{"ts":"2026-03-21 05:34:41","event":"add","file":"/home/aa/work/mumps.io/templates/mio_repo.html"}
{"ts":"2026-03-21 05:34:41","event":"add","file":"/home/aa/work/mumps.io/templates/page.html"}
{"ts":"2026-03-21 05:34:41","event":"add","file":"/home/aa/work/mumps.io/templates/pages/mioide_home.html"}
{"ts":"2026-03-21 05:34:41","event":"add","file":"/home/aa/work/mumps.io/templates/pages/mioui_adaptive_workspaces.html"}
{"ts":"2026-03-21 05:34:41","event":"add","file":"/home/aa/work/mumps.io/templates/pages/mioui_advanced_filter_form_panel.html"}
{"ts":"2026-03-21 05:34:41","event":"add","file":"/home/aa/work/mumps.io/templates/pages/mioui_advanced_table.html"}
{"ts":"2026-03-21 05:34:41","event":"add","file":"/home/aa/work/mumps.io/templates/pages/mioui_auth_forgot_password.html"}
{"ts":"2026-03-21 05:34:41","event":"add","file":"/home/aa/work/mumps.io/templates/pages/mioui_auth_forms.html"}
{"ts":"2026-03-21 05:34:41","event":"add","file":"/home/aa/work/mumps.io/templates/pages/mioui_auth_login_card.html"}
{"ts":"2026-03-21 05:34:41","event":"add","file":"/home/aa/work/mumps.io/templates/pages/mioui_auth_mfa_challenge.html"}
{"ts":"2026-03-21 05:34:41","event":"add","file":"/home/aa/work/mumps.io/templates/pages/mioui_auth_reset_password.html"}
{"ts":"2026-03-21 05:34:41","event":"add","file":"/home/aa/work/mumps.io/templates/pages/mioui_auth_signup_card.html"}
{"ts":"2026-03-21 05:34:41","event":"add","file":"/home/aa/work/mumps.io/templates/pages/mioui_auth_split_shell.html"}
{"ts":"2026-03-21 05:34:41","event":"add","file":"/home/aa/work/mumps.io/templates/pages/mioui_billing.html"}
{"ts":"2026-03-21 05:34:41","event":"add","file":"/home/aa/work/mumps.io/templates/pages/mioui_chart_variants.html"}
{"ts":"2026-03-21 05:34:41","event":"add","file":"/home/aa/work/mumps.io/templates/pages/mioui_code_menus.html"}
{"ts":"2026-03-21 05:34:41","event":"add","file":"/home/aa/work/mumps.io/templates/pages/mioui_collaboration.html"}
{"ts":"2026-03-21 05:34:41","event":"add","file":"/home/aa/work/mumps.io/templates/pages/mioui_components.html"}
{"ts":"2026-03-21 05:34:41","event":"add","file":"/home/aa/work/mumps.io/templates/pages/mioui_control_room_layouts.html"}
{"ts":"2026-03-21 05:34:41","event":"add","file":"/home/aa/work/mumps.io/templates/pages/mioui_data_layouts.html"}
{"ts":"2026-03-21 05:34:41","event":"add","file":"/home/aa/work/mumps.io/templates/pages/mioui_datagrid.html"}
{"ts":"2026-03-21 05:34:41","event":"add","file":"/home/aa/work/mumps.io/templates/pages/mioui_export.html"}
{"ts":"2026-03-21 05:34:41","event":"add","file":"/home/aa/work/mumps.io/templates/pages/mioui_forms.html"}
{"ts":"2026-03-21 05:34:41","event":"add","file":"/home/aa/work/mumps.io/templates/pages/mioui_home.html"}
{"ts":"2026-03-21 05:34:41","event":"add","file":"/home/aa/work/mumps.io/templates/pages/mioui_inline_validation_summary.html"}
{"ts":"2026-03-21 05:34:41","event":"add","file":"/home/aa/work/mumps.io/templates/pages/mioui_large_table.html"}
{"ts":"2026-03-21 05:34:41","event":"add","file":"/home/aa/work/mumps.io/templates/pages/mioui_layout_choreography.html"}
{"ts":"2026-03-21 05:34:41","event":"add","file":"/home/aa/work/mumps.io/templates/pages/mioui_layout_diversity.html"}
{"ts":"2026-03-21 05:34:41","event":"add","file":"/home/aa/work/mumps.io/templates/pages/mioui_layout_overlays.html"}
{"ts":"2026-03-21 05:34:41","event":"add","file":"/home/aa/work/mumps.io/templates/pages/mioui_layout_topologies.html"}
{"ts":"2026-03-21 05:34:41","event":"add","file":"/home/aa/work/mumps.io/templates/pages/mioui_million_table.html"}
{"ts":"2026-03-21 05:34:41","event":"add","file":"/home/aa/work/mumps.io/templates/pages/mioui_multi_monitor_layouts.html"}
{"ts":"2026-03-21 05:34:41","event":"add","file":"/home/aa/work/mumps.io/templates/pages/mioui_multi_step_onboarding_form.html"}
{"ts":"2026-03-21 05:34:41","event":"add","file":"/home/aa/work/mumps.io/templates/pages/mioui_operators.html"}
{"ts":"2026-03-21 05:34:41","event":"add","file":"/home/aa/work/mumps.io/templates/pages/mioui_premium.html"}
{"ts":"2026-03-21 05:34:41","event":"add","file":"/home/aa/work/mumps.io/templates/pages/mioui_profile_registration_form.html"}
{"ts":"2026-03-21 05:34:41","event":"add","file":"/home/aa/work/mumps.io/templates/pages/mioui_profile_variants.html"}
{"ts":"2026-03-21 05:34:41","event":"add","file":"/home/aa/work/mumps.io/templates/pages/mioui_table_review_sync.html"}
{"ts":"2026-03-21 05:34:41","event":"add","file":"/home/aa/work/mumps.io/templates/pages/mioui_table_workbench.html"}
{"ts":"2026-03-21 05:34:41","event":"add","file":"/home/aa/work/mumps.io/templates/pages/mioui_tables.html"}
{"ts":"2026-03-21 05:34:41","event":"add","file":"/home/aa/work/mumps.io/templates/pages/mioui_trace.html"}
{"ts":"2026-03-21 05:34:41","event":"add","file":"/home/aa/work/mumps.io/templates/pages/mioui_workflows.html"}
{"ts":"2026-03-21 05:34:41","event":"add","file":"/home/aa/work/mumps.io/templates/pages/mioui_workspace_state.html"}
{"ts":"2026-03-21 05:34:41","event":"add","file":"/home/aa/work/mumps.io/templates/pages/miouibill_patient_review.html"}
{"ts":"2026-03-21 05:34:41","event":"add","file":"/home/aa/work/mumps.io/templates/pages/miouibill_patient_review_balanced.html"}
{"ts":"2026-03-21 05:34:41","event":"add","file":"/home/aa/work/mumps.io/templates/pages/miouibill_patient_review_dense.html"}
{"ts":"2026-03-21 05:34:41","event":"add","file":"/home/aa/work/mumps.io/templates/pages/miouibill_reports.html"}
{"ts":"2026-03-21 05:34:41","event":"add","file":"/home/aa/work/mumps.io/templates/pages/miouibill_reports_analytics.html"}
{"ts":"2026-03-21 05:34:41","event":"add","file":"/home/aa/work/mumps.io/templates/pages/miouibill_reports_benchmark.html"}
{"ts":"2026-03-21 05:34:41","event":"add","file":"/home/aa/work/mumps.io/templates/pages/miouibill_reports_cashflow.html"}
{"ts":"2026-03-21 05:34:41","event":"add","file":"/home/aa/work/mumps.io/templates/pages/miouibill_reports_denials.html"}
{"ts":"2026-03-21 05:34:41","event":"add","file":"/home/aa/work/mumps.io/templates/pages/miouibill_reports_dense.html"}
{"ts":"2026-03-21 05:34:41","event":"add","file":"/home/aa/work/mumps.io/templates/pages/miouibill_reports_executive.html"}
{"ts":"2026-03-21 05:34:41","event":"add","file":"/home/aa/work/mumps.io/templates/pages/miouibill_reports_forecast.html"}
{"ts":"2026-03-21 05:34:41","event":"add","file":"/home/aa/work/mumps.io/templates/pages/miouibill_reports_productivity.html"}
{"ts":"2026-03-21 05:34:41","event":"add","file":"/home/aa/work/mumps.io/templates/pages/miouibill_reports_underpayments.html"}
{"ts":"2026-03-21 05:34:41","event":"add","file":"/home/aa/work/mumps.io/templates/pages/miouibill_reports_wallboard.html"}
{"ts":"2026-03-21 05:34:41","event":"add","file":"/home/aa/work/mumps.io/templates/pages/miouicol_avatars.html"}
{"ts":"2026-03-21 05:34:41","event":"add","file":"/home/aa/work/mumps.io/templates/pages/miouicol_chat.html"}
{"ts":"2026-03-21 05:34:41","event":"add","file":"/home/aa/work/mumps.io/templates/pages/miouicol_chat_balanced.html"}
{"ts":"2026-03-21 05:34:41","event":"add","file":"/home/aa/work/mumps.io/templates/pages/miouicol_chat_dense.html"}
{"ts":"2026-03-21 05:34:41","event":"add","file":"/home/aa/work/mumps.io/templates/pages/miouicol_onboarding.html"}
{"ts":"2026-03-21 05:34:41","event":"add","file":"/home/aa/work/mumps.io/templates/pages/miouicol_onboarding_dense.html"}
{"ts":"2026-03-21 05:34:41","event":"add","file":"/home/aa/work/mumps.io/templates/pages/miouicol_onboarding_guided.html"}
{"ts":"2026-03-21 05:34:41","event":"add","file":"/home/aa/work/mumps.io/templates/pages/miouicol_presence.html"}
{"ts":"2026-03-21 05:34:41","event":"add","file":"/home/aa/work/mumps.io/templates/pages/miouicol_users.html"}
{"ts":"2026-03-21 05:34:41","event":"add","file":"/home/aa/work/mumps.io/templates/pages/plgd_about.html"}
{"ts":"2026-03-21 05:34:41","event":"add","file":"/home/aa/work/mumps.io/templates/pages/plgd_home.html"}
{"ts":"2026-03-21 05:34:41","event":"add","file":"/home/aa/work/mumps.io/templates/pages/plgd_playground.html"}
{"ts":"2026-03-21 05:34:41","event":"add","file":"/home/aa/work/mumps.io/templates/partials/mio_footer.html"}
{"ts":"2026-03-21 05:34:41","event":"add","file":"/home/aa/work/mumps.io/templates/partials/mio_nav.html"}
{"ts":"2026-03-21 05:34:41","event":"add","file":"/home/aa/work/mumps.io/templates/partials/mioide_bottom_panel.html"}
{"ts":"2026-03-21 05:34:41","event":"add","file":"/home/aa/work/mumps.io/templates/partials/mioide_command_palette.html"}
{"ts":"2026-03-21 05:34:41","event":"add","file":"/home/aa/work/mumps.io/templates/partials/mioide_editor_shell.html"}
{"ts":"2026-03-21 05:34:41","event":"add","file":"/home/aa/work/mumps.io/templates/partials/mioide_right_rail.html"}
{"ts":"2026-03-21 05:34:41","event":"add","file":"/home/aa/work/mumps.io/templates/partials/mioide_sidebar.html"}
{"ts":"2026-03-21 05:34:41","event":"add","file":"/home/aa/work/mumps.io/templates/partials/mioide_status_bar.html"}
{"ts":"2026-03-21 05:34:41","event":"add","file":"/home/aa/work/mumps.io/templates/partials/mioui_access_review_approval_stack.html"}
{"ts":"2026-03-21 05:34:41","event":"add","file":"/home/aa/work/mumps.io/templates/partials/mioui_account_recovery_variant_stack.html"}
{"ts":"2026-03-21 05:34:41","event":"add","file":"/home/aa/work/mumps.io/templates/partials/mioui_activity_feed.html"}
{"ts":"2026-03-21 05:34:41","event":"add","file":"/home/aa/work/mumps.io/templates/partials/mioui_admin_preference_matrix_form.html"}
{"ts":"2026-03-21 05:34:41","event":"add","file":"/home/aa/work/mumps.io/templates/partials/mioui_advanced_filter_drawer.html"}
{"ts":"2026-03-21 05:34:41","event":"add","file":"/home/aa/work/mumps.io/templates/partials/mioui_advanced_filter_form_panel.html"}
{"ts":"2026-03-21 05:34:41","event":"add","file":"/home/aa/work/mumps.io/templates/partials/mioui_alert.html"}
{"ts":"2026-03-21 05:34:41","event":"add","file":"/home/aa/work/mumps.io/templates/partials/mioui_analytics_canvas_layout.html"}
{"ts":"2026-03-21 05:34:41","event":"add","file":"/home/aa/work/mumps.io/templates/partials/mioui_annotation_state_rail.html"}
{"ts":"2026-03-21 05:34:41","event":"add","file":"/home/aa/work/mumps.io/templates/partials/mioui_artifact_group.html"}
{"ts":"2026-03-21 05:34:41","event":"add","file":"/home/aa/work/mumps.io/templates/partials/mioui_attention_hotspot_map.html"}
{"ts":"2026-03-21 05:34:41","event":"add","file":"/home/aa/work/mumps.io/templates/partials/mioui_auth_expired_invite_recovery.html"}
{"ts":"2026-03-21 05:34:41","event":"add","file":"/home/aa/work/mumps.io/templates/partials/mioui_auth_forgot_password.html"}
{"ts":"2026-03-21 05:34:41","event":"add","file":"/home/aa/work/mumps.io/templates/partials/mioui_auth_invitation_state_stack.html"}
{"ts":"2026-03-21 05:34:41","event":"add","file":"/home/aa/work/mumps.io/templates/partials/mioui_auth_login_card.html"}
{"ts":"2026-03-21 05:34:41","event":"add","file":"/home/aa/work/mumps.io/templates/partials/mioui_auth_mfa_challenge.html"}
{"ts":"2026-03-21 05:34:41","event":"add","file":"/home/aa/work/mumps.io/templates/partials/mioui_auth_reset_password.html"}
{"ts":"2026-03-21 05:34:41","event":"add","file":"/home/aa/work/mumps.io/templates/partials/mioui_auth_role_default_layouts.html"}
{"ts":"2026-03-21 05:34:41","event":"add","file":"/home/aa/work/mumps.io/templates/partials/mioui_auth_signup_card.html"}
{"ts":"2026-03-21 05:34:41","event":"add","file":"/home/aa/work/mumps.io/templates/partials/mioui_auth_split_shell.html"}
{"ts":"2026-03-21 05:34:41","event":"add","file":"/home/aa/work/mumps.io/templates/partials/mioui_auth_workspace_invitation.html"}
{"ts":"2026-03-21 05:34:41","event":"add","file":"/home/aa/work/mumps.io/templates/partials/mioui_badge.html"}
{"ts":"2026-03-21 05:34:41","event":"add","file":"/home/aa/work/mumps.io/templates/partials/mioui_board_rail_layout.html"}
{"ts":"2026-03-21 05:34:41","event":"add","file":"/home/aa/work/mumps.io/templates/partials/mioui_button.html"}
{"ts":"2026-03-21 05:34:41","event":"add","file":"/home/aa/work/mumps.io/templates/partials/mioui_capacity_heat_grid.html"}
{"ts":"2026-03-21 05:34:41","event":"add","file":"/home/aa/work/mumps.io/templates/partials/mioui_chart_area_forecast.html"}
{"ts":"2026-03-21 05:34:41","event":"add","file":"/home/aa/work/mumps.io/templates/partials/mioui_chart_bar_comparison.html"}
{"ts":"2026-03-21 05:34:41","event":"add","file":"/home/aa/work/mumps.io/templates/partials/mioui_chart_box_range_summary.html"}
{"ts":"2026-03-21 05:34:41","event":"add","file":"/home/aa/work/mumps.io/templates/partials/mioui_chart_bullet_grid.html"}
{"ts":"2026-03-21 05:34:41","event":"add","file":"/home/aa/work/mumps.io/templates/partials/mioui_chart_funnel_board.html"}
{"ts":"2026-03-21 05:34:41","event":"add","file":"/home/aa/work/mumps.io/templates/partials/mioui_chart_heatmap_grid.html"}
{"ts":"2026-03-21 05:34:41","event":"add","file":"/home/aa/work/mumps.io/templates/partials/mioui_chart_histogram_distribution.html"}
{"ts":"2026-03-21 05:34:41","event":"add","file":"/home/aa/work/mumps.io/templates/partials/mioui_chart_line_trend.html"}
{"ts":"2026-03-21 05:34:41","event":"add","file":"/home/aa/work/mumps.io/templates/partials/mioui_chart_pie_donut.html"}
{"ts":"2026-03-21 05:34:41","event":"add","file":"/home/aa/work/mumps.io/templates/partials/mioui_chart_radar_score_profile.html"}
{"ts":"2026-03-21 05:34:41","event":"add","file":"/home/aa/work/mumps.io/templates/partials/mioui_chart_sparkline_table.html"}
{"ts":"2026-03-21 05:34:41","event":"add","file":"/home/aa/work/mumps.io/templates/partials/mioui_chart_stacked_mix.html"}
{"ts":"2026-03-21 05:34:41","event":"add","file":"/home/aa/work/mumps.io/templates/partials/mioui_chart_waterfall_bridge.html"}
{"ts":"2026-03-21 05:34:41","event":"add","file":"/home/aa/work/mumps.io/templates/partials/mioui_chat_composer_variants.html"}
{"ts":"2026-03-21 05:34:41","event":"add","file":"/home/aa/work/mumps.io/templates/partials/mioui_chat_context_side_panel.html"}
{"ts":"2026-03-21 05:34:41","event":"add","file":"/home/aa/work/mumps.io/templates/partials/mioui_chat_conversation_list.html"}
{"ts":"2026-03-21 05:34:41","event":"add","file":"/home/aa/work/mumps.io/templates/partials/mioui_chat_message_state_tiles.html"}
{"ts":"2026-03-21 05:34:41","event":"add","file":"/home/aa/work/mumps.io/templates/partials/mioui_chat_message_transcript.html"}
{"ts":"2026-03-21 05:34:41","event":"add","file":"/home/aa/work/mumps.io/templates/partials/mioui_chat_workspace_three_pane.html"}
{"ts":"2026-03-21 05:34:41","event":"add","file":"/home/aa/work/mumps.io/templates/partials/mioui_chat_workspace_two_pane.html"}
{"ts":"2026-03-21 05:34:41","event":"add","file":"/home/aa/work/mumps.io/templates/partials/mioui_checkbox_group.html"}
{"ts":"2026-03-21 05:34:41","event":"add","file":"/home/aa/work/mumps.io/templates/partials/mioui_claim_summary_card.html"}
{"ts":"2026-03-21 05:34:41","event":"add","file":"/home/aa/work/mumps.io/templates/partials/mioui_code_menu_approval_queue.html"}
{"ts":"2026-03-21 05:34:41","event":"add","file":"/home/aa/work/mumps.io/templates/partials/mioui_code_menu_audit_console.html"}
{"ts":"2026-03-21 05:34:41","event":"add","file":"/home/aa/work/mumps.io/templates/partials/mioui_code_menu_compare_merge_review.html"}
{"ts":"2026-03-21 05:34:41","event":"add","file":"/home/aa/work/mumps.io/templates/partials/mioui_code_menu_crosswalk_workspace.html"}
{"ts":"2026-03-21 05:34:41","event":"add","file":"/home/aa/work/mumps.io/templates/partials/mioui_code_menu_custom_field_studio.html"}
{"ts":"2026-03-21 05:34:41","event":"add","file":"/home/aa/work/mumps.io/templates/partials/mioui_code_menu_dependency_rules.html"}
{"ts":"2026-03-21 05:34:41","event":"add","file":"/home/aa/work/mumps.io/templates/partials/mioui_code_menu_effective_dating_studio.html"}
{"ts":"2026-03-21 05:34:41","event":"add","file":"/home/aa/work/mumps.io/templates/partials/mioui_code_menu_hierarchy_board.html"}
{"ts":"2026-03-21 05:34:41","event":"add","file":"/home/aa/work/mumps.io/templates/partials/mioui_code_menu_import_staging.html"}
{"ts":"2026-03-21 05:34:41","event":"add","file":"/home/aa/work/mumps.io/templates/partials/mioui_code_menu_inline_row_editor.html"}
{"ts":"2026-03-21 05:34:41","event":"add","file":"/home/aa/work/mumps.io/templates/partials/mioui_code_menu_master_catalog.html"}
{"ts":"2026-03-21 05:34:41","event":"add","file":"/home/aa/work/mumps.io/templates/partials/mioui_code_menu_retirement_delete_control.html"}
{"ts":"2026-03-21 05:34:41","event":"add","file":"/home/aa/work/mumps.io/templates/partials/mioui_code_menu_side_drawer_editor.html"}
{"ts":"2026-03-21 05:34:41","event":"add","file":"/home/aa/work/mumps.io/templates/partials/mioui_code_menu_variant_matrix.html"}
{"ts":"2026-03-21 05:34:41","event":"add","file":"/home/aa/work/mumps.io/templates/partials/mioui_collaboration_presence_rail.html"}
{"ts":"2026-03-21 05:34:41","event":"add","file":"/home/aa/work/mumps.io/templates/partials/mioui_collapsed_rail_toggle_strip.html"}
{"ts":"2026-03-21 05:34:41","event":"add","file":"/home/aa/work/mumps.io/templates/partials/mioui_column_chooser.html"}
{"ts":"2026-03-21 05:34:41","event":"add","file":"/home/aa/work/mumps.io/templates/partials/mioui_column_order_editor.html"}
{"ts":"2026-03-21 05:34:41","event":"add","file":"/home/aa/work/mumps.io/templates/partials/mioui_column_resize_ruler.html"}
{"ts":"2026-03-21 05:34:41","event":"add","file":"/home/aa/work/mumps.io/templates/partials/mioui_command_bar.html"}
{"ts":"2026-03-21 05:34:41","event":"add","file":"/home/aa/work/mumps.io/templates/partials/mioui_compare_rows_surface.html"}
{"ts":"2026-03-21 05:34:41","event":"add","file":"/home/aa/work/mumps.io/templates/partials/mioui_confirm_dialog.html"}
{"ts":"2026-03-21 05:34:41","event":"add","file":"/home/aa/work/mumps.io/templates/partials/mioui_connected_users_strip.html"}
{"ts":"2026-03-21 05:34:41","event":"add","file":"/home/aa/work/mumps.io/templates/partials/mioui_consent_approval_form.html"}
{"ts":"2026-03-21 05:34:41","event":"add","file":"/home/aa/work/mumps.io/templates/partials/mioui_cross_route_workspace_map.html"}
{"ts":"2026-03-21 05:34:41","event":"add","file":"/home/aa/work/mumps.io/templates/partials/mioui_data_grid.html"}
{"ts":"2026-03-21 05:34:41","event":"add","file":"/home/aa/work/mumps.io/templates/partials/mioui_detail_card.html"}
{"ts":"2026-03-21 05:34:41","event":"add","file":"/home/aa/work/mumps.io/templates/partials/mioui_diagnostic_list.html"}
{"ts":"2026-03-21 05:34:41","event":"add","file":"/home/aa/work/mumps.io/templates/partials/mioui_diagnostic_summary.html"}
{"ts":"2026-03-21 05:34:41","event":"add","file":"/home/aa/work/mumps.io/templates/partials/mioui_document_review_theater.html"}
{"ts":"2026-03-21 05:34:41","event":"add","file":"/home/aa/work/mumps.io/templates/partials/mioui_dossier_strip_wall.html"}
{"ts":"2026-03-21 05:34:41","event":"add","file":"/home/aa/work/mumps.io/templates/partials/mioui_download_row.html"}
{"ts":"2026-03-21 05:34:41","event":"add","file":"/home/aa/work/mumps.io/templates/partials/mioui_emergency_focus_layout.html"}
{"ts":"2026-03-21 05:34:41","event":"add","file":"/home/aa/work/mumps.io/templates/partials/mioui_empty_state.html"}
{"ts":"2026-03-21 05:34:41","event":"add","file":"/home/aa/work/mumps.io/templates/partials/mioui_escalation_ring_layout.html"}
{"ts":"2026-03-21 05:34:41","event":"add","file":"/home/aa/work/mumps.io/templates/partials/mioui_evidence_wall_layout.html"}
{"ts":"2026-03-21 05:34:41","event":"add","file":"/home/aa/work/mumps.io/templates/partials/mioui_export_profile_summary.html"}
{"ts":"2026-03-21 05:34:41","event":"add","file":"/home/aa/work/mumps.io/templates/partials/mioui_facet_bar.html"}
{"ts":"2026-03-21 05:34:41","event":"add","file":"/home/aa/work/mumps.io/templates/partials/mioui_field_error.html"}
{"ts":"2026-03-21 05:34:41","event":"add","file":"/home/aa/work/mumps.io/templates/partials/mioui_field_help.html"}
{"ts":"2026-03-21 05:34:41","event":"add","file":"/home/aa/work/mumps.io/templates/partials/mioui_file_dropzone.html"}
{"ts":"2026-03-21 05:34:41","event":"add","file":"/home/aa/work/mumps.io/templates/partials/mioui_filter_bar.html"}
{"ts":"2026-03-21 05:34:41","event":"add","file":"/home/aa/work/mumps.io/templates/partials/mioui_first_run_account_hardening_form.html"}
{"ts":"2026-03-21 05:34:41","event":"add","file":"/home/aa/work/mumps.io/templates/partials/mioui_focus_inspector_layout.html"}
{"ts":"2026-03-21 05:34:41","event":"add","file":"/home/aa/work/mumps.io/templates/partials/mioui_form.html"}
{"ts":"2026-03-21 05:34:41","event":"add","file":"/home/aa/work/mumps.io/templates/partials/mioui_grid_header_cell.html"}
{"ts":"2026-03-21 05:34:41","event":"add","file":"/home/aa/work/mumps.io/templates/partials/mioui_grid_row_meta.html"}
{"ts":"2026-03-21 05:34:41","event":"add","file":"/home/aa/work/mumps.io/templates/partials/mioui_inline_cell_notes.html"}
{"ts":"2026-03-21 05:34:41","event":"add","file":"/home/aa/work/mumps.io/templates/partials/mioui_inline_diff_card.html"}
{"ts":"2026-03-21 05:34:41","event":"add","file":"/home/aa/work/mumps.io/templates/partials/mioui_inline_validation_summary.html"}
{"ts":"2026-03-21 05:34:41","event":"add","file":"/home/aa/work/mumps.io/templates/partials/mioui_keyboard_pane_focus_map.html"}
{"ts":"2026-03-21 05:34:41","event":"add","file":"/home/aa/work/mumps.io/templates/partials/mioui_keyboard_shortcut_cheatsheet.html"}
{"ts":"2026-03-21 05:34:41","event":"add","file":"/home/aa/work/mumps.io/templates/partials/mioui_kv_list.html"}
{"ts":"2026-03-21 05:34:41","event":"add","file":"/home/aa/work/mumps.io/templates/partials/mioui_large_table.html"}
{"ts":"2026-03-21 05:34:41","event":"add","file":"/home/aa/work/mumps.io/templates/partials/mioui_large_table_column_order.html"}
{"ts":"2026-03-21 05:34:41","event":"add","file":"/home/aa/work/mumps.io/templates/partials/mioui_large_table_density_switcher.html"}
{"ts":"2026-03-21 05:34:41","event":"add","file":"/home/aa/work/mumps.io/templates/partials/mioui_large_table_filters.html"}
{"ts":"2026-03-21 05:34:41","event":"add","file":"/home/aa/work/mumps.io/templates/partials/mioui_large_table_footer_totals.html"}
{"ts":"2026-03-21 05:34:41","event":"add","file":"/home/aa/work/mumps.io/templates/partials/mioui_large_table_pagination.html"}
{"ts":"2026-03-21 05:34:41","event":"add","file":"/home/aa/work/mumps.io/templates/partials/mioui_large_table_toolbar.html"}
{"ts":"2026-03-21 05:34:41","event":"add","file":"/home/aa/work/mumps.io/templates/partials/mioui_layout_failover_strip.html"}
{"ts":"2026-03-21 05:34:41","event":"add","file":"/home/aa/work/mumps.io/templates/partials/mioui_layout_mode_switcher.html"}
{"ts":"2026-03-21 05:34:41","event":"add","file":"/home/aa/work/mumps.io/templates/partials/mioui_layout_policy_banner.html"}
{"ts":"2026-03-21 05:34:41","event":"add","file":"/home/aa/work/mumps.io/templates/partials/mioui_layout_role_preset_bar.html"}
{"ts":"2026-03-21 05:34:41","event":"add","file":"/home/aa/work/mumps.io/templates/partials/mioui_layout_transition_bar.html"}
{"ts":"2026-03-21 05:34:41","event":"add","file":"/home/aa/work/mumps.io/templates/partials/mioui_ledger_tape_layout.html"}
{"ts":"2026-03-21 05:34:41","event":"add","file":"/home/aa/work/mumps.io/templates/partials/mioui_list_group.html"}
{"ts":"2026-03-21 05:34:41","event":"add","file":"/home/aa/work/mumps.io/templates/partials/mioui_live_exception_lane.html"}
{"ts":"2026-03-21 05:34:41","event":"add","file":"/home/aa/work/mumps.io/templates/partials/mioui_map_table_context_fusion.html"}
{"ts":"2026-03-21 05:34:41","event":"add","file":"/home/aa/work/mumps.io/templates/partials/mioui_master_detail_cockpit.html"}
{"ts":"2026-03-21 05:34:41","event":"add","file":"/home/aa/work/mumps.io/templates/partials/mioui_million_table_filters.html"}
{"ts":"2026-03-21 05:34:41","event":"add","file":"/home/aa/work/mumps.io/templates/partials/mioui_million_table_pagination.html"}
{"ts":"2026-03-21 05:34:41","event":"add","file":"/home/aa/work/mumps.io/templates/partials/mioui_million_table_selected_columns.html"}
{"ts":"2026-03-21 05:34:41","event":"add","file":"/home/aa/work/mumps.io/templates/partials/mioui_million_table_surface.html"}
{"ts":"2026-03-21 05:34:41","event":"add","file":"/home/aa/work/mumps.io/templates/partials/mioui_million_table_toolbar.html"}
{"ts":"2026-03-21 05:34:41","event":"add","file":"/home/aa/work/mumps.io/templates/partials/mioui_mobile_audit_layout_variants.html"}
{"ts":"2026-03-21 05:34:41","event":"add","file":"/home/aa/work/mumps.io/templates/partials/mioui_monitor_assignment_grid.html"}
{"ts":"2026-03-21 05:34:41","event":"add","file":"/home/aa/work/mumps.io/templates/partials/mioui_multi_sort_stack.html"}
{"ts":"2026-03-21 05:34:41","event":"add","file":"/home/aa/work/mumps.io/templates/partials/mioui_multi_step_onboarding_form.html"}
{"ts":"2026-03-21 05:34:41","event":"add","file":"/home/aa/work/mumps.io/templates/partials/mioui_nested_queue_cascade.html"}
{"ts":"2026-03-21 05:34:41","event":"add","file":"/home/aa/work/mumps.io/templates/partials/mioui_onboarding_modal.html"}
{"ts":"2026-03-21 05:34:41","event":"add","file":"/home/aa/work/mumps.io/templates/partials/mioui_operator_command_center_layout.html"}
{"ts":"2026-03-21 05:34:41","event":"add","file":"/home/aa/work/mumps.io/templates/partials/mioui_operator_handshake_board.html"}
{"ts":"2026-03-21 05:34:41","event":"add","file":"/home/aa/work/mumps.io/templates/partials/mioui_overlay_density_matrix.html"}
{"ts":"2026-03-21 05:34:41","event":"add","file":"/home/aa/work/mumps.io/templates/partials/mioui_page_header.html"}
{"ts":"2026-03-21 05:34:41","event":"add","file":"/home/aa/work/mumps.io/templates/partials/mioui_panorama_comparison_deck.html"}
{"ts":"2026-03-21 05:34:41","event":"add","file":"/home/aa/work/mumps.io/templates/partials/mioui_persistent_pane_ratios.html"}
{"ts":"2026-03-21 05:34:41","event":"add","file":"/home/aa/work/mumps.io/templates/partials/mioui_presence_avatar_gallery.html"}
{"ts":"2026-03-21 05:34:41","event":"add","file":"/home/aa/work/mumps.io/templates/partials/mioui_profile_biller_workbench.html"}
{"ts":"2026-03-21 05:34:41","event":"add","file":"/home/aa/work/mumps.io/templates/partials/mioui_profile_collector_workbench.html"}
{"ts":"2026-03-21 05:34:41","event":"add","file":"/home/aa/work/mumps.io/templates/partials/mioui_profile_completion_variant_stack.html"}
{"ts":"2026-03-21 05:34:41","event":"add","file":"/home/aa/work/mumps.io/templates/partials/mioui_profile_denial_specialist_desk.html"}
{"ts":"2026-03-21 05:34:41","event":"add","file":"/home/aa/work/mumps.io/templates/partials/mioui_profile_manager_command.html"}
{"ts":"2026-03-21 05:34:41","event":"add","file":"/home/aa/work/mumps.io/templates/partials/mioui_profile_patient_dossier.html"}
{"ts":"2026-03-21 05:34:41","event":"add","file":"/home/aa/work/mumps.io/templates/partials/mioui_profile_patient_financial_summary.html"}
{"ts":"2026-03-21 05:34:41","event":"add","file":"/home/aa/work/mumps.io/templates/partials/mioui_profile_patient_payment_plan.html"}
{"ts":"2026-03-21 05:34:41","event":"add","file":"/home/aa/work/mumps.io/templates/partials/mioui_profile_qa_reviewer_board.html"}
{"ts":"2026-03-21 05:34:41","event":"add","file":"/home/aa/work/mumps.io/templates/partials/mioui_profile_registration_form.html"}
{"ts":"2026-03-21 05:34:41","event":"add","file":"/home/aa/work/mumps.io/templates/partials/mioui_profile_variant_capability_matrix.html"}
{"ts":"2026-03-21 05:34:41","event":"add","file":"/home/aa/work/mumps.io/templates/partials/mioui_progressive_disclosure_form.html"}
{"ts":"2026-03-21 05:34:41","event":"add","file":"/home/aa/work/mumps.io/templates/partials/mioui_queue_board_matrix.html"}
{"ts":"2026-03-21 05:34:41","event":"add","file":"/home/aa/work/mumps.io/templates/partials/mioui_queue_burst_layout.html"}
{"ts":"2026-03-21 05:34:41","event":"add","file":"/home/aa/work/mumps.io/templates/partials/mioui_radial_dispatch_hub.html"}
{"ts":"2026-03-21 05:34:41","event":"add","file":"/home/aa/work/mumps.io/templates/partials/mioui_resolution_sweep_board.html"}
{"ts":"2026-03-21 05:34:41","event":"add","file":"/home/aa/work/mumps.io/templates/partials/mioui_responsive_dense_stack_layout.html"}
{"ts":"2026-03-21 05:34:41","event":"add","file":"/home/aa/work/mumps.io/templates/partials/mioui_right_frozen_summary.html"}
{"ts":"2026-03-21 05:34:41","event":"add","file":"/home/aa/work/mumps.io/templates/partials/mioui_route_command_footer.html"}
{"ts":"2026-03-21 05:34:41","event":"add","file":"/home/aa/work/mumps.io/templates/partials/mioui_route_pane_persistence.html"}
{"ts":"2026-03-21 05:34:41","event":"add","file":"/home/aa/work/mumps.io/templates/partials/mioui_route_snapshot_compare.html"}
{"ts":"2026-03-21 05:34:41","event":"add","file":"/home/aa/work/mumps.io/templates/partials/mioui_row_group_bands.html"}
{"ts":"2026-03-21 05:34:41","event":"add","file":"/home/aa/work/mumps.io/templates/partials/mioui_row_inspector.html"}
{"ts":"2026-03-21 05:34:41","event":"add","file":"/home/aa/work/mumps.io/templates/partials/mioui_saved_views_toolbar.html"}
{"ts":"2026-03-21 05:34:41","event":"add","file":"/home/aa/work/mumps.io/templates/partials/mioui_selection_summary.html"}
{"ts":"2026-03-21 05:34:41","event":"add","file":"/home/aa/work/mumps.io/templates/partials/mioui_service_line_table.html"}
{"ts":"2026-03-21 05:34:41","event":"add","file":"/home/aa/work/mumps.io/templates/partials/mioui_session_layout_restore.html"}
{"ts":"2026-03-21 05:34:41","event":"add","file":"/home/aa/work/mumps.io/templates/partials/mioui_shell_header.html"}
{"ts":"2026-03-21 05:34:41","event":"add","file":"/home/aa/work/mumps.io/templates/partials/mioui_shell_sidebar.html"}
{"ts":"2026-03-21 05:34:41","event":"add","file":"/home/aa/work/mumps.io/templates/partials/mioui_shell_subnav.html"}
{"ts":"2026-03-21 05:34:41","event":"add","file":"/home/aa/work/mumps.io/templates/partials/mioui_shift_briefing_ribbon.html"}
{"ts":"2026-03-21 05:34:41","event":"add","file":"/home/aa/work/mumps.io/templates/partials/mioui_shift_handoff_layout.html"}
{"ts":"2026-03-21 05:34:41","event":"add","file":"/home/aa/work/mumps.io/templates/partials/mioui_signal_triage_lattice.html"}
{"ts":"2026-03-21 05:34:41","event":"add","file":"/home/aa/work/mumps.io/templates/partials/mioui_snapshot_restore_gallery.html"}
{"ts":"2026-03-21 05:34:41","event":"add","file":"/home/aa/work/mumps.io/templates/partials/mioui_split_detail_panel.html"}
{"ts":"2026-03-21 05:34:41","event":"add","file":"/home/aa/work/mumps.io/templates/partials/mioui_split_grid_trace_sync.html"}
{"ts":"2026-03-21 05:34:41","event":"add","file":"/home/aa/work/mumps.io/templates/partials/mioui_stat_strip.html"}
{"ts":"2026-03-21 05:34:41","event":"add","file":"/home/aa/work/mumps.io/templates/partials/mioui_stepper.html"}
{"ts":"2026-03-21 05:34:41","event":"add","file":"/home/aa/work/mumps.io/templates/partials/mioui_sticky_action_footer.html"}
{"ts":"2026-03-21 05:34:41","event":"add","file":"/home/aa/work/mumps.io/templates/partials/mioui_subtotal_band.html"}
{"ts":"2026-03-21 05:34:41","event":"add","file":"/home/aa/work/mumps.io/templates/partials/mioui_supervisor_escalation_stack.html"}
{"ts":"2026-03-21 05:34:41","event":"add","file":"/home/aa/work/mumps.io/templates/partials/mioui_supervisor_overwatch_layout.html"}
{"ts":"2026-03-21 05:34:41","event":"add","file":"/home/aa/work/mumps.io/templates/partials/mioui_table.html"}
{"ts":"2026-03-21 05:34:41","event":"add","file":"/home/aa/work/mumps.io/templates/partials/mioui_table_bulk_action_drawer.html"}
{"ts":"2026-03-21 05:34:41","event":"add","file":"/home/aa/work/mumps.io/templates/partials/mioui_table_bulkbar.html"}
{"ts":"2026-03-21 05:34:41","event":"add","file":"/home/aa/work/mumps.io/templates/partials/mioui_table_export_current_view.html"}
{"ts":"2026-03-21 05:34:41","event":"add","file":"/home/aa/work/mumps.io/templates/partials/mioui_table_filters.html"}
{"ts":"2026-03-21 05:34:41","event":"add","file":"/home/aa/work/mumps.io/templates/partials/mioui_table_insights.html"}
{"ts":"2026-03-21 05:34:41","event":"add","file":"/home/aa/work/mumps.io/templates/partials/mioui_table_metric_bar.html"}
{"ts":"2026-03-21 05:34:41","event":"add","file":"/home/aa/work/mumps.io/templates/partials/mioui_table_pager.html"}
{"ts":"2026-03-21 05:34:41","event":"add","file":"/home/aa/work/mumps.io/templates/partials/mioui_table_query_builder.html"}
{"ts":"2026-03-21 05:34:41","event":"add","file":"/home/aa/work/mumps.io/templates/partials/mioui_table_saved_view_manager.html"}
{"ts":"2026-03-21 05:34:41","event":"add","file":"/home/aa/work/mumps.io/templates/partials/mioui_table_toolbar.html"}
{"ts":"2026-03-21 05:34:41","event":"add","file":"/home/aa/work/mumps.io/templates/partials/mioui_tabs.html"}
{"ts":"2026-03-21 05:34:41","event":"add","file":"/home/aa/work/mumps.io/templates/partials/mioui_timeline.html"}
{"ts":"2026-03-21 05:34:41","event":"add","file":"/home/aa/work/mumps.io/templates/partials/mioui_timeline_corridor_layout.html"}
{"ts":"2026-03-21 05:34:41","event":"add","file":"/home/aa/work/mumps.io/templates/partials/mioui_toast_inline.html"}
{"ts":"2026-03-21 05:34:41","event":"add","file":"/home/aa/work/mumps.io/templates/partials/mioui_trace_summary.html"}
{"ts":"2026-03-21 05:34:41","event":"add","file":"/home/aa/work/mumps.io/templates/partials/mioui_trace_table.html"}
{"ts":"2026-03-21 05:34:41","event":"add","file":"/home/aa/work/mumps.io/templates/partials/mioui_transition_sequence_panel.html"}
{"ts":"2026-03-21 05:34:41","event":"add","file":"/home/aa/work/mumps.io/templates/partials/mioui_tri_split_queue_layout.html"}
{"ts":"2026-03-21 05:34:41","event":"add","file":"/home/aa/work/mumps.io/templates/partials/mioui_trusted_device_message_panel.html"}
{"ts":"2026-03-21 05:34:41","event":"add","file":"/home/aa/work/mumps.io/templates/partials/mioui_user_bubble_variants.html"}
{"ts":"2026-03-21 05:34:41","event":"add","file":"/home/aa/work/mumps.io/templates/partials/mioui_user_presence_cards.html"}
{"ts":"2026-03-21 05:34:41","event":"add","file":"/home/aa/work/mumps.io/templates/partials/mioui_validation_summary.html"}
{"ts":"2026-03-21 05:34:41","event":"add","file":"/home/aa/work/mumps.io/templates/partials/mioui_virtual_window_navigator.html"}
{"ts":"2026-03-21 05:34:41","event":"add","file":"/home/aa/work/mumps.io/templates/partials/mioui_width_preset_pack.html"}
{"ts":"2026-03-21 05:34:41","event":"add","file":"/home/aa/work/mumps.io/templates/partials/mioui_workspace_bootstrap_resolution_form.html"}
{"ts":"2026-03-21 05:34:41","event":"add","file":"/home/aa/work/mumps.io/templates/partials/mioui_workspace_bootstrap_variant_stack.html"}
{"ts":"2026-03-21 05:34:41","event":"add","file":"/home/aa/work/mumps.io/templates/partials/mioui_workspace_dock_matrix.html"}
{"ts":"2026-03-21 05:34:41","event":"add","file":"/home/aa/work/mumps.io/templates/partials/mioui_workspace_participant_rows.html"}
{"ts":"2026-03-21 05:34:41","event":"add","file":"/home/aa/work/mumps.io/templates/partials/mioui_workspace_state_footer.html"}
{"ts":"2026-03-21 05:34:41","event":"add","file":"/home/aa/work/mumps.io/templates/partials/miouibill_chart_appeal_ladder.html"}
{"ts":"2026-03-21 05:34:41","event":"add","file":"/home/aa/work/mumps.io/templates/partials/miouibill_chart_backlog_slope.html"}
{"ts":"2026-03-21 05:34:41","event":"add","file":"/home/aa/work/mumps.io/templates/partials/miouibill_chart_benchmark_ladder.html"}
{"ts":"2026-03-21 05:34:41","event":"add","file":"/home/aa/work/mumps.io/templates/partials/miouibill_chart_columns.html"}
{"ts":"2026-03-21 05:34:41","event":"add","file":"/home/aa/work/mumps.io/templates/partials/miouibill_chart_denial_matrix.html"}
{"ts":"2026-03-21 05:34:41","event":"add","file":"/home/aa/work/mumps.io/templates/partials/miouibill_chart_denial_stream.html"}
{"ts":"2026-03-21 05:34:41","event":"add","file":"/home/aa/work/mumps.io/templates/partials/miouibill_chart_funnel.html"}
{"ts":"2026-03-21 05:34:41","event":"add","file":"/home/aa/work/mumps.io/templates/partials/miouibill_chart_heatmap.html"}
{"ts":"2026-03-21 05:34:41","event":"add","file":"/home/aa/work/mumps.io/templates/partials/miouibill_chart_horizontal_bars.html"}
{"ts":"2026-03-21 05:34:41","event":"add","file":"/home/aa/work/mumps.io/templates/partials/miouibill_chart_lag_timeline.html"}
{"ts":"2026-03-21 05:34:41","event":"add","file":"/home/aa/work/mumps.io/templates/partials/miouibill_chart_meter.html"}
{"ts":"2026-03-21 05:34:41","event":"add","file":"/home/aa/work/mumps.io/templates/partials/miouibill_chart_peer_matrix.html"}
{"ts":"2026-03-21 05:34:41","event":"add","file":"/home/aa/work/mumps.io/templates/partials/miouibill_chart_productivity_heatmap.html"}
{"ts":"2026-03-21 05:34:41","event":"add","file":"/home/aa/work/mumps.io/templates/partials/miouibill_chart_productivity_team.html"}
{"ts":"2026-03-21 05:34:41","event":"add","file":"/home/aa/work/mumps.io/templates/partials/miouibill_chart_projection_band.html"}
{"ts":"2026-03-21 05:34:41","event":"add","file":"/home/aa/work/mumps.io/templates/partials/miouibill_chart_runrate_strip.html"}
{"ts":"2026-03-21 05:34:41","event":"add","file":"/home/aa/work/mumps.io/templates/partials/miouibill_chart_source_mix.html"}
{"ts":"2026-03-21 05:34:41","event":"add","file":"/home/aa/work/mumps.io/templates/partials/miouibill_chart_stacked_band.html"}
{"ts":"2026-03-21 05:34:41","event":"add","file":"/home/aa/work/mumps.io/templates/partials/miouibill_chart_underpayment_lanes.html"}
{"ts":"2026-03-21 05:34:41","event":"add","file":"/home/aa/work/mumps.io/templates/partials/miouibill_chart_underpayment_matrix.html"}
{"ts":"2026-03-21 05:34:41","event":"add","file":"/home/aa/work/mumps.io/templates/partials/miouibill_chart_underpayment_waterfall.html"}
{"ts":"2026-03-21 05:34:41","event":"add","file":"/home/aa/work/mumps.io/templates/partials/miouibill_chart_waterfall.html"}
{"ts":"2026-03-21 05:34:41","event":"add","file":"/home/aa/work/mumps.io/templates/partials/miouibill_claim_snapshot.html"}
{"ts":"2026-03-21 05:34:41","event":"add","file":"/home/aa/work/mumps.io/templates/partials/miouibill_report_action_stack.html"}
{"ts":"2026-03-21 05:34:41","event":"add","file":"/home/aa/work/mumps.io/templates/partials/miouibill_report_aging_table.html"}
{"ts":"2026-03-21 05:34:41","event":"add","file":"/home/aa/work/mumps.io/templates/partials/miouibill_report_benchmark_scorecards.html"}
{"ts":"2026-03-21 05:34:41","event":"add","file":"/home/aa/work/mumps.io/templates/partials/miouibill_report_denial_bands.html"}
{"ts":"2026-03-21 05:34:41","event":"add","file":"/home/aa/work/mumps.io/templates/partials/miouibill_report_export_queue.html"}
{"ts":"2026-03-21 05:34:41","event":"add","file":"/home/aa/work/mumps.io/templates/partials/miouibill_report_kpi_grid.html"}
{"ts":"2026-03-21 05:34:41","event":"add","file":"/home/aa/work/mumps.io/templates/partials/miouibill_report_payer_table.html"}
{"ts":"2026-03-21 05:34:41","event":"add","file":"/home/aa/work/mumps.io/templates/partials/miouibill_report_productivity_leaderboard.html"}
{"ts":"2026-03-21 05:34:41","event":"add","file":"/home/aa/work/mumps.io/templates/partials/miouibill_report_queue_board.html"}
{"ts":"2026-03-21 05:34:41","event":"add","file":"/home/aa/work/mumps.io/templates/partials/miouibill_report_scenario_cards.html"}
{"ts":"2026-03-21 05:34:41","event":"add","file":"/home/aa/work/mumps.io/templates/partials/miouibill_report_story_cards.html"}
{"ts":"2026-03-21 05:34:41","event":"add","file":"/home/aa/work/mumps.io/templates/partials/miouibill_report_trend_strip.html"}
{"ts":"2026-03-21 05:34:41","event":"add","file":"/home/aa/work/mumps.io/templates/partials/miouibill_report_underpayment_cards.html"}
{"ts":"2026-03-21 05:34:41","event":"add","file":"/home/aa/work/mumps.io/templates/partials/miouibill_section_card.html"}
{"ts":"2026-03-21 05:34:41","event":"add","file":"/home/aa/work/mumps.io/templates/partials/miouibill_transaction_card.html"}
{"ts":"2026-03-21 05:34:41","event":"add","file":"/home/aa/work/mumps.io/templates/partials/miouibill_x12_explorer.html"}
{"ts":"2026-03-21 05:34:41","event":"add","file":"/home/aa/work/mumps.io/templates/partials/miouicol_assignee_chips.html"}
{"ts":"2026-03-21 05:34:41","event":"add","file":"/home/aa/work/mumps.io/templates/partials/miouicol_avatar_stack.html"}
{"ts":"2026-03-21 05:34:41","event":"add","file":"/home/aa/work/mumps.io/templates/partials/miouicol_chat_composer.html"}
{"ts":"2026-03-21 05:34:41","event":"add","file":"/home/aa/work/mumps.io/templates/partials/miouicol_chat_composer_dense.html"}
{"ts":"2026-03-21 05:34:41","event":"add","file":"/home/aa/work/mumps.io/templates/partials/miouicol_chat_header.html"}
{"ts":"2026-03-21 05:34:41","event":"add","file":"/home/aa/work/mumps.io/templates/partials/miouicol_chat_message_list.html"}
{"ts":"2026-03-21 05:34:41","event":"add","file":"/home/aa/work/mumps.io/templates/partials/miouicol_chat_message_list_dense.html"}
{"ts":"2026-03-21 05:34:41","event":"add","file":"/home/aa/work/mumps.io/templates/partials/miouicol_chat_side_panels.html"}
{"ts":"2026-03-21 05:34:41","event":"add","file":"/home/aa/work/mumps.io/templates/partials/miouicol_chat_side_panels_dense.html"}
{"ts":"2026-03-21 05:34:41","event":"add","file":"/home/aa/work/mumps.io/templates/partials/miouicol_connected_roster_table.html"}
{"ts":"2026-03-21 05:34:41","event":"add","file":"/home/aa/work/mumps.io/templates/partials/miouicol_connected_users_panel.html"}
{"ts":"2026-03-21 05:34:41","event":"add","file":"/home/aa/work/mumps.io/templates/partials/miouicol_hero_strip.html"}
{"ts":"2026-03-21 05:34:41","event":"add","file":"/home/aa/work/mumps.io/templates/partials/miouicol_info_panels.html"}
{"ts":"2026-03-21 05:34:41","event":"add","file":"/home/aa/work/mumps.io/templates/partials/miouicol_mini_directory.html"}
{"ts":"2026-03-21 05:34:41","event":"add","file":"/home/aa/work/mumps.io/templates/partials/miouicol_onboarding_checklist.html"}
{"ts":"2026-03-21 05:34:41","event":"add","file":"/home/aa/work/mumps.io/templates/partials/miouicol_onboarding_invite_panel.html"}
{"ts":"2026-03-21 05:34:41","event":"add","file":"/home/aa/work/mumps.io/templates/partials/miouicol_onboarding_journey.html"}
{"ts":"2026-03-21 05:34:41","event":"add","file":"/home/aa/work/mumps.io/templates/partials/miouicol_onboarding_launch_panel.html"}
{"ts":"2026-03-21 05:34:41","event":"add","file":"/home/aa/work/mumps.io/templates/partials/miouicol_onboarding_rooms.html"}
{"ts":"2026-03-21 05:34:41","event":"add","file":"/home/aa/work/mumps.io/templates/partials/miouicol_onboarding_stage_cards.html"}
{"ts":"2026-03-21 05:34:41","event":"add","file":"/home/aa/work/mumps.io/templates/partials/miouicol_onboarding_summary.html"}
{"ts":"2026-03-21 05:34:41","event":"add","file":"/home/aa/work/mumps.io/templates/partials/miouicol_presence_group_strip.html"}
{"ts":"2026-03-21 05:34:41","event":"add","file":"/home/aa/work/mumps.io/templates/partials/miouicol_top_tabs.html"}
{"ts":"2026-03-21 05:34:41","event":"add","file":"/home/aa/work/mumps.io/templates/partials/miouicol_user_bubbles.html"}
{"ts":"2026-03-21 05:34:41","event":"add","file":"/home/aa/work/mumps.io/templates/partials/miouicol_user_detail_cards.html"}
{"ts":"2026-03-21 05:34:41","event":"add","file":"/home/aa/work/mumps.io/templates/partials/ui_badge.html"}
{"ts":"2026-03-21 05:34:41","event":"add","file":"/home/aa/work/mumps.io/templates/partials/ui_footer.html"}
{"ts":"2026-03-21 05:34:41","event":"add","file":"/home/aa/work/mumps.io/templates/partials/ui_hero.html"}
{"ts":"2026-03-21 05:34:41","event":"add","file":"/home/aa/work/mumps.io/templates/partials/ui_nav.html"}
{"ts":"2026-03-21 05:34:41","event":"add","file":"/home/aa/work/mumps.io/templates/partials/ui_tpl_card_grid.html"}
{"ts":"2026-03-21 05:34:41","event":"add","file":"/home/aa/work/mumps.io/templates/partials/ui_tpl_card_list.html"}
{"ts":"2026-03-21 05:36:50","event":"mod","file":"/home/aa/work/mumps.io/templates/partials/mioide_editor_shell.html"}
{"ts":"2026-03-21 05:36:54","event":"mod","file":"/home/aa/work/mumps.io/templates/partials/mioide_editor_shell.html"}
{"ts":"2026-03-21 05:36:57","event":"mod","file":"/home/aa/work/mumps.io/templates/partials/mioide_editor_shell.html"}
{"ts":"2026-03-21 05:37:09","event":"mod","file":"/home/aa/work/mumps.io/templates/partials/mioide_editor_shell.html"}
{"ts":"2026-03-21 05:37:13","event":"mod","file":"/home/aa/work/mumps.io/templates/partials/mioide_editor_shell.html"}
{"ts":"2026-03-21 05:37:24","event":"mod","file":"/home/aa/work/mumps.io/templates/partials/mioide_editor_shell.html"}
{"ts":"2026-03-21 05:37:33","event":"mod","file":"/home/aa/work/mumps.io/templates/partials/mioide_editor_shell.html"}
{"ts":"2026-03-21 05:37:37","event":"mod","file":"/home/aa/work/mumps.io/templates/partials/mioide_editor_shell.html"}
{"ts":"2026-03-21 05:37:59","event":"mod","file":"/home/aa/work/mumps.io/templates/partials/mioide_editor_shell.html"}
{"ts":"2026-03-21 05:38:04","event":"mod","file":"/home/aa/work/mumps.io/templates/partials/mioide_editor_shell.html"}
{"ts":"2026-03-21 05:38:08","event":"mod","file":"/home/aa/work/mumps.io/templates/partials/mioide_editor_shell.html"}
{"ts":"2026-03-21 05:38:12","event":"mod","file":"/home/aa/work/mumps.io/templates/partials/mioide_editor_shell.html"}
{"ts":"2026-03-21 05:38:17","event":"mod","file":"/home/aa/work/mumps.io/templates/partials/mioide_editor_shell.html"}
{"ts":"2026-03-21 05:38:21","event":"mod","file":"/home/aa/work/mumps.io/templates/partials/mioide_editor_shell.html"}
{"ts":"2026-03-21 05:38:44","event":"mod","file":"/home/aa/work/mumps.io/templates/partials/mioide_editor_shell.html"}
{"ts":"2026-03-21 05:38:47","event":"mod","file":"/home/aa/work/mumps.io/templates/partials/mioide_editor_shell.html"}
{"ts":"2026-03-21 05:38:51","event":"mod","file":"/home/aa/work/mumps.io/templates/partials/mioide_editor_shell.html"}
{"ts":"2026-03-21 05:38:59","event":"mod","file":"/home/aa/work/mumps.io/templates/partials/mioide_editor_shell.html"}
{"ts":"2026-03-21 05:39:03","event":"mod","file":"/home/aa/work/mumps.io/templates/partials/mioide_editor_shell.html"}
{"ts":"2026-03-21 05:39:06","event":"mod","file":"/home/aa/work/mumps.io/templates/partials/mioide_editor_shell.html"}
{"ts":"2026-03-21 05:39:45","event":"mod","file":"/home/aa/work/mumps.io/templates/partials/mioide_editor_shell.html"}
{"ts":"2026-03-21 05:39:48","event":"mod","file":"/home/aa/work/mumps.io/templates/partials/mioide_editor_shell.html"}
{"ts":"2026-03-21 05:40:19","event":"mod","file":"/home/aa/work/mumps.io/templates/partials/mioide_editor_shell.html"}
{"ts":"2026-03-21 06:03:20","event":"mod","file":"/home/aa/work/mumps.io/templates/layouts/mioide_app.html"}
{"ts":"2026-03-21 06:03:27","event":"mod","file":"/home/aa/work/mumps.io/templates/pages/mioide_home.html"}
{"ts":"2026-03-21 06:03:34","event":"mod","file":"/home/aa/work/mumps.io/templates/partials/mioide_bottom_panel.html"}
{"ts":"2026-03-21 06:03:34","event":"mod","file":"/home/aa/work/mumps.io/templates/partials/mioide_right_rail.html"}
{"ts":"2026-03-21 06:03:34","event":"mod","file":"/home/aa/work/mumps.io/templates/partials/mioide_sidebar.html"}
{"ts":"2026-03-21 06:03:38","event":"mod","file":"/home/aa/work/mumps.io/templates/partials/mioide_bottom_panel.html"}
{"ts":"2026-03-21 06:03:38","event":"mod","file":"/home/aa/work/mumps.io/templates/partials/mioide_editor_shell.html"}
{"ts":"2026-03-21 06:35:59","event":"mod","file":"/home/aa/work/mumps.io/templates/layouts/mioide_app.html"}
{"ts":"2026-03-21 06:36:13","event":"mod","file":"/home/aa/work/mumps.io/templates/pages/mioide_home.html"}
{"ts":"2026-03-21 06:36:31","event":"add","file":"/home/aa/work/mumps.io/templates/partials/mioide_float_windows.html"}
{"ts":"2026-03-21 06:36:31","event":"mod","file":"/home/aa/work/mumps.io/templates/partials/mioide_command_palette.html"}
{"ts":"2026-03-21 06:36:31","event":"mod","file":"/home/aa/work/mumps.io/templates/partials/mioide_editor_shell.html"}
{"ts":"2026-03-21 06:36:31","event":"mod","file":"/home/aa/work/mumps.io/templates/partials/mioide_sidebar.html"}
{"ts":"2026-03-21 06:36:31","event":"mod","file":"/home/aa/work/mumps.io/templates/partials/mioide_status_bar.html"}
{"ts":"2026-03-21 07:14:21","event":"mod","file":"/home/aa/work/mumps.io/templates/partials/mioide_bottom_panel.html"}
{"ts":"2026-03-21 07:14:21","event":"mod","file":"/home/aa/work/mumps.io/templates/partials/mioide_command_palette.html"}
{"ts":"2026-03-21 07:14:21","event":"mod","file":"/home/aa/work/mumps.io/templates/partials/mioide_editor_shell.html"}
{"ts":"2026-03-21 07:14:21","event":"mod","file":"/home/aa/work/mumps.io/templates/partials/mioide_float_windows.html"}
{"ts":"2026-03-21 07:14:21","event":"mod","file":"/home/aa/work/mumps.io/templates/partials/mioide_sidebar.html"}
{"ts":"2026-03-21 07:14:21","event":"mod","file":"/home/aa/work/mumps.io/templates/partials/mioide_status_bar.html"}
{"ts":"2026-03-21 07:14:28","event":"mod","file":"/home/aa/work/mumps.io/templates/partials/mioide_editor_shell.html"}
{"ts":"2026-03-21 07:14:35","event":"mod","file":"/home/aa/work/mumps.io/templates/pages/mioide_home.html"}
{"ts":"2026-03-21 07:14:41","event":"mod","file":"/home/aa/work/mumps.io/templates/layouts/mioide_app.html"}
{"ts":"2026-03-21 07:55:45","event":"mod","file":"/home/aa/work/mumps.io/templates/layouts/mioide_app.html"}
{"ts":"2026-03-21 07:56:00","event":"mod","file":"/home/aa/work/mumps.io/templates/partials/mioide_bottom_panel.html"}
{"ts":"2026-03-21 07:56:00","event":"mod","file":"/home/aa/work/mumps.io/templates/partials/mioide_command_palette.html"}
{"ts":"2026-03-21 07:56:00","event":"mod","file":"/home/aa/work/mumps.io/templates/partials/mioide_editor_shell.html"}
{"ts":"2026-03-21 07:56:00","event":"mod","file":"/home/aa/work/mumps.io/templates/partials/mioide_float_windows.html"}
{"ts":"2026-03-21 07:56:00","event":"mod","file":"/home/aa/work/mumps.io/templates/partials/mioide_sidebar.html"}
{"ts":"2026-03-21 07:56:00","event":"mod","file":"/home/aa/work/mumps.io/templates/partials/mioide_status_bar.html"}
{"ts":"2026-03-21 12:02:43","event":"mod","file":"/home/aa/work/mumps.io/templates/partials/mioide_bottom_panel.html"}
{"ts":"2026-03-21 12:02:43","event":"mod","file":"/home/aa/work/mumps.io/templates/partials/mioide_editor_shell.html"}
{"ts":"2026-03-21 12:02:43","event":"mod","file":"/home/aa/work/mumps.io/templates/partials/mioide_sidebar.html"}
{"ts":"2026-03-21 12:02:51","event":"mod","file":"/home/aa/work/mumps.io/templates/pages/mioide_home.html"}
{"ts":"2026-03-21 12:02:56","event":"mod","file":"/home/aa/work/mumps.io/templates/layouts/mioide_app.html"}
{"ts":"2026-03-21 12:46:39","event":"mod","file":"/home/aa/work/mumps.io/templates/partials/mioide_editor_shell.html"}
{"ts":"2026-03-21 12:46:39","event":"mod","file":"/home/aa/work/mumps.io/templates/partials/mioide_status_bar.html"}
{"ts":"2026-03-21 14:42:15","event":"mod","file":"/home/aa/work/mumps.io/templates/layouts/mioide_app.html"}
{"ts":"2026-03-21 14:42:21","event":"mod","file":"/home/aa/work/mumps.io/templates/partials/mioide_editor_shell.html"}
{"ts":"2026-03-21 14:42:21","event":"mod","file":"/home/aa/work/mumps.io/templates/partials/mioide_sidebar.html"}
{"ts":"2026-03-21 14:42:21","event":"mod","file":"/home/aa/work/mumps.io/templates/partials/mioide_status_bar.html"}
