2026-04-19 10:10:06 watcher_start pid=411690 pattern=*.html
{"ts":"2026-04-19 10:10:06","event":"add","file":"/home/aa/work/mumps.io/templates/layouts/miomos_shell.html"}
{"ts":"2026-04-19 10:10:06","event":"add","file":"/home/aa/work/mumps.io/templates/layouts/mioos_shell.html"}
{"ts":"2026-04-19 10:10:06","event":"add","file":"/home/aa/work/mumps.io/templates/layouts/mioui_app.html"}
{"ts":"2026-04-19 10:10:06","event":"add","file":"/home/aa/work/mumps.io/templates/layouts/plgd_layout.html"}
{"ts":"2026-04-19 10:10:06","event":"add","file":"/home/aa/work/mumps.io/templates/pages/miomos_auth.html"}
{"ts":"2026-04-19 10:10:06","event":"add","file":"/home/aa/work/mumps.io/templates/pages/miomos_desktop.html"}
{"ts":"2026-04-19 10:10:06","event":"add","file":"/home/aa/work/mumps.io/templates/pages/mioos_desktop.html"}
{"ts":"2026-04-19 10:10:06","event":"add","file":"/home/aa/work/mumps.io/templates/pages/plgd_about.html"}
{"ts":"2026-04-19 10:10:06","event":"add","file":"/home/aa/work/mumps.io/templates/pages/plgd_home.html"}
{"ts":"2026-04-19 10:10:06","event":"add","file":"/home/aa/work/mumps.io/templates/pages/plgd_playground.html"}
{"ts":"2026-04-19 10:10:06","event":"add","file":"/home/aa/work/mumps.io/templates/partials/ui_tpl_card_grid.html"}
{"ts":"2026-04-19 10:10:06","event":"add","file":"/home/aa/work/mumps.io/templates/partials/ui_tpl_card_list.html"}
{"ts":"2026-04-19 10:37:24","event":"mod","file":"/home/aa/work/mumps.io/templates/pages/mioos_desktop.html"}
{"ts":"2026-04-19 10:37:35","event":"mod","file":"/home/aa/work/mumps.io/templates/layouts/mioos_shell.html"}
{"ts":"2026-04-19 11:12:33","event":"mod","file":"/home/aa/work/mumps.io/templates/pages/mioos_desktop.html"}
{"ts":"2026-04-19 11:13:55","event":"add","file":"/home/aa/work/mumps.io/templates/layouts/miomos_shell.html"}
{"ts":"2026-04-19 11:13:55","event":"add","file":"/home/aa/work/mumps.io/templates/layouts/mioos_shell.html"}
{"ts":"2026-04-19 11:13:55","event":"add","file":"/home/aa/work/mumps.io/templates/layouts/mioui_app.html"}
{"ts":"2026-04-19 11:13:55","event":"add","file":"/home/aa/work/mumps.io/templates/layouts/plgd_layout.html"}
{"ts":"2026-04-19 11:13:55","event":"add","file":"/home/aa/work/mumps.io/templates/pages/miomos_auth.html"}
{"ts":"2026-04-19 11:13:55","event":"add","file":"/home/aa/work/mumps.io/templates/pages/miomos_desktop.html"}
{"ts":"2026-04-19 11:13:55","event":"add","file":"/home/aa/work/mumps.io/templates/pages/mioos_desktop.html"}
{"ts":"2026-04-19 11:13:55","event":"add","file":"/home/aa/work/mumps.io/templates/pages/plgd_about.html"}
{"ts":"2026-04-19 11:13:55","event":"add","file":"/home/aa/work/mumps.io/templates/pages/plgd_home.html"}
{"ts":"2026-04-19 11:13:55","event":"add","file":"/home/aa/work/mumps.io/templates/pages/plgd_playground.html"}
{"ts":"2026-04-19 11:13:55","event":"add","file":"/home/aa/work/mumps.io/templates/partials/ui_tpl_card_grid.html"}
{"ts":"2026-04-19 11:13:55","event":"add","file":"/home/aa/work/mumps.io/templates/partials/ui_tpl_card_list.html"}
{"ts":"2026-04-19 11:18:04","event":"mod","file":"/home/aa/work/mumps.io/templates/pages/mioos_desktop.html"}
