2026-04-18 21:15:53 watcher_start pid=384005 pattern=*.html
{"ts":"2026-04-18 21:15:53","event":"add","file":"/home/aa/work/mumps.io/templates/layouts/miomos_shell.html"}
{"ts":"2026-04-18 21:15:53","event":"add","file":"/home/aa/work/mumps.io/templates/layouts/mioos_shell.html"}
{"ts":"2026-04-18 21:15:53","event":"add","file":"/home/aa/work/mumps.io/templates/layouts/mioui_app.html"}
{"ts":"2026-04-18 21:15:53","event":"add","file":"/home/aa/work/mumps.io/templates/layouts/plgd_layout.html"}
{"ts":"2026-04-18 21:15:53","event":"add","file":"/home/aa/work/mumps.io/templates/pages/miomos_auth.html"}
{"ts":"2026-04-18 21:15:53","event":"add","file":"/home/aa/work/mumps.io/templates/pages/miomos_desktop.html"}
{"ts":"2026-04-18 21:15:53","event":"add","file":"/home/aa/work/mumps.io/templates/pages/mioos_desktop.html"}
{"ts":"2026-04-18 21:15:53","event":"add","file":"/home/aa/work/mumps.io/templates/pages/plgd_about.html"}
{"ts":"2026-04-18 21:15:53","event":"add","file":"/home/aa/work/mumps.io/templates/pages/plgd_home.html"}
{"ts":"2026-04-18 21:15:53","event":"add","file":"/home/aa/work/mumps.io/templates/pages/plgd_playground.html"}
{"ts":"2026-04-18 21:15:53","event":"add","file":"/home/aa/work/mumps.io/templates/partials/ui_tpl_card_grid.html"}
{"ts":"2026-04-18 21:15:53","event":"add","file":"/home/aa/work/mumps.io/templates/partials/ui_tpl_card_list.html"}
{"ts":"2026-04-18 21:31:11","event":"add","file":"/home/aa/work/mumps.io/templates/layouts/miomos_shell.html"}
{"ts":"2026-04-18 21:31:11","event":"add","file":"/home/aa/work/mumps.io/templates/layouts/mioos_shell.html"}
{"ts":"2026-04-18 21:31:11","event":"add","file":"/home/aa/work/mumps.io/templates/layouts/mioui_app.html"}
{"ts":"2026-04-18 21:31:11","event":"add","file":"/home/aa/work/mumps.io/templates/layouts/plgd_layout.html"}
{"ts":"2026-04-18 21:31:11","event":"add","file":"/home/aa/work/mumps.io/templates/pages/miomos_auth.html"}
{"ts":"2026-04-18 21:31:11","event":"add","file":"/home/aa/work/mumps.io/templates/pages/miomos_desktop.html"}
{"ts":"2026-04-18 21:31:11","event":"add","file":"/home/aa/work/mumps.io/templates/pages/mioos_desktop.html"}
{"ts":"2026-04-18 21:31:11","event":"add","file":"/home/aa/work/mumps.io/templates/pages/plgd_about.html"}
{"ts":"2026-04-18 21:31:11","event":"add","file":"/home/aa/work/mumps.io/templates/pages/plgd_home.html"}
{"ts":"2026-04-18 21:31:11","event":"add","file":"/home/aa/work/mumps.io/templates/pages/plgd_playground.html"}
{"ts":"2026-04-18 21:31:11","event":"add","file":"/home/aa/work/mumps.io/templates/partials/ui_tpl_card_grid.html"}
{"ts":"2026-04-18 21:31:11","event":"add","file":"/home/aa/work/mumps.io/templates/partials/ui_tpl_card_list.html"}
{"ts":"2026-04-18 21:42:53","event":"add","file":"/home/aa/work/mumps.io/templates/layouts/miomos_shell.html"}
{"ts":"2026-04-18 21:42:53","event":"add","file":"/home/aa/work/mumps.io/templates/layouts/mioos_shell.html"}
{"ts":"2026-04-18 21:42:53","event":"add","file":"/home/aa/work/mumps.io/templates/layouts/mioui_app.html"}
{"ts":"2026-04-18 21:42:53","event":"add","file":"/home/aa/work/mumps.io/templates/layouts/plgd_layout.html"}
{"ts":"2026-04-18 21:42:53","event":"add","file":"/home/aa/work/mumps.io/templates/pages/miomos_auth.html"}
{"ts":"2026-04-18 21:42:53","event":"add","file":"/home/aa/work/mumps.io/templates/pages/miomos_desktop.html"}
{"ts":"2026-04-18 21:42:53","event":"add","file":"/home/aa/work/mumps.io/templates/pages/mioos_desktop.html"}
{"ts":"2026-04-18 21:42:53","event":"add","file":"/home/aa/work/mumps.io/templates/pages/plgd_about.html"}
{"ts":"2026-04-18 21:42:53","event":"add","file":"/home/aa/work/mumps.io/templates/pages/plgd_home.html"}
{"ts":"2026-04-18 21:42:53","event":"add","file":"/home/aa/work/mumps.io/templates/pages/plgd_playground.html"}
{"ts":"2026-04-18 21:43:24","event":"add","file":"/home/aa/work/mumps.io/templates/partials/ui_tpl_card_grid.html"}
{"ts":"2026-04-18 21:43:24","event":"add","file":"/home/aa/work/mumps.io/templates/partials/ui_tpl_card_list.html"}
{"ts":"2026-04-18 21:54:18","event":"add","file":"/home/aa/work/mumps.io/templates/layouts/miomos_shell.html"}
{"ts":"2026-04-18 21:54:18","event":"add","file":"/home/aa/work/mumps.io/templates/layouts/mioos_shell.html"}
{"ts":"2026-04-18 21:54:18","event":"add","file":"/home/aa/work/mumps.io/templates/layouts/mioui_app.html"}
{"ts":"2026-04-18 21:54:18","event":"add","file":"/home/aa/work/mumps.io/templates/layouts/plgd_layout.html"}
{"ts":"2026-04-18 21:54:18","event":"add","file":"/home/aa/work/mumps.io/templates/pages/miomos_auth.html"}
{"ts":"2026-04-18 21:54:18","event":"add","file":"/home/aa/work/mumps.io/templates/pages/miomos_desktop.html"}
{"ts":"2026-04-18 21:54:18","event":"add","file":"/home/aa/work/mumps.io/templates/pages/mioos_desktop.html"}
{"ts":"2026-04-18 21:54:18","event":"add","file":"/home/aa/work/mumps.io/templates/pages/plgd_about.html"}
{"ts":"2026-04-18 21:54:18","event":"add","file":"/home/aa/work/mumps.io/templates/pages/plgd_home.html"}
{"ts":"2026-04-18 21:54:18","event":"add","file":"/home/aa/work/mumps.io/templates/pages/plgd_playground.html"}
{"ts":"2026-04-18 21:54:18","event":"add","file":"/home/aa/work/mumps.io/templates/partials/ui_tpl_card_grid.html"}
{"ts":"2026-04-18 21:54:18","event":"add","file":"/home/aa/work/mumps.io/templates/partials/ui_tpl_card_list.html"}
{"ts":"2026-04-18 21:59:51","event":"mod","file":"/home/aa/work/mumps.io/templates/pages/mioos_desktop.html"}
{"ts":"2026-04-18 22:48:27","event":"add","file":"/home/aa/work/mumps.io/templates/layouts/miomos_shell.html"}
{"ts":"2026-04-18 22:48:27","event":"add","file":"/home/aa/work/mumps.io/templates/layouts/mioos_shell.html"}
{"ts":"2026-04-18 22:48:27","event":"add","file":"/home/aa/work/mumps.io/templates/layouts/mioui_app.html"}
{"ts":"2026-04-18 22:48:27","event":"add","file":"/home/aa/work/mumps.io/templates/layouts/plgd_layout.html"}
{"ts":"2026-04-18 22:48:27","event":"add","file":"/home/aa/work/mumps.io/templates/pages/miomos_auth.html"}
{"ts":"2026-04-18 22:48:27","event":"add","file":"/home/aa/work/mumps.io/templates/pages/miomos_desktop.html"}
{"ts":"2026-04-18 22:48:27","event":"add","file":"/home/aa/work/mumps.io/templates/pages/mioos_desktop.html"}
{"ts":"2026-04-18 22:48:27","event":"add","file":"/home/aa/work/mumps.io/templates/pages/plgd_about.html"}
{"ts":"2026-04-18 22:48:27","event":"add","file":"/home/aa/work/mumps.io/templates/pages/plgd_home.html"}
{"ts":"2026-04-18 22:48:27","event":"add","file":"/home/aa/work/mumps.io/templates/pages/plgd_playground.html"}
{"ts":"2026-04-18 22:48:27","event":"add","file":"/home/aa/work/mumps.io/templates/partials/ui_tpl_card_grid.html"}
{"ts":"2026-04-18 22:48:27","event":"add","file":"/home/aa/work/mumps.io/templates/partials/ui_tpl_card_list.html"}
{"ts":"2026-04-18 22:57:50","event":"add","file":"/home/aa/work/mumps.io/templates/layouts/miomos_shell.html"}
{"ts":"2026-04-18 22:57:50","event":"add","file":"/home/aa/work/mumps.io/templates/layouts/mioos_shell.html"}
{"ts":"2026-04-18 22:57:50","event":"add","file":"/home/aa/work/mumps.io/templates/layouts/mioui_app.html"}
{"ts":"2026-04-18 22:57:50","event":"add","file":"/home/aa/work/mumps.io/templates/layouts/plgd_layout.html"}
{"ts":"2026-04-18 22:57:50","event":"add","file":"/home/aa/work/mumps.io/templates/pages/miomos_auth.html"}
{"ts":"2026-04-18 22:57:50","event":"add","file":"/home/aa/work/mumps.io/templates/pages/miomos_desktop.html"}
{"ts":"2026-04-18 22:57:50","event":"add","file":"/home/aa/work/mumps.io/templates/pages/mioos_desktop.html"}
{"ts":"2026-04-18 22:57:50","event":"add","file":"/home/aa/work/mumps.io/templates/pages/plgd_about.html"}
{"ts":"2026-04-18 22:57:50","event":"add","file":"/home/aa/work/mumps.io/templates/pages/plgd_home.html"}
{"ts":"2026-04-18 22:57:50","event":"add","file":"/home/aa/work/mumps.io/templates/pages/plgd_playground.html"}
{"ts":"2026-04-18 22:57:50","event":"add","file":"/home/aa/work/mumps.io/templates/partials/ui_tpl_card_grid.html"}
{"ts":"2026-04-18 22:57:50","event":"add","file":"/home/aa/work/mumps.io/templates/partials/ui_tpl_card_list.html"}
{"ts":"2026-04-18 23:07:33","event":"add","file":"/home/aa/work/mumps.io/templates/layouts/miomos_shell.html"}
{"ts":"2026-04-18 23:07:33","event":"add","file":"/home/aa/work/mumps.io/templates/layouts/mioos_shell.html"}
{"ts":"2026-04-18 23:07:33","event":"add","file":"/home/aa/work/mumps.io/templates/layouts/mioui_app.html"}
{"ts":"2026-04-18 23:07:33","event":"add","file":"/home/aa/work/mumps.io/templates/layouts/plgd_layout.html"}
{"ts":"2026-04-18 23:07:33","event":"add","file":"/home/aa/work/mumps.io/templates/pages/miomos_auth.html"}
{"ts":"2026-04-18 23:07:33","event":"add","file":"/home/aa/work/mumps.io/templates/pages/miomos_desktop.html"}
{"ts":"2026-04-18 23:07:33","event":"add","file":"/home/aa/work/mumps.io/templates/pages/mioos_desktop.html"}
{"ts":"2026-04-18 23:07:33","event":"add","file":"/home/aa/work/mumps.io/templates/pages/plgd_about.html"}
{"ts":"2026-04-18 23:07:33","event":"add","file":"/home/aa/work/mumps.io/templates/pages/plgd_home.html"}
{"ts":"2026-04-18 23:07:33","event":"add","file":"/home/aa/work/mumps.io/templates/pages/plgd_playground.html"}
{"ts":"2026-04-18 23:07:33","event":"add","file":"/home/aa/work/mumps.io/templates/partials/ui_tpl_card_grid.html"}
{"ts":"2026-04-18 23:07:33","event":"add","file":"/home/aa/work/mumps.io/templates/partials/ui_tpl_card_list.html"}
{"ts":"2026-04-18 23:16:27","event":"add","file":"/home/aa/work/mumps.io/templates/layouts/miomos_shell.html"}
{"ts":"2026-04-18 23:16:27","event":"add","file":"/home/aa/work/mumps.io/templates/layouts/mioos_shell.html"}
{"ts":"2026-04-18 23:16:27","event":"add","file":"/home/aa/work/mumps.io/templates/layouts/mioui_app.html"}
{"ts":"2026-04-18 23:16:27","event":"add","file":"/home/aa/work/mumps.io/templates/layouts/plgd_layout.html"}
{"ts":"2026-04-18 23:16:27","event":"add","file":"/home/aa/work/mumps.io/templates/pages/miomos_auth.html"}
{"ts":"2026-04-18 23:16:27","event":"add","file":"/home/aa/work/mumps.io/templates/pages/miomos_desktop.html"}
{"ts":"2026-04-18 23:16:27","event":"add","file":"/home/aa/work/mumps.io/templates/pages/mioos_desktop.html"}
{"ts":"2026-04-18 23:16:27","event":"add","file":"/home/aa/work/mumps.io/templates/pages/plgd_about.html"}
{"ts":"2026-04-18 23:16:27","event":"add","file":"/home/aa/work/mumps.io/templates/pages/plgd_home.html"}
{"ts":"2026-04-18 23:16:27","event":"add","file":"/home/aa/work/mumps.io/templates/pages/plgd_playground.html"}
{"ts":"2026-04-18 23:16:27","event":"add","file":"/home/aa/work/mumps.io/templates/partials/ui_tpl_card_grid.html"}
{"ts":"2026-04-18 23:16:27","event":"add","file":"/home/aa/work/mumps.io/templates/partials/ui_tpl_card_list.html"}
{"ts":"2026-04-18 23:26:39","event":"add","file":"/home/aa/work/mumps.io/templates/layouts/miomos_shell.html"}
{"ts":"2026-04-18 23:26:39","event":"add","file":"/home/aa/work/mumps.io/templates/layouts/mioos_shell.html"}
{"ts":"2026-04-18 23:26:39","event":"add","file":"/home/aa/work/mumps.io/templates/layouts/mioui_app.html"}
{"ts":"2026-04-18 23:26:39","event":"add","file":"/home/aa/work/mumps.io/templates/layouts/plgd_layout.html"}
{"ts":"2026-04-18 23:26:39","event":"add","file":"/home/aa/work/mumps.io/templates/pages/miomos_auth.html"}
{"ts":"2026-04-18 23:26:39","event":"add","file":"/home/aa/work/mumps.io/templates/pages/miomos_desktop.html"}
{"ts":"2026-04-18 23:26:39","event":"add","file":"/home/aa/work/mumps.io/templates/pages/mioos_desktop.html"}
{"ts":"2026-04-18 23:26:39","event":"add","file":"/home/aa/work/mumps.io/templates/pages/plgd_about.html"}
{"ts":"2026-04-18 23:26:39","event":"add","file":"/home/aa/work/mumps.io/templates/pages/plgd_home.html"}
{"ts":"2026-04-18 23:26:39","event":"add","file":"/home/aa/work/mumps.io/templates/pages/plgd_playground.html"}
{"ts":"2026-04-18 23:26:39","event":"add","file":"/home/aa/work/mumps.io/templates/partials/ui_tpl_card_grid.html"}
{"ts":"2026-04-18 23:26:39","event":"add","file":"/home/aa/work/mumps.io/templates/partials/ui_tpl_card_list.html"}
